Archive member included to satisfy reference by file (symbol)

c:/gcc-arm-none-eabi-10.3-2021.10/bin/../lib/gcc/arm-none-eabi/10.3.1/../../../../arm-none-eabi/lib/thumb/v7e-m/nofp\libstdc++.a(del_ops.o)
                              Libraries/FEHIO.o (operator delete(void*, unsigned int))
c:/gcc-arm-none-eabi-10.3-2021.10/bin/../lib/gcc/arm-none-eabi/10.3.1/../../../../arm-none-eabi/lib/thumb/v7e-m/nofp\libstdc++.a(new_op.o)
                              Libraries/FEHIO.o (operator new(unsigned int))
c:/gcc-arm-none-eabi-10.3-2021.10/bin/../lib/gcc/arm-none-eabi/10.3.1/../../../../arm-none-eabi/lib/thumb/v7e-m/nofp\libstdc++.a(bad_alloc.o)
                              c:/gcc-arm-none-eabi-10.3-2021.10/bin/../lib/gcc/arm-none-eabi/10.3.1/../../../../arm-none-eabi/lib/thumb/v7e-m/nofp\libstdc++.a(new_op.o) (std::bad_alloc::~bad_alloc())
c:/gcc-arm-none-eabi-10.3-2021.10/bin/../lib/gcc/arm-none-eabi/10.3.1/../../../../arm-none-eabi/lib/thumb/v7e-m/nofp\libstdc++.a(del_op.o)
                              c:/gcc-arm-none-eabi-10.3-2021.10/bin/../lib/gcc/arm-none-eabi/10.3.1/../../../../arm-none-eabi/lib/thumb/v7e-m/nofp\libstdc++.a(del_ops.o) (operator delete(void*))
c:/gcc-arm-none-eabi-10.3-2021.10/bin/../lib/gcc/arm-none-eabi/10.3.1/../../../../arm-none-eabi/lib/thumb/v7e-m/nofp\libstdc++.a(eh_alloc.o)
                              c:/gcc-arm-none-eabi-10.3-2021.10/bin/../lib/gcc/arm-none-eabi/10.3.1/../../../../arm-none-eabi/lib/thumb/v7e-m/nofp\libstdc++.a(new_op.o) (__cxa_allocate_exception)
c:/gcc-arm-none-eabi-10.3-2021.10/bin/../lib/gcc/arm-none-eabi/10.3.1/../../../../arm-none-eabi/lib/thumb/v7e-m/nofp\libstdc++.a(eh_exception.o)
                              c:/gcc-arm-none-eabi-10.3-2021.10/bin/../lib/gcc/arm-none-eabi/10.3.1/../../../../arm-none-eabi/lib/thumb/v7e-m/nofp\libstdc++.a(bad_alloc.o) (std::exception::~exception())
c:/gcc-arm-none-eabi-10.3-2021.10/bin/../lib/gcc/arm-none-eabi/10.3.1/../../../../arm-none-eabi/lib/thumb/v7e-m/nofp\libstdc++.a(eh_terminate.o)
                              c:/gcc-arm-none-eabi-10.3-2021.10/bin/../lib/gcc/arm-none-eabi/10.3.1/../../../../arm-none-eabi/lib/thumb/v7e-m/nofp\libstdc++.a(eh_alloc.o) (std::terminate())
c:/gcc-arm-none-eabi-10.3-2021.10/bin/../lib/gcc/arm-none-eabi/10.3.1/../../../../arm-none-eabi/lib/thumb/v7e-m/nofp\libstdc++.a(eh_throw.o)
                              c:/gcc-arm-none-eabi-10.3-2021.10/bin/../lib/gcc/arm-none-eabi/10.3.1/../../../../arm-none-eabi/lib/thumb/v7e-m/nofp\libstdc++.a(new_op.o) (__cxa_throw)
c:/gcc-arm-none-eabi-10.3-2021.10/bin/../lib/gcc/arm-none-eabi/10.3.1/../../../../arm-none-eabi/lib/thumb/v7e-m/nofp\libstdc++.a(eh_unex_handler.o)
                              c:/gcc-arm-none-eabi-10.3-2021.10/bin/../lib/gcc/arm-none-eabi/10.3.1/../../../../arm-none-eabi/lib/thumb/v7e-m/nofp\libstdc++.a(eh_terminate.o) (__cxxabiv1::__unexpected_handler)
c:/gcc-arm-none-eabi-10.3-2021.10/bin/../lib/gcc/arm-none-eabi/10.3.1/../../../../arm-none-eabi/lib/thumb/v7e-m/nofp\libstdc++.a(new_handler.o)
                              c:/gcc-arm-none-eabi-10.3-2021.10/bin/../lib/gcc/arm-none-eabi/10.3.1/../../../../arm-none-eabi/lib/thumb/v7e-m/nofp\libstdc++.a(new_op.o) (std::get_new_handler())
c:/gcc-arm-none-eabi-10.3-2021.10/bin/../lib/gcc/arm-none-eabi/10.3.1/../../../../arm-none-eabi/lib/thumb/v7e-m/nofp\libstdc++.a(pure.o)
                              c:/gcc-arm-none-eabi-10.3-2021.10/bin/../lib/gcc/arm-none-eabi/10.3.1/../../../../arm-none-eabi/lib/thumb/v7e-m/nofp\libstdc++.a(eh_exception.o) (__cxa_pure_virtual)
c:/gcc-arm-none-eabi-10.3-2021.10/bin/../lib/gcc/arm-none-eabi/10.3.1/../../../../arm-none-eabi/lib/thumb/v7e-m/nofp\libstdc++.a(si_class_type_info.o)
                              c:/gcc-arm-none-eabi-10.3-2021.10/bin/../lib/gcc/arm-none-eabi/10.3.1/../../../../arm-none-eabi/lib/thumb/v7e-m/nofp\libstdc++.a(bad_alloc.o) (vtable for __cxxabiv1::__si_class_type_info)
c:/gcc-arm-none-eabi-10.3-2021.10/bin/../lib/gcc/arm-none-eabi/10.3.1/../../../../arm-none-eabi/lib/thumb/v7e-m/nofp\libstdc++.a(tinfo.o)
                              c:/gcc-arm-none-eabi-10.3-2021.10/bin/../lib/gcc/arm-none-eabi/10.3.1/../../../../arm-none-eabi/lib/thumb/v7e-m/nofp\libstdc++.a(si_class_type_info.o) (std::type_info::__is_pointer_p() const)
c:/gcc-arm-none-eabi-10.3-2021.10/bin/../lib/gcc/arm-none-eabi/10.3.1/../../../../arm-none-eabi/lib/thumb/v7e-m/nofp\libstdc++.a(vterminate.o)
                              c:/gcc-arm-none-eabi-10.3-2021.10/bin/../lib/gcc/arm-none-eabi/10.3.1/../../../../arm-none-eabi/lib/thumb/v7e-m/nofp\libstdc++.a(eh_terminate.o) (__gnu_cxx::__verbose_terminate_handler())
c:/gcc-arm-none-eabi-10.3-2021.10/bin/../lib/gcc/arm-none-eabi/10.3.1/../../../../arm-none-eabi/lib/thumb/v7e-m/nofp\libstdc++.a(class_type_info.o)
[...]
Memory Configuration

Name             Origin             Length             Attributes
PROGRAM_FLASH    0x0000c000         0x00073c00         xr
SRAM_UPPER       0x20000000         0x00010000         xrw
SRAM_LOWER       0x1fff0000         0x00010000         xrw
*default*        0x00000000         0xffffffff

Linker script and memory map

LOAD c:/gcc-arm-none-eabi-10.3-2021.10/bin/../lib/gcc/arm-none-eabi/10.3.1/thumb/v7e-m/nofp/crti.o
LOAD c:/gcc-arm-none-eabi-10.3-2021.10/bin/../lib/gcc/arm-none-eabi/10.3.1/thumb/v7e-m/nofp/crtbegin.o
LOAD c:/gcc-arm-none-eabi-10.3-2021.10/bin/../lib/gcc/arm-none-eabi/10.3.1/../../../../arm-none-eabi/lib/thumb/v7e-m/nofp/crt0.o
LOAD ../main.o
LOAD Startup/startup_mk60d10.o
LOAD Libraries/FEHMotor.o
LOAD Drivers/mcg.o
LOAD Drivers/i2c.o
LOAD Drivers/spi.o
LOAD Drivers/uart.o
LOAD Drivers/ff.o
LOAD Drivers/SDHC.o
LOAD Drivers/lptmr.o
LOAD FEHProteus.o
LOAD Drivers/FEHPropeller.o
LOAD Libraries/FEHUtility.o
LOAD Libraries/FEHIO.o
LOAD Drivers/adc16.o
LOAD Libraries/FEHBuzzer.o
LOAD Libraries/FEHServo.o
LOAD Libraries/FEHLCD.o
LOAD Libraries/FEHAccel.o
LOAD Libraries/FEHBattery.o
LOAD Drivers/FEHXBee.o
LOAD Libraries/FEHRPS.o
LOAD Libraries/FEHSD.o
LOAD Libraries/FEHRandom.o
LOAD c:/gcc-arm-none-eabi-10.3-2021.10/bin/../lib/gcc/arm-none-eabi/10.3.1/../../../../arm-none-eabi/lib/thumb/v7e-m/nofp\libstdc++.a
LOAD c:/gcc-arm-none-eabi-10.3-2021.10/bin/../lib/gcc/arm-none-eabi/10.3.1/../../../../arm-none-eabi/lib/thumb/v7e-m/nofp\libm.a
START GROUP
LOAD c:/gcc-arm-none-eabi-10.3-2021.10/bin/../lib/gcc/arm-none-eabi/10.3.1/thumb/v7e-m/nofp\libgcc.a
LOAD c:/gcc-arm-none-eabi-10.3-2021.10/bin/../lib/gcc/arm-none-eabi/10.3.1/../../../../arm-none-eabi/lib/thumb/v7e-m/nofp\libg.a
LOAD c:/gcc-arm-none-eabi-10.3-2021.10/bin/../lib/gcc/arm-none-eabi/10.3.1/../../../../arm-none-eabi/lib/thumb/v7e-m/nofp\libc.a
END GROUP
START GROUP
LOAD c:/gcc-arm-none-eabi-10.3-2021.10/bin/../lib/gcc/arm-none-eabi/10.3.1/thumb/v7e-m/nofp\libgcc.a
LOAD c:/gcc-arm-none-eabi-10.3-2021.10/bin/../lib/gcc/arm-none-eabi/10.3.1/../../../../arm-none-eabi/lib/thumb/v7e-m/nofp\libc.a
LOAD c:/gcc-arm-none-eabi-10.3-2021.10/bin/../lib/gcc/arm-none-eabi/10.3.1/../../../../arm-none-eabi/lib/thumb/v7e-m/nofp\libnosys.a
END GROUP
LOAD c:/gcc-arm-none-eabi-10.3-2021.10/bin/../lib/gcc/arm-none-eabi/10.3.1/thumb/v7e-m/nofp/crtend.o
LOAD c:/gcc-arm-none-eabi-10.3-2021.10/bin/../lib/gcc/arm-none-eabi/10.3.1/thumb/v7e-m/nofp/crtn.o
                0x0000c000                __base_PROGRAM_FLASH = 0xc000
                0x0000c000                __base_Flash = 0xc000
                0x0007fc00                __top_PROGRAM_FLASH = 0x7fc00
                0x0007fc00                __top_Flash = 0x7fc00
                0x20000000                __base_SRAM_UPPER = 0x20000000
                0x20000000                __base_RAM = 0x20000000
                0x20010000                __top_SRAM_UPPER = 0x20010000
                0x20010000                __top_RAM = 0x20010000
                0x1fff0000                __base_SRAM_LOWER = 0x1fff0000
                0x1fff0000                __base_RAM2 = 0x1fff0000
                0x20000000                __top_SRAM_LOWER = 0x20000000
                0x20000000                __top_RAM2 = 0x20000000

.text           0x0000c000      0x410
 FILL mask 0xff
                0x0000c000                __vectors_start__ = ABSOLUTE (.)
 *(.isr_vector)
 .isr_vector    0x0000c000      0x1bc Startup/startup_mk60d10.o
                0x0000c000                g_pfnVectors
                0x0000c000                __Vectors
                0x0000c1bc                . = ALIGN (0x4)
                0x0000c1bc                __section_table_start = .
                0x0000c1bc                __data_section_table = .
                0x0000c1bc        0x4 LONG 0x28fd0 LOADADDR (.data)
                0x0000c1c0        0x4 LONG 0x20000000 ADDR (.data)
                0x0000c1c4        0x4 LONG 0x16d0 SIZEOF (.data)
                0x0000c1c8        0x4 LONG 0x28fd0 LOADADDR (.data_RAM2)
                0x0000c1cc        0x4 LONG 0x1fff0000 ADDR (.data_RAM2)
                0x0000c1d0        0x4 LONG 0x0 SIZEOF (.data_RAM2)
                0x0000c1d4                __data_section_table_end = .
                0x0000c1d4                __bss_section_table = .
                0x0000c1d4        0x4 LONG 0x200016d0 ADDR (.bss)
                0x0000c1d8        0x4 LONG 0x748 SIZEOF (.bss)
                0x0000c1dc        0x4 LONG 0x1fff0000 ADDR (.bss_RAM2)
                0x0000c1e0        0x4 LONG 0x0 SIZEOF (.bss_RAM2)
                0x0000c1e4                __bss_section_table_end = .
                0x0000c1e4                __section_table_end = .
 *(.after_vectors*)
 .after_vectors.init_data
                0x0000c1e4       0x42 Startup/startup_mk60d10.o
                0x0000c1e4                data_init(unsigned int, unsigned int, unsigned int)
 .after_vectors.init_bss
                0x0000c226       0x36 Startup/startup_mk60d10.o
                0x0000c226                bss_init(unsigned int, unsigned int)
 .after_vectors.reset
                0x0000c25c       0xb4 Startup/startup_mk60d10.o
                0x0000c25c                ResetISR
 .after_vectors
                0x0000c310       0x3c Startup/startup_mk60d10.o
                0x0000c310                NMI_Handler
                0x0000c316                HardFault_Handler
                0x0000c31c                MemManage_Handler
                0x0000c322                BusFault_Handler
                0x0000c328                UsageFault_Handler
                0x0000c32e                SVC_Handler
                0x0000c334                DebugMon_Handler
                0x0000c33a                PendSV_Handler
                0x0000c340                SysTick_Handler
                0x0000c346                DMA_Error_DriverIRQHandler
                0x0000c346                LPTMR0_DriverIRQHandler
                0x0000c346                FTM1_DriverIRQHandler
                0x0000c346                FTM2_DriverIRQHandler
                0x0000c346                PIT2_DriverIRQHandler
                0x0000c346                SDHC_DriverIRQHandler
                0x0000c346                I2S0_Tx_DriverIRQHandler
                0x0000c346                TSI0_DriverIRQHandler
                0x0000c346                RTC_Seconds_DriverIRQHandler
                0x0000c346                Reserved109_DriverIRQHandler
                0x0000c346                DMA6_DriverIRQHandler
                0x0000c346                LLWU_DriverIRQHandler
                0x0000c346                MCM_DriverIRQHandler
                0x0000c346                MCG_DriverIRQHandler
                0x0000c346                ENET_1588_Timer_DriverIRQHandler
                0x0000c346                DAC1_DriverIRQHandler
                0x0000c346                SPI1_DriverIRQHandler
                0x0000c346                CMP1_DriverIRQHandler
                0x0000c346                UART5_RX_TX_DriverIRQHandler
                0x0000c346                FTM0_DriverIRQHandler
                0x0000c346                IntDefaultHandler
                0x0000c346                USB0_DriverIRQHandler
                0x0000c346                UART5_ERR_DriverIRQHandler
                0x0000c346                DMA11_DriverIRQHandler
                0x0000c346                DAC0_DriverIRQHandler
                0x0000c346                DMA10_DriverIRQHandler
                0x0000c346                CMP2_DriverIRQHandler
                0x0000c346                UART2_ERR_DriverIRQHandler
                0x0000c346                SPI2_DriverIRQHandler
                0x0000c346                LVD_LVW_DriverIRQHandler
                0x0000c346                RNG_DriverIRQHandler
                0x0000c346                DMA12_DriverIRQHandler
                0x0000c346                DMA4_DriverIRQHandler
                0x0000c346                UART2_RX_TX_DriverIRQHandler
                0x0000c346                USBDCD_DriverIRQHandler
                0x0000c346                UART3_ERR_DriverIRQHandler
                0x0000c346                DMA3_DriverIRQHandler
                0x0000c346                DMA8_DriverIRQHandler
                0x0000c346                DMA9_DriverIRQHandler
                0x0000c346                UART0_ERR_DriverIRQHandler
                0x0000c346                CMT_DriverIRQHandler
                0x0000c346                ADC1_DriverIRQHandler
                0x0000c346                DMA14_DriverIRQHandler
                0x0000c346                PIT3_DriverIRQHandler
                0x0000c346                PIT1_DriverIRQHandler
                0x0000c346                WDOG_EWM_DriverIRQHandler
                0x0000c346                PDB0_DriverIRQHandler
                0x0000c346                Reserved95_DriverIRQHandler
                0x0000c346                RTC_DriverIRQHandler
                0x0000c346                I2S0_Rx_DriverIRQHandler
                0x0000c346                Read_Collision_DriverIRQHandler
                0x0000c346                SWI_DriverIRQHandler
                0x0000c346                UART4_RX_TX_DriverIRQHandler
                0x0000c346                UART4_ERR_DriverIRQHandler
                0x0000c346                DMA0_DriverIRQHandler
                0x0000c346                UART0_LON_DriverIRQHandler
                0x0000c346                Reserved102_DriverIRQHandler
                0x0000c346                DMA1_DriverIRQHandler
                0x0000c346                I2C1_DriverIRQHandler
                0x0000c346                UART3_RX_TX_DriverIRQHandler
                0x0000c346                ENET_Receive_DriverIRQHandler
                0x0000c346                DMA13_DriverIRQHandler
                0x0000c346                ENET_Error_DriverIRQHandler
                0x0000c346                DMA15_DriverIRQHandler
                0x0000c346                SPI0_DriverIRQHandler
                0x0000c346                ADC0_DriverIRQHandler
                0x0000c346                FTFL_DriverIRQHandler
                0x0000c346                CMP0_DriverIRQHandler
                0x0000c346                CAN0_DriverIRQHandler
                0x0000c346                Reserved59_DriverIRQHandler
                0x0000c346                DMA5_DriverIRQHandler
                0x0000c346                UART1_ERR_DriverIRQHandler
                0x0000c346                DMA2_DriverIRQHandler
                0x0000c346                ENET_Transmit_DriverIRQHandler
                0x0000c346                I2C0_DriverIRQHandler
                0x0000c346                CAN1_DriverIRQHandler
                0x0000c346                DMA7_DriverIRQHandler
                0x0000c346                UART1_RX_TX_DriverIRQHandler
                0x0000c346                Reserved108_DriverIRQHandler
                0x00000400                . = 0x400
 *fill*         0x0000c34c       0xb4 ff
                0x0000c400                PROVIDE (__FLASH_CONFIG_START__ = .)
 *(.FlashConfig)
 .FlashConfig   0x0000c400       0x10 Startup/startup_mk60d10.o
                0x0000c410                PROVIDE (__FLASH_CONFIG_END__ = .)
                0x00000001                ASSERT (! ((__FLASH_CONFIG_START__ == __FLASH_CONFIG_END__)), Linker Flash Config Support Enabled, but no .FlashConfig section provided within application)

.glue_7         0x0000c410        0x0
 .glue_7        0x0000c410        0x0 linker stubs

.glue_7t        0x0000c410        0x0
 .glue_7t       0x0000c410        0x0 linker stubs

.vfp11_veneer   0x0000c410        0x0
 .vfp11_veneer  0x0000c410        0x0 linker stubs

.v4_bx          0x0000c410        0x0
 .v4_bx         0x0000c410        0x0 linker stubs

.iplt           0x0000c410        0x0
 .iplt          0x0000c410        0x0 c:/gcc-arm-none-eabi-10.3-2021.10/bin/../lib/gcc/arm-none-eabi/10.3.1/thumb/v7e-m/nofp/crtbegin.o

.text           0x0000c440    0x1c910
 *(.text*)
 .text          0x0000c440       0x40 c:/gcc-arm-none-eabi-10.3-2021.10/bin/../lib/gcc/arm-none-eabi/10.3.1/thumb/v7e-m/nofp/crtbegin.o
 .text._Z16projectOntoWheelPdi
                0x0000c480       0x60 ../main.o
                0x0000c480                projectOntoWheel(double*, int)
 .text._Z4stopv
                0x0000c4e0       0x34 ../main.o
                0x0000c4e0                stop()
 .text._Z11setVelocityPd
                0x0000c514       0x6c ../main.o
                0x0000c514                setVelocity(double*)
 .text._Z11setVelocitydd
                0x0000c580       0x50 ../main.o
                0x0000c580                setVelocity(double, double)
 .text._Z11setVelocityid
                0x0000c5d0       0x5c ../main.o
                0x0000c5d0                setVelocity(int, double)
 *fill*         0x0000c62c        0x4 
 .text._Z18setVelocityAndTurnddd
                0x0000c630      0x13c ../main.o
                0x0000c630                setVelocityAndTurn(double, double, double)
 *fill*         0x0000c76c        0x4 
 .text._Z13driveDistanceidd
                0x0000c770      0x14c ../main.o
                0x0000c770                driveDistance(int, double, double)
 *fill*         0x0000c8bc        0x4 
 .text._Z9normalized
                0x0000c8c0       0xb0 ../main.o
                0x0000c8c0                normalize(double)
 .text._Z4goToddddddd
                0x0000c970      0x4e4 ../main.o
                0x0000c970                goTo(double, double, double, double, double, double, double)
 *fill*         0x0000ce54        0x4 
 .text._Z8getColorv
                0x0000ce58       0xac ../main.o
                0x0000ce58                getColor()
 *fill*         0x0000cf04        0x4 
 .text._Z13initializeBotv
                0x0000cf08      0x1d0 ../main.o
                0x0000cf08                initializeBot()
 .text._Z10setRPSValsv
                0x0000d0d8       0x60 ../main.o
                0x0000d0d8                setRPSVals()
 .text.main     0x0000d138      0x130 ../main.o
                0x0000d138                main
 .text._Z41__static_initialization_and_destruction_0ii
                0x0000d268       0x8c ../main.o
 .text._GLOBAL__sub_I_WHEEL_DIRECTIONS
                0x0000d2f4       0x10 ../main.o
 .text.PORTD_IRQHandler
                0x0000d304       0x50 Startup/startup_mk60d10.o
                0x0000d304                PORTD_IRQHandler
 .text._Z15InitPowerButtonv
                0x0000d354       0x60 Startup/startup_mk60d10.o
                0x0000d354                InitPowerButton()
 .text._ZL11pll_init_blv
                0x0000d3b4       0xe0 Startup/startup_mk60d10.o
 .text._Z14InitFEHProteusv
                0x0000d494       0xec Startup/startup_mk60d10.o
                0x0000d494                InitFEHProteus()
 .text.DMA0_IRQHandler
                0x0000d580        0xc Startup/startup_mk60d10.o
                0x0000d580                DMA0_IRQHandler
 .text.DMA1_IRQHandler
                0x0000d58c        0xc Startup/startup_mk60d10.o
                0x0000d58c                DMA1_IRQHandler
 .text.DMA2_IRQHandler
                0x0000d598        0xc Startup/startup_mk60d10.o
                0x0000d598                DMA2_IRQHandler
 .text.DMA3_IRQHandler
                0x0000d5a4        0xc Startup/startup_mk60d10.o
                0x0000d5a4                DMA3_IRQHandler
 .text.DMA4_IRQHandler
                0x0000d5b0        0xc Startup/startup_mk60d10.o
                0x0000d5b0                DMA4_IRQHandler
 .text.DMA5_IRQHandler
                0x0000d5bc        0xc Startup/startup_mk60d10.o
                0x0000d5bc                DMA5_IRQHandler
 .text.DMA6_IRQHandler
                0x0000d5c8        0xc Startup/startup_mk60d10.o
                0x0000d5c8                DMA6_IRQHandler
 .text.DMA7_IRQHandler
                0x0000d5d4        0xc Startup/startup_mk60d10.o
                0x0000d5d4                DMA7_IRQHandler
 .text.DMA8_IRQHandler
                0x0000d5e0        0xc Startup/startup_mk60d10.o
                0x0000d5e0                DMA8_IRQHandler
 .text.DMA9_IRQHandler
                0x0000d5ec        0xc Startup/startup_mk60d10.o
                0x0000d5ec                DMA9_IRQHandler
 .text.DMA10_IRQHandler
                0x0000d5f8        0xc Startup/startup_mk60d10.o
                0x0000d5f8                DMA10_IRQHandler
 .text.DMA11_IRQHandler
                0x0000d604        0xc Startup/startup_mk60d10.o
                0x0000d604                DMA11_IRQHandler
 .text.DMA12_IRQHandler
                0x0000d610        0xc Startup/startup_mk60d10.o
                0x0000d610                DMA12_IRQHandler
 .text.DMA13_IRQHandler
                0x0000d61c        0xc Startup/startup_mk60d10.o
                0x0000d61c                DMA13_IRQHandler
 .text.DMA14_IRQHandler
                0x0000d628        0xc Startup/startup_mk60d10.o
                0x0000d628                DMA14_IRQHandler
 .text.DMA15_IRQHandler
                0x0000d634        0xc Startup/startup_mk60d10.o
                0x0000d634                DMA15_IRQHandler
 .text.DMA_Error_IRQHandler
                0x0000d640        0xc Startup/startup_mk60d10.o
                0x0000d640                DMA_Error_IRQHandler
 .text.MCM_IRQHandler
                0x0000d64c        0xc Startup/startup_mk60d10.o
                0x0000d64c                MCM_IRQHandler
 .text.FTFL_IRQHandler
                0x0000d658        0xc Startup/startup_mk60d10.o
                0x0000d658                FTFL_IRQHandler
 .text.Read_Collision_IRQHandler
                0x0000d664        0xc Startup/startup_mk60d10.o
                0x0000d664                Read_Collision_IRQHandler
 .text.LVD_LVW_IRQHandler
                0x0000d670        0xc Startup/startup_mk60d10.o
                0x0000d670                LVD_LVW_IRQHandler
 .text.LLWU_IRQHandler
                0x0000d67c        0xc Startup/startup_mk60d10.o
                0x0000d67c                LLWU_IRQHandler
 .text.WDOG_EWM_IRQHandler
                0x0000d688        0xc Startup/startup_mk60d10.o
                0x0000d688                WDOG_EWM_IRQHandler
 .text.RNG_IRQHandler
                0x0000d694        0xc Startup/startup_mk60d10.o
                0x0000d694                RNG_IRQHandler
 .text.I2C0_IRQHandler
                0x0000d6a0        0xc Startup/startup_mk60d10.o
                0x0000d6a0                I2C0_IRQHandler
 .text.I2C1_IRQHandler
                0x0000d6ac        0xc Startup/startup_mk60d10.o
                0x0000d6ac                I2C1_IRQHandler
 .text.SPI0_IRQHandler
                0x0000d6b8        0xc Startup/startup_mk60d10.o
                0x0000d6b8                SPI0_IRQHandler
 .text.SPI1_IRQHandler
                0x0000d6c4        0xc Startup/startup_mk60d10.o
                0x0000d6c4                SPI1_IRQHandler
 .text.SPI2_IRQHandler
                0x0000d6d0        0xc Startup/startup_mk60d10.o
                0x0000d6d0                SPI2_IRQHandler
 .text.CAN0_ORed_Message_buffer_IRQHandler
                0x0000d6dc        0xc Startup/startup_mk60d10.o
                0x0000d6dc                CAN0_ORed_Message_buffer_IRQHandler
 .text.CAN0_Bus_Off_IRQHandler
                0x0000d6e8        0xc Startup/startup_mk60d10.o
                0x0000d6e8                CAN0_Bus_Off_IRQHandler
 .text.CAN0_Error_IRQHandler
                0x0000d6f4        0xc Startup/startup_mk60d10.o
                0x0000d6f4                CAN0_Error_IRQHandler
 .text.CAN0_Tx_Warning_IRQHandler
                0x0000d700        0xc Startup/startup_mk60d10.o
                0x0000d700                CAN0_Tx_Warning_IRQHandler
 .text.CAN0_Rx_Warning_IRQHandler
                0x0000d70c        0xc Startup/startup_mk60d10.o
                0x0000d70c                CAN0_Rx_Warning_IRQHandler
 .text.CAN0_Wake_Up_IRQHandler
                0x0000d718        0xc Startup/startup_mk60d10.o
                0x0000d718                CAN0_Wake_Up_IRQHandler
 .text.I2S0_Tx_IRQHandler
                0x0000d724        0xc Startup/startup_mk60d10.o
                0x0000d724                I2S0_Tx_IRQHandler
 .text.I2S0_Rx_IRQHandler
                0x0000d730        0xc Startup/startup_mk60d10.o
                0x0000d730                I2S0_Rx_IRQHandler
 .text.CAN1_ORed_Message_buffer_IRQHandler
                0x0000d73c        0xc Startup/startup_mk60d10.o
                0x0000d73c                CAN1_ORed_Message_buffer_IRQHandler
 .text.CAN1_Bus_Off_IRQHandler
                0x0000d748        0xc Startup/startup_mk60d10.o
                0x0000d748                CAN1_Bus_Off_IRQHandler
 .text.CAN1_Error_IRQHandler
                0x0000d754        0xc Startup/startup_mk60d10.o
                0x0000d754                CAN1_Error_IRQHandler
 .text.CAN1_Tx_Warning_IRQHandler
                0x0000d760        0xc Startup/startup_mk60d10.o
                0x0000d760                CAN1_Tx_Warning_IRQHandler
 .text.CAN1_Rx_Warning_IRQHandler
                0x0000d76c        0xc Startup/startup_mk60d10.o
                0x0000d76c                CAN1_Rx_Warning_IRQHandler
 .text.CAN1_Wake_Up_IRQHandler
                0x0000d778        0xc Startup/startup_mk60d10.o
                0x0000d778                CAN1_Wake_Up_IRQHandler
 .text.Reserved59_IRQHandler
                0x0000d784        0xc Startup/startup_mk60d10.o
                0x0000d784                Reserved59_IRQHandler
 .text.UART0_LON_IRQHandler
                0x0000d790        0xc Startup/startup_mk60d10.o
                0x0000d790                UART0_LON_IRQHandler
 .text.UART0_ERR_IRQHandler
                0x0000d79c        0xc Startup/startup_mk60d10.o
                0x0000d79c                UART0_ERR_IRQHandler
 .text.UART1_RX_TX_IRQHandler
                0x0000d7a8        0xc Startup/startup_mk60d10.o
                0x0000d7a8                UART1_RX_TX_IRQHandler
 .text.UART1_ERR_IRQHandler
                0x0000d7b4        0xc Startup/startup_mk60d10.o
                0x0000d7b4                UART1_ERR_IRQHandler
 .text.UART2_RX_TX_IRQHandler
                0x0000d7c0        0xc Startup/startup_mk60d10.o
                0x0000d7c0                UART2_RX_TX_IRQHandler
 .text.UART2_ERR_IRQHandler
                0x0000d7cc        0xc Startup/startup_mk60d10.o
                0x0000d7cc                UART2_ERR_IRQHandler
 .text.UART3_RX_TX_IRQHandler
                0x0000d7d8        0xc Startup/startup_mk60d10.o
                0x0000d7d8                UART3_RX_TX_IRQHandler
 .text.UART3_ERR_IRQHandler
                0x0000d7e4        0xc Startup/startup_mk60d10.o
                0x0000d7e4                UART3_ERR_IRQHandler
 .text.UART4_RX_TX_IRQHandler
                0x0000d7f0        0xc Startup/startup_mk60d10.o
                0x0000d7f0                UART4_RX_TX_IRQHandler
 .text.UART4_ERR_IRQHandler
                0x0000d7fc        0xc Startup/startup_mk60d10.o
                0x0000d7fc                UART4_ERR_IRQHandler
 .text.UART5_RX_TX_IRQHandler
                0x0000d808        0xc Startup/startup_mk60d10.o
                0x0000d808                UART5_RX_TX_IRQHandler
 .text.UART5_ERR_IRQHandler
                0x0000d814        0xc Startup/startup_mk60d10.o
                0x0000d814                UART5_ERR_IRQHandler
 .text.ADC0_IRQHandler
                0x0000d820        0xc Startup/startup_mk60d10.o
                0x0000d820                ADC0_IRQHandler
 .text.ADC1_IRQHandler
                0x0000d82c        0xc Startup/startup_mk60d10.o
                0x0000d82c                ADC1_IRQHandler
 .text.CMP0_IRQHandler
                0x0000d838        0xc Startup/startup_mk60d10.o
                0x0000d838                CMP0_IRQHandler
 .text.CMP1_IRQHandler
                0x0000d844        0xc Startup/startup_mk60d10.o
                0x0000d844                CMP1_IRQHandler
 .text.CMP2_IRQHandler
                0x0000d850        0xc Startup/startup_mk60d10.o
                0x0000d850                CMP2_IRQHandler
 .text.FTM0_IRQHandler
                0x0000d85c        0xc Startup/startup_mk60d10.o
                0x0000d85c                FTM0_IRQHandler
 .text.FTM1_IRQHandler
                0x0000d868        0xc Startup/startup_mk60d10.o
                0x0000d868                FTM1_IRQHandler
 .text.FTM2_IRQHandler
                0x0000d874        0xc Startup/startup_mk60d10.o
                0x0000d874                FTM2_IRQHandler
 .text.CMT_IRQHandler
                0x0000d880        0xc Startup/startup_mk60d10.o
                0x0000d880                CMT_IRQHandler
 .text.RTC_IRQHandler
                0x0000d88c        0xc Startup/startup_mk60d10.o
                0x0000d88c                RTC_IRQHandler
 .text.RTC_Seconds_IRQHandler
                0x0000d898        0xc Startup/startup_mk60d10.o
                0x0000d898                RTC_Seconds_IRQHandler
 .text.PIT1_IRQHandler
                0x0000d8a4        0xc Startup/startup_mk60d10.o
                0x0000d8a4                PIT1_IRQHandler
 .text.PIT2_IRQHandler
                0x0000d8b0        0xc Startup/startup_mk60d10.o
                0x0000d8b0                PIT2_IRQHandler
 .text.PIT3_IRQHandler
                0x0000d8bc        0xc Startup/startup_mk60d10.o
                0x0000d8bc                PIT3_IRQHandler
 .text.PDB0_IRQHandler
                0x0000d8c8        0xc Startup/startup_mk60d10.o
                0x0000d8c8                PDB0_IRQHandler
 .text.USB0_IRQHandler
                0x0000d8d4        0xc Startup/startup_mk60d10.o
                0x0000d8d4                USB0_IRQHandler
 .text.USBDCD_IRQHandler
                0x0000d8e0        0xc Startup/startup_mk60d10.o
                0x0000d8e0                USBDCD_IRQHandler
 .text.ENET_1588_Timer_IRQHandler
                0x0000d8ec        0xc Startup/startup_mk60d10.o
                0x0000d8ec                ENET_1588_Timer_IRQHandler
 .text.ENET_Transmit_IRQHandler
                0x0000d8f8        0xc Startup/startup_mk60d10.o
                0x0000d8f8                ENET_Transmit_IRQHandler
 .text.ENET_Receive_IRQHandler
                0x0000d904        0xc Startup/startup_mk60d10.o
                0x0000d904                ENET_Receive_IRQHandler
 .text.ENET_Error_IRQHandler
                0x0000d910        0xc Startup/startup_mk60d10.o
                0x0000d910                ENET_Error_IRQHandler
 .text.Reserved95_IRQHandler
                0x0000d91c        0xc Startup/startup_mk60d10.o
                0x0000d91c                Reserved95_IRQHandler
 .text.SDHC_IRQHandler
                0x0000d928        0xc Startup/startup_mk60d10.o
                0x0000d928                SDHC_IRQHandler
 .text.DAC0_IRQHandler
                0x0000d934        0xc Startup/startup_mk60d10.o
                0x0000d934                DAC0_IRQHandler
 .text.DAC1_IRQHandler
                0x0000d940        0xc Startup/startup_mk60d10.o
                0x0000d940                DAC1_IRQHandler
 .text.TSI0_IRQHandler
                0x0000d94c        0xc Startup/startup_mk60d10.o
                0x0000d94c                TSI0_IRQHandler
 .text.MCG_IRQHandler
                0x0000d958        0xc Startup/startup_mk60d10.o
                0x0000d958                MCG_IRQHandler
 .text.LPTMR0_IRQHandler
                0x0000d964        0xc Startup/startup_mk60d10.o
                0x0000d964                LPTMR0_IRQHandler
 .text.Reserved102_IRQHandler
                0x0000d970        0xc Startup/startup_mk60d10.o
                0x0000d970                Reserved102_IRQHandler
 .text.Reserved108_IRQHandler
                0x0000d97c        0xc Startup/startup_mk60d10.o
                0x0000d97c                Reserved108_IRQHandler
 .text.Reserved109_IRQHandler
                0x0000d988        0xc Startup/startup_mk60d10.o
                0x0000d988                Reserved109_IRQHandler
 .text.SWI_IRQHandler
                0x0000d994        0xc Startup/startup_mk60d10.o
                0x0000d994                SWI_IRQHandler
 .text._ZN8FEHMotorC2ENS_12FEHMotorPortEf
                0x0000d9a0       0x7c Libraries/FEHMotor.o
                0x0000d9a0                FEHMotor::FEHMotor(FEHMotor::FEHMotorPort, float)
                0x0000d9a0                FEHMotor::FEHMotor(FEHMotor::FEHMotorPort, float)
 .text._ZN8FEHMotor4StopEv
                0x0000da1c       0x30 Libraries/FEHMotor.o
                0x0000da1c                FEHMotor::Stop()
 .text._ZN8FEHMotor8SetPowerEi
                0x0000da4c       0x54 Libraries/FEHMotor.o
                0x0000da4c                FEHMotor::SetPower(int)
 .text._ZN8FEHMotor10SetPercentEf
                0x0000daa0       0xf8 Libraries/FEHMotor.o
                0x0000daa0                FEHMotor::SetPercent(float)
 .text._Z21IIC_StartTransmissionhh
                0x0000db98       0x6c Drivers/i2c.o
                0x0000db98                IIC_StartTransmission(unsigned char, unsigned char)
 .text._Z5Pausev
                0x0000dc04       0x24 Drivers/i2c.o
                0x0000dc04                Pause()
 .text._Z21MMA8451QWriteRegisterhh
                0x0000dc28       0x68 Drivers/i2c.o
                0x0000dc28                MMA8451QWriteRegister(unsigned char, unsigned char)
 .text._Z8i2c_Waitv
                0x0000dc90       0x6c Drivers/i2c.o
                0x0000dc90                i2c_Wait()
 .text._Z12SPI_SendCharh
                0x0000dcfc       0x1a Drivers/spi.o
                0x0000dcfc                SPI_SendChar(unsigned char)
 .text._Z16SPI_WriteCommandhh
                0x0000dd16       0x34 Drivers/spi.o
                0x0000dd16                SPI_WriteCommand(unsigned char, unsigned char)
 .text._Z11SPI_GetCharv
                0x0000dd4a       0x10 Drivers/spi.o
                0x0000dd4a                SPI_GetChar()
 .text._Z15SPI_ReadCommandh
                0x0000dd5a       0x38 Drivers/spi.o
                0x0000dd5a                SPI_ReadCommand(unsigned char)
 *fill*         0x0000dd92        0x2 
 .text._Z13SPI_CS_Assertv
                0x0000dd94       0x1c Drivers/spi.o
                0x0000dd94                SPI_CS_Assert()
 .text._Z15SPI_CS_Deassertv
                0x0000ddb0       0x1c Drivers/spi.o
                0x0000ddb0                SPI_CS_Deassert()
 .text._Z12SPI_Transferh
                0x0000ddcc       0x6c Drivers/spi.o
                0x0000ddcc                SPI_Transfer(unsigned char)
 .text._Z8SPI_Initv
                0x0000de38       0xa0 Drivers/spi.o
                0x0000de38                SPI_Init()
 .text._Z9uart_initPV11UART_MemMapii
                0x0000ded8      0x174 Drivers/uart.o
                0x0000ded8                uart_init(UART_MemMap volatile*, int, int)
 .text._Z12uart_getcharPV11UART_MemMap
                0x0000e04c       0x32 Drivers/uart.o
                0x0000e04c                uart_getchar(UART_MemMap volatile*)
 .text._Z12uart_putcharPV11UART_MemMapc
                0x0000e07e       0x32 Drivers/uart.o
                0x0000e07e                uart_putchar(UART_MemMap volatile*, char)
 .text._ZL7mem_cpyPvPKvj
                0x0000e0b0       0x44 Drivers/ff.o
 .text._ZL7mem_setPvij
                0x0000e0f4       0x3c Drivers/ff.o
 .text._ZL7mem_cmpPKvS0_j
                0x0000e130       0x56 Drivers/ff.o
 .text._ZL7chk_chrPKci
                0x0000e186       0x34 Drivers/ff.o
 .text._ZL11move_windowP5FATFSm
                0x0000e1ba       0xc8 Drivers/ff.o
 .text._ZL4syncP5FATFS
                0x0000e282      0x14c Drivers/ff.o
 .text._Z10clust2sectP5FATFSm
                0x0000e3ce       0x3c Drivers/ff.o
                0x0000e3ce                clust2sect(FATFS*, unsigned long)
 .text._Z7get_fatP5FATFSm
                0x0000e40a      0x192 Drivers/ff.o
                0x0000e40a                get_fat(FATFS*, unsigned long)
 .text._Z7put_fatP5FATFSmm
                0x0000e59c      0x20a Drivers/ff.o
                0x0000e59c                put_fat(FATFS*, unsigned long, unsigned long)
 .text._ZL12remove_chainP5FATFSm
                0x0000e7a6       0x9c Drivers/ff.o
 .text._ZL12create_chainP5FATFSm
                0x0000e842      0x112 Drivers/ff.o
 .text._ZL7dir_sdiP3DIRt
                0x0000e954      0x100 Drivers/ff.o
 .text._ZL8dir_nextP3DIRi
                0x0000ea54      0x1b6 Drivers/ff.o
 .text._ZL8dir_findP3DIR
                0x0000ec0a       0xa0 Drivers/ff.o
 .text._ZL12dir_registerP3DIR
                0x0000ecaa       0xae Drivers/ff.o
 .text._ZL11create_nameP3DIRPPKc
                0x0000ed58      0x1f4 Drivers/ff.o
 .text._ZL11follow_pathP3DIRPKc
                0x0000ef4c      0x12c Drivers/ff.o
 .text._ZL8check_fsP5FATFSm
                0x0000f078       0xd8 Drivers/ff.o
 .text._ZL11chk_mountedPPKcPP5FATFSh
                0x0000f150      0x534 Drivers/ff.o
 .text._ZL8validateP5FATFSt
                0x0000f684       0x54 Drivers/ff.o
 .text._Z7f_mounthP5FATFS
                0x0000f6d8       0x54 Drivers/ff.o
                0x0000f6d8                f_mount(unsigned char, FATFS*)
 .text._Z6f_openP3FILPKch
                0x0000f72c      0x2de Drivers/ff.o
                0x0000f72c                f_open(FIL*, char const*, unsigned char)
 .text._Z6f_syncP3FIL
                0x0000fa0a      0x186 Drivers/ff.o
                0x0000fa0a                f_sync(FIL*)
 .text._Z7f_closeP3FIL
                0x0000fb90       0x28 Drivers/ff.o
                0x0000fb90                f_close(FIL*)
 .text._ZL17SDHC_set_baudratemm
                0x0000fbb8       0xe8 Drivers/SDHC.o
 .text._Z9SDHC_initP17esdhc_info_structPK17esdhc_init_struct
                0x0000fca0      0x130 Drivers/SDHC.o
                0x0000fca0                SDHC_init(esdhc_info_struct*, esdhc_init_struct const*)
 .text._ZL15SDHC_is_runningv
                0x0000fdd0       0x24 Drivers/SDHC.o
 .text._ZL16SDHC_status_waitm
                0x0000fdf4       0x2c Drivers/SDHC.o
 .text._ZL17SDHC_send_commandP20esdhc_command_struct
                0x0000fe20      0x1f8 Drivers/SDHC.o
 .text._Z10SDHC_ioctlmPv
                0x00010018      0x6f0 Drivers/SDHC.o
                0x00010018                SDHC_ioctl(unsigned long, void*)
 .text._Z15disk_initializeh
                0x00010708      0x384 Drivers/SDHC.o
                0x00010708                disk_initialize(unsigned char)
 .text._ZL14rcvr_datablockPhm
                0x00010a8c       0xf0 Drivers/SDHC.o
 .text._Z9disk_readhPhmh
                0x00010b7c      0x124 Drivers/SDHC.o
                0x00010b7c                disk_read(unsigned char, unsigned char*, unsigned long, unsigned char)
 .text._ZL14xmit_datablockPKhm
                0x00010ca0       0xa4 Drivers/SDHC.o
 .text._Z10disk_writehPKhmh
                0x00010d44      0x198 Drivers/SDHC.o
                0x00010d44                disk_write(unsigned char, unsigned char const*, unsigned long, unsigned char)
 .text._Z10disk_ioctlhhPv
                0x00010edc      0x104 Drivers/SDHC.o
                0x00010edc                disk_ioctl(unsigned char, unsigned char, void*)
 .text._Z11disk_statush
                0x00010fe0       0x28 Drivers/SDHC.o
                0x00010fe0                disk_status(unsigned char)
 .text._Z13time_delay_msm
                0x00011008       0x6c Drivers/lptmr.o
                0x00011008                time_delay_ms(unsigned long)
 .text._Z41__static_initialization_and_destruction_0ii
                0x00011074       0x2c FEHProteus.o
 .text._GLOBAL__sub_I_Propeller
                0x000110a0       0x10 FEHProteus.o
 .text._ZN12FEHPropellerC2Ev
                0x000110b0       0x1a Drivers/FEHPropeller.o
                0x000110b0                FEHPropeller::FEHPropeller()
                0x000110b0                FEHPropeller::FEHPropeller()
 *fill*         0x000110ca        0x2 
 .text._ZN12FEHPropeller10InitializeEv
                0x000110cc       0x74 Drivers/FEHPropeller.o
                0x000110cc                FEHPropeller::Initialize()
 .text._ZN12FEHPropeller12SetMotorRateEhhh
                0x00011140       0x5c Drivers/FEHPropeller.o
                0x00011140                FEHPropeller::SetMotorRate(unsigned char, unsigned char, unsigned char)
 .text._ZL5Delaymjj
                0x0001119c       0x94 Libraries/FEHUtility.o
 .text._Z5Sleepi
                0x00011230       0x2c Libraries/FEHUtility.o
                0x00011230                Sleep(int)
 .text._Z5Sleepd
                0x0001125c       0x4c Libraries/FEHUtility.o
                0x0001125c                Sleep(double)
 .text._Z7TimeNowv
                0x000112a8       0x5c Libraries/FEHUtility.o
                0x000112a8                TimeNow()
 .text._Z11TimeNowMSecv
                0x00011304       0x38 Libraries/FEHUtility.o
                0x00011304                TimeNowMSec()
 .text._ZN14DigitalEncoderC2EN5FEHIO8FEHIOPinE
                0x0001133c       0x26 Libraries/FEHIO.o
                0x0001133c                DigitalEncoder::DigitalEncoder(FEHIO::FEHIOPin)
                0x0001133c                DigitalEncoder::DigitalEncoder(FEHIO::FEHIOPin)
 *fill*         0x00011362        0x2 
 .text._Z10enable_irqi
                0x00011364      0x11c Libraries/FEHIO.o
                0x00011364                enable_irq(int)
 .text._ZN14DigitalEncoder10InitializeEN5FEHIO8FEHIOPinENS0_21FEHIOInterruptTriggerE
                0x00011480      0x1a8 Libraries/FEHIO.o
                0x00011480                DigitalEncoder::Initialize(FEHIO::FEHIOPin, FEHIO::FEHIOInterruptTrigger)
 .text._Z16PORTB_IRQHandlerv
                0x00011628       0x9c Libraries/FEHIO.o
                0x00011628                PORTB_IRQHandler()
 .text._Z16PORTC_IRQHandlerv
                0x000116c4       0x9c Libraries/FEHIO.o
                0x000116c4                PORTC_IRQHandler()
 .text._Z16PORTA_IRQHandlerv
                0x00011760       0xa0 Libraries/FEHIO.o
                0x00011760                PORTA_IRQHandler()
 .text._Z16PORTE_IRQHandlerv
                0x00011800       0x98 Libraries/FEHIO.o
                0x00011800                PORTE_IRQHandler()
 .text._ZN14DigitalEncoder6CountsEv
                0x00011898       0x24 Libraries/FEHIO.o
                0x00011898                DigitalEncoder::Counts()
 .text._ZN14DigitalEncoder11ResetCountsEv
                0x000118bc       0x24 Libraries/FEHIO.o
                0x000118bc                DigitalEncoder::ResetCounts()
 .text._ZN14AnalogInputPinC2EN5FEHIO8FEHIOPinE
                0x000118e0       0x1e Libraries/FEHIO.o
                0x000118e0                AnalogInputPin::AnalogInputPin(FEHIO::FEHIOPin)
                0x000118e0                AnalogInputPin::AnalogInputPin(FEHIO::FEHIOPin)
 *fill*         0x000118fe        0x2 
 .text._ZN14AnalogInputPin5ValueEv
                0x00011900      0x120 Libraries/FEHIO.o
                0x00011900                AnalogInputPin::Value()
 .text._ZN13AnalogEncoder12EncoderValueEv
                0x00011a20       0xb0 Libraries/FEHIO.o
                0x00011a20                AnalogEncoder::EncoderValue()
 .text._ZN14AnalogInputPin8InitADCsEv
                0x00011ad0       0x98 Libraries/FEHIO.o
                0x00011ad0                AnalogInputPin::InitADCs()
 .text._Z15PIT0_IRQHandlerv
                0x00011b68       0x28 Libraries/FEHIO.o
                0x00011b68                PIT0_IRQHandler()
 .text._ZN13AnalogEncoder4InitEv
                0x00011b90       0x44 Libraries/FEHIO.o
                0x00011b90                AnalogEncoder::Init()
 .text._ZN13AnalogEncoder14SetCounterInitEj
                0x00011bd4       0x20 Libraries/FEHIO.o
                0x00011bd4                AnalogEncoder::SetCounterInit(unsigned int)
 .text._ZN13AnalogEncoder10ProcessIntEv
                0x00011bf4       0x68 Libraries/FEHIO.o
                0x00011bf4                AnalogEncoder::ProcessInt()
 .text._ZN13AnalogEncoder14ProcessIntSelfEv
                0x00011c5c       0x6e Libraries/FEHIO.o
                0x00011c5c                AnalogEncoder::ProcessIntSelf()
 .text._Z7ADC_CalPV10ADC_MemMap
                0x00011cca      0x13e Drivers/adc16.o
                0x00011cca                ADC_Cal(ADC_MemMap volatile*)
 .text._Z14ADC_Config_AltPV10ADC_MemMapP7adc_cfg
                0x00011e08       0x6c Drivers/adc16.o
                0x00011e08                ADC_Config_Alt(ADC_MemMap volatile*, adc_cfg*)
 .text._ZN9FEHBuzzerC2Ev
                0x00011e74       0x14 Libraries/FEHBuzzer.o
                0x00011e74                FEHBuzzer::FEHBuzzer()
                0x00011e74                FEHBuzzer::FEHBuzzer()
 .text._Z41__static_initialization_and_destruction_0ii
                0x00011e88       0x2c Libraries/FEHBuzzer.o
 .text._GLOBAL__sub_I_Buzzer
                0x00011eb4       0x10 Libraries/FEHBuzzer.o
 .text._ZN8FEHServoC2ENS_12FEHServoPortE
                0x00011ec4       0x38 Libraries/FEHServo.o
                0x00011ec4                FEHServo::FEHServo(FEHServo::FEHServoPort)
                0x00011ec4                FEHServo::FEHServo(FEHServo::FEHServoPort)
 .text._ZN8FEHServo6SetMinEi
                0x00011efc       0x3a Libraries/FEHServo.o
                0x00011efc                FEHServo::SetMin(int)
 .text._ZN8FEHServo6SetMaxEi
                0x00011f36       0x3a Libraries/FEHServo.o
                0x00011f36                FEHServo::SetMax(int)
 .text._ZN8FEHServo9SetDegreeEf
                0x00011f70       0xf8 Libraries/FEHServo.o
                0x00011f70                FEHServo::SetDegree(float)
 .text._ZN6FEHLCD11_InitializeEv
                0x00012068      0x410 Libraries/FEHLCD.o
                0x00012068                FEHLCD::_Initialize()
 .text._ZN6FEHLCDC2Ev
                0x00012478       0x50 Libraries/FEHLCD.o
                0x00012478                FEHLCD::FEHLCD()
                0x00012478                FEHLCD::FEHLCD()
 .text._ZN6FEHLCD10InitializeEv
                0x000124c8       0x28 Libraries/FEHLCD.o
                0x000124c8                FEHLCD::Initialize()
 .text._ZN6FEHLCD10PrintImageEii
                0x000124f0       0xbc Libraries/FEHLCD.o
                0x000124f0                FEHLCD::PrintImage(int, int)
 .text._ZN6FEHLCD9PrintLogoEii
                0x000125ac       0xbc Libraries/FEHLCD.o
                0x000125ac                FEHLCD::PrintLogo(int, int)
 .text._ZN6FEHLCD22ConvertFEHColorTo24BitENS_11FEHLCDColorE
                0x00012668       0x78 Libraries/FEHLCD.o
                0x00012668                FEHLCD::ConvertFEHColorTo24Bit(FEHLCD::FEHLCDColor)
 .text._ZN6FEHLCD24Convert24BitColorTo16BitEj
                0x000126e0       0x30 Libraries/FEHLCD.o
                0x000126e0                FEHLCD::Convert24BitColorTo16Bit(unsigned int)
 .text._ZN6FEHLCD22ConvertRGBColorTo16BitEhhh
                0x00012710       0x4a Libraries/FEHLCD.o
                0x00012710                FEHLCD::ConvertRGBColorTo16Bit(unsigned char, unsigned char, unsigned char)
 .text._ZN6FEHLCD5ClearENS_11FEHLCDColorE
                0x0001275a       0x28 Libraries/FEHLCD.o
                0x0001275a                FEHLCD::Clear(FEHLCD::FEHLCDColor)
 .text._ZN6FEHLCD5ClearEj
                0x00012782       0x2c Libraries/FEHLCD.o
                0x00012782                FEHLCD::Clear(unsigned int)
 .text._ZN6FEHLCD5ClearEv
                0x000127ae       0x16 Libraries/FEHLCD.o
                0x000127ae                FEHLCD::Clear()
 .text._ZN6FEHLCD18SetBackgroundColorENS_11FEHLCDColorE
                0x000127c4       0x28 Libraries/FEHLCD.o
                0x000127c4                FEHLCD::SetBackgroundColor(FEHLCD::FEHLCDColor)
 .text._ZN6FEHLCD18SetBackgroundColorEj
                0x000127ec       0x26 Libraries/FEHLCD.o
                0x000127ec                FEHLCD::SetBackgroundColor(unsigned int)
 .text._ZN6FEHLCD12SetFontColorENS_11FEHLCDColorE
                0x00012812       0x28 Libraries/FEHLCD.o
                0x00012812                FEHLCD::SetFontColor(FEHLCD::FEHLCDColor)
 .text._ZN6FEHLCD12SetFontColorEj
                0x0001283a       0x26 Libraries/FEHLCD.o
                0x0001283a                FEHLCD::SetFontColor(unsigned int)
 .text._ZN6FEHLCD7WriteAtEPKcii
                0x00012860       0x46 Libraries/FEHLCD.o
                0x00012860                FEHLCD::WriteAt(char const*, int, int)
 .text._ZN6FEHLCD11TS_SPI_InitEv
                0x000128a6       0x7c Libraries/FEHLCD.o
                0x000128a6                FEHLCD::TS_SPI_Init()
 *fill*         0x00012922        0x6 
 .text._ZN6FEHLCD5TouchEPfS0_
                0x00012928      0x1fc Libraries/FEHLCD.o
                0x00012928                FEHLCD::Touch(float*, float*)
 .text._ZN6FEHLCD3absEi
                0x00012b24       0x22 Libraries/FEHLCD.o
                0x00012b24                FEHLCD::abs(int)
 .text._ZN6FEHLCD5WriteEPKc
                0x00012b46       0x4e Libraries/FEHLCD.o
                0x00012b46                FEHLCD::Write(char const*)
 .text._ZN6FEHLCD5WriteEi
                0x00012b94       0x30 Libraries/FEHLCD.o
                0x00012b94                FEHLCD::Write(int)
 .text._ZN6FEHLCD5WriteEf
                0x00012bc4       0xc0 Libraries/FEHLCD.o
                0x00012bc4                FEHLCD::Write(float)
 .text._ZN6FEHLCD5WriteEd
                0x00012c84       0x26 Libraries/FEHLCD.o
                0x00012c84                FEHLCD::Write(double)
 .text._ZN6FEHLCD5WriteEc
                0x00012caa       0x30 Libraries/FEHLCD.o
                0x00012caa                FEHLCD::Write(char)
 .text._ZN6FEHLCD9WriteLineEPKc
                0x00012cda       0x26 Libraries/FEHLCD.o
                0x00012cda                FEHLCD::WriteLine(char const*)
 .text._ZN6FEHLCD9WriteLineEd
                0x00012d00       0x2a Libraries/FEHLCD.o
                0x00012d00                FEHLCD::WriteLine(double)
 .text._ZN6FEHLCD9WriteLineEc
                0x00012d2a       0x2a Libraries/FEHLCD.o
                0x00012d2a                FEHLCD::WriteLine(char)
 .text._ZN6FEHLCD10WriteIndexEh
                0x00012d54      0x14c Libraries/FEHLCD.o
                0x00012d54                FEHLCD::WriteIndex(unsigned char)
 .text._ZN6FEHLCD14WriteParameterEh
                0x00012ea0      0x130 Libraries/FEHLCD.o
                0x00012ea0                FEHLCD::WriteParameter(unsigned char)
 .text._ZN6FEHLCD6_ClearEv
                0x00012fd0      0x15c Libraries/FEHLCD.o
                0x00012fd0                FEHLCD::_Clear()
 .text._ZN6FEHLCD8NextLineEv
                0x0001312c       0x2a Libraries/FEHLCD.o
                0x0001312c                FEHLCD::NextLine()
 .text._ZN6FEHLCD9CheckLineEv
                0x00013156       0x28 Libraries/FEHLCD.o
                0x00013156                FEHLCD::CheckLine()
 .text._ZN6FEHLCD8NextCharEv
                0x0001317e       0x32 Libraries/FEHLCD.o
                0x0001317e                FEHLCD::NextChar()
 .text._ZN6FEHLCD9DrawPixelEii
                0x000131b0       0x2a Libraries/FEHLCD.o
                0x000131b0                FEHLCD::DrawPixel(int, int)
 .text._Z4SwapRiS_
                0x000131da       0x28 Libraries/FEHLCD.o
                0x000131da                Swap(int&, int&)
 .text._ZN6FEHLCD13DrawRectangleEiiii
                0x00013202       0x7c Libraries/FEHLCD.o
                0x00013202                FEHLCD::DrawRectangle(int, int, int, int)
 .text._ZN6FEHLCD13SetDrawRegionEiiii
                0x0001327e       0xfe Libraries/FEHLCD.o
                0x0001327e                FEHLCD::SetDrawRegion(int, int, int, int)
 .text._ZN6FEHLCD8DrawLineEiiii
                0x0001337c      0x14c Libraries/FEHLCD.o
                0x0001337c                FEHLCD::DrawLine(int, int, int, int)
 .text._ZN6FEHLCD9WriteCharEiic
                0x000134c8       0x34 Libraries/FEHLCD.o
                0x000134c8                FEHLCD::WriteChar(int, int, char)
 .text._ZN6FEHLCD11WriteCharAtEiic
                0x000134fc      0x214 Libraries/FEHLCD.o
                0x000134fc                FEHLCD::WriteCharAt(int, int, char)
 .text._ZN6FEHLCD11RepeatColorEv
                0x00013710       0x70 Libraries/FEHLCD.o
                0x00013710                FEHLCD::RepeatColor()
 .text._ZN6FEHLCD10_ForePixelEv
                0x00013780       0xc4 Libraries/FEHLCD.o
                0x00013780                FEHLCD::_ForePixel()
 .text._ZN6FEHLCD10_BackPixelEv
                0x00013844       0xc4 Libraries/FEHLCD.o
                0x00013844                FEHLCD::_BackPixel()
 .text._ZN6FEHLCD22SetRegisterColorValuesEv
                0x00013908      0x336 Libraries/FEHLCD.o
                0x00013908                FEHLCD::SetRegisterColorValues()
 .text._ZN7FEHIcon4IconC2Ev
                0x00013c3e       0x14 Libraries/FEHLCD.o
                0x00013c3e                FEHIcon::Icon::Icon()
                0x00013c3e                FEHIcon::Icon::Icon()
 .text._ZN7FEHIcon4Icon13SetPropertiesEPciiiijj
                0x00013c52       0x6a Libraries/FEHLCD.o
                0x00013c52                FEHIcon::Icon::SetProperties(char*, int, int, int, int, unsigned int, unsigned int)
 .text._ZN7FEHIcon4Icon4DrawEv
                0x00013cbc       0x90 Libraries/FEHLCD.o
                0x00013cbc                FEHIcon::Icon::Draw()
 .text._ZN7FEHIcon4Icon6SelectEv
                0x00013d4c       0x90 Libraries/FEHLCD.o
                0x00013d4c                FEHIcon::Icon::Select()
 .text._ZN7FEHIcon4Icon8DeselectEv
                0x00013ddc       0x8c Libraries/FEHLCD.o
                0x00013ddc                FEHIcon::Icon::Deselect()
 .text._ZN7FEHIcon4Icon7PressedEffi
                0x00013e68      0x13c Libraries/FEHLCD.o
                0x00013e68                FEHIcon::Icon::Pressed(float, float, int)
 .text._ZN7FEHIcon4Icon12WhilePressedEff
                0x00013fa4       0x50 Libraries/FEHLCD.o
                0x00013fa4                FEHIcon::Icon::WhilePressed(float, float)
 .text._ZN7FEHIcon13DrawIconArrayEPNS_4IconEiiiiiiPA20_cjj
                0x00013ff4      0x168 Libraries/FEHLCD.o
                0x00013ff4                FEHIcon::DrawIconArray(FEHIcon::Icon*, int, int, int, int, int, int, char (*) [20], unsigned int, unsigned int)
 .text._Z41__static_initialization_and_destruction_0ii
                0x0001415c       0x2c Libraries/FEHLCD.o
 .text._GLOBAL__sub_I_image
                0x00014188       0x10 Libraries/FEHLCD.o
 .text._ZN8FEHAccelC2Ev
                0x00014198       0x70 Libraries/FEHAccel.o
                0x00014198                FEHAccel::FEHAccel()
                0x00014198                FEHAccel::FEHAccel()
 .text._Z41__static_initialization_and_destruction_0ii
                0x00014208       0x2c Libraries/FEHAccel.o
 .text._GLOBAL__sub_I_Accel
                0x00014234       0x10 Libraries/FEHAccel.o
 .text._ZN10FEHBatteryC2EN5FEHIO8FEHIOPinE
                0x00014244       0x22 Libraries/FEHBattery.o
                0x00014244                FEHBattery::FEHBattery(FEHIO::FEHIOPin)
                0x00014244                FEHBattery::FEHBattery(FEHIO::FEHIOPin)
 *fill*         0x00014266        0x2 
 .text._Z41__static_initialization_and_destruction_0ii
                0x00014268       0x30 Libraries/FEHBattery.o
 .text._GLOBAL__sub_I_Battery
                0x00014298       0x10 Libraries/FEHBattery.o
 .text._ZN7FEHXBeeC2Ev
                0x000142a8       0x1a Drivers/FEHXBee.o
                0x000142a8                FEHXBee::FEHXBee()
                0x000142a8                FEHXBee::FEHXBee()
 *fill*         0x000142c2        0x2 
 .text._ZN7FEHXBee10InitializeEv
                0x000142c4       0xdc Drivers/FEHXBee.o
                0x000142c4                FEHXBee::Initialize()
 .text._ZN7FEHXBee13IsInitializedEv
                0x000143a0       0x16 Drivers/FEHXBee.o
                0x000143a0                FEHXBee::IsInitialized()
 *fill*         0x000143b6        0x2 
 .text._ZN7FEHXBee17ReceiveDataSearchEPcjh
                0x000143b8       0x8c Drivers/FEHXBee.o
                0x000143b8                FEHXBee::ReceiveDataSearch(char*, unsigned int, unsigned char)
 .text._ZN7FEHXBee8SendDataEPcj
                0x00014444       0x40 Drivers/FEHXBee.o
                0x00014444                FEHXBee::SendData(char*, unsigned int)
 .text._ZN7FEHXBee17SetPacketCallBackEPFvPhhE
                0x00014484       0x20 Drivers/FEHXBee.o
                0x00014484                FEHXBee::SetPacketCallBack(void (*)(unsigned char*, unsigned char))
 .text._Z22UART0_RX_TX_IRQHandlerv
                0x000144a4       0xec Drivers/FEHXBee.o
                0x000144a4                UART0_RX_TX_IRQHandler()
 .text._ZN6FEHRPSC2Ev
                0x00014590       0x74 Libraries/FEHRPS.o
                0x00014590                FEHRPS::FEHRPS()
                0x00014590                FEHRPS::FEHRPS()
 .text._ZN6FEHRPS10InitializeEi
                0x00014604      0x664 Libraries/FEHRPS.o
                0x00014604                FEHRPS::Initialize(int)
 .text._ZN6FEHRPS10InitializeEc
                0x00014c68       0x46 Libraries/FEHRPS.o
                0x00014c68                FEHRPS::Initialize(char)
 *fill*         0x00014cae        0x2 
 .text._ZN6FEHRPS19InitializeTouchMenuEv
                0x00014cb0      0x41c Libraries/FEHRPS.o
                0x00014cb0                FEHRPS::InitializeTouchMenu()
 .text._ZN6FEHRPS19CurrentRegionLetterEv
                0x000150cc       0x1c Libraries/FEHRPS.o
                0x000150cc                FEHRPS::CurrentRegionLetter()
 .text._ZN6FEHRPS13WaitForPacketEv
                0x000150e8       0x58 Libraries/FEHRPS.o
                0x000150e8                FEHRPS::WaitForPacket()
 .text._ZN6FEHRPS1XEv
                0x00015140       0x1c Libraries/FEHRPS.o
                0x00015140                FEHRPS::X()
 .text._ZN6FEHRPS1YEv
                0x0001515c       0x1c Libraries/FEHRPS.o
                0x0001515c                FEHRPS::Y()
 .text._ZN6FEHRPS7HeadingEv
                0x00015178       0x1c Libraries/FEHRPS.o
                0x00015178                FEHRPS::Heading()
 .text._Z14RPSDataProcessPhh
                0x00015194      0x148 Libraries/FEHRPS.o
                0x00015194                RPSDataProcess(unsigned char*, unsigned char)
 .text._Z41__static_initialization_and_destruction_0ii
                0x000152dc       0x2c Libraries/FEHRPS.o
 .text._GLOBAL__sub_I_RPS
                0x00015308       0x10 Libraries/FEHRPS.o
 .text._ZN7FEHFileC2Ev
                0x00015318       0x2c Libraries/FEHSD.o
                0x00015318                FEHFile::FEHFile()
                0x00015318                FEHFile::FEHFile()
 .text._ZN5FEHSDC2Ev
                0x00015344       0x24 Libraries/FEHSD.o
                0x00015344                FEHSD::FEHSD()
                0x00015344                FEHSD::FEHSD()
 .text._ZN5FEHSD5FOpenEPKcS1_
                0x00015368      0x198 Libraries/FEHSD.o
                0x00015368                FEHSD::FOpen(char const*, char const*)
 .text._ZN5FEHSD9FCloseAllEv
                0x00015500       0x6c Libraries/FEHSD.o
                0x00015500                FEHSD::FCloseAll()
 .text._ZN5FEHSD10InitializeEv
                0x0001556c       0xe0 Libraries/FEHSD.o
                0x0001556c                FEHSD::Initialize()
 .text._Z41__static_initialization_and_destruction_0ii
                0x0001564c       0x2c Libraries/FEHSD.o
 .text._GLOBAL__sub_I_SD
                0x00015678       0x10 Libraries/FEHSD.o
 .text._ZN9FEHRandom10InitializeEv
                0x00015688       0x3c Libraries/FEHRandom.o
                0x00015688                FEHRandom::Initialize()
 .text._ZdlPvj  0x000156c4        0x4 c:/gcc-arm-none-eabi-10.3-2021.10/bin/../lib/gcc/arm-none-eabi/10.3.1/../../../../arm-none-eabi/lib/thumb/v7e-m/nofp\libstdc++.a(del_ops.o)
                0x000156c4                operator delete(void*, unsigned int)
 .text._Znwj    0x000156c8       0x3c c:/gcc-arm-none-eabi-10.3-2021.10/bin/../lib/gcc/arm-none-eabi/10.3.1/../../../../arm-none-eabi/lib/thumb/v7e-m/nofp\libstdc++.a(new_op.o)
                0x000156c8                operator new(unsigned int)
 .text._ZNKSt9bad_alloc4whatEv
                0x00015704        0x8 c:/gcc-arm-none-eabi-10.3-2021.10/bin/../lib/gcc/arm-none-eabi/10.3.1/../../../../arm-none-eabi/lib/thumb/v7e-m/nofp\libstdc++.a(bad_alloc.o)
                0x00015704                std::bad_alloc::what() const
 .text._ZNSt9bad_allocD2Ev
                0x0001570c       0x14 c:/gcc-arm-none-eabi-10.3-2021.10/bin/../lib/gcc/arm-none-eabi/10.3.1/../../../../arm-none-eabi/lib/thumb/v7e-m/nofp\libstdc++.a(bad_alloc.o)
                0x0001570c                std::bad_alloc::~bad_alloc()
                0x0001570c                std::bad_alloc::~bad_alloc()
 .text._ZNSt9bad_allocD0Ev
                0x00015720       0x1c c:/gcc-arm-none-eabi-10.3-2021.10/bin/../lib/gcc/arm-none-eabi/10.3.1/../../../../arm-none-eabi/lib/thumb/v7e-m/nofp\libstdc++.a(bad_alloc.o)
                0x00015720                std::bad_alloc::~bad_alloc()
 .text._ZdlPv   0x0001573c        0x4 c:/gcc-arm-none-eabi-10.3-2021.10/bin/../lib/gcc/arm-none-eabi/10.3.1/../../../../arm-none-eabi/lib/thumb/v7e-m/nofp\libstdc++.a(del_op.o)
                0x0001573c                operator delete(void*)
 .text._ZN12_GLOBAL__N_14pool4freeEPv.constprop.0
                0x00015740       0x88 c:/gcc-arm-none-eabi-10.3-2021.10/bin/../lib/gcc/arm-none-eabi/10.3.1/../../../../arm-none-eabi/lib/thumb/v7e-m/nofp\libstdc++.a(eh_alloc.o)
 .text._ZN12_GLOBAL__N_14pool8allocateEj.constprop.0
                0x000157c8       0x5c c:/gcc-arm-none-eabi-10.3-2021.10/bin/../lib/gcc/arm-none-eabi/10.3.1/../../../../arm-none-eabi/lib/thumb/v7e-m/nofp\libstdc++.a(eh_alloc.o)
 .text.__cxa_allocate_exception
                0x00015824       0x30 c:/gcc-arm-none-eabi-10.3-2021.10/bin/../lib/gcc/arm-none-eabi/10.3.1/../../../../arm-none-eabi/lib/thumb/v7e-m/nofp\libstdc++.a(eh_alloc.o)
                0x00015824                __cxa_allocate_exception
 .text.__cxa_free_exception
                0x00015854       0x20 c:/gcc-arm-none-eabi-10.3-2021.10/bin/../lib/gcc/arm-none-eabi/10.3.1/../../../../arm-none-eabi/lib/thumb/v7e-m/nofp\libstdc++.a(eh_alloc.o)
                0x00015854                __cxa_free_exception
 .text.startup._GLOBAL__sub_I__ZN9__gnu_cxx9__freeresEv
                0x00015874       0x28 c:/gcc-arm-none-eabi-10.3-2021.10/bin/../lib/gcc/arm-none-eabi/10.3.1/../../../../arm-none-eabi/lib/thumb/v7e-m/nofp\libstdc++.a(eh_alloc.o)
 .text._ZNSt9exceptionD2Ev
                0x0001589c        0x4 c:/gcc-arm-none-eabi-10.3-2021.10/bin/../lib/gcc/arm-none-eabi/10.3.1/../../../../arm-none-eabi/lib/thumb/v7e-m/nofp\libstdc++.a(eh_exception.o)
                0x0001589c                std::exception::~exception()
                0x0001589c                std::exception::~exception()
 .text._ZNSt13bad_exceptionD2Ev
                0x000158a0        0x4 c:/gcc-arm-none-eabi-10.3-2021.10/bin/../lib/gcc/arm-none-eabi/10.3.1/../../../../arm-none-eabi/lib/thumb/v7e-m/nofp\libstdc++.a(eh_exception.o)
                0x000158a0                std::bad_exception::~bad_exception()
                0x000158a0                std::bad_exception::~bad_exception()
 .text._ZNKSt13bad_exception4whatEv
                0x000158a4        0x8 c:/gcc-arm-none-eabi-10.3-2021.10/bin/../lib/gcc/arm-none-eabi/10.3.1/../../../../arm-none-eabi/lib/thumb/v7e-m/nofp\libstdc++.a(eh_exception.o)
                0x000158a4                std::bad_exception::what() const
                0x000158a4                transaction clone for std::bad_exception::what() const
 .text._ZNSt13bad_exceptionD0Ev
                0x000158ac       0x10 c:/gcc-arm-none-eabi-10.3-2021.10/bin/../lib/gcc/arm-none-eabi/10.3.1/../../../../arm-none-eabi/lib/thumb/v7e-m/nofp\libstdc++.a(eh_exception.o)
                0x000158ac                std::bad_exception::~bad_exception()
 .text._ZN10__cxxabiv111__terminateEPFvvE
                0x000158bc       0x28 c:/gcc-arm-none-eabi-10.3-2021.10/bin/../lib/gcc/arm-none-eabi/10.3.1/../../../../arm-none-eabi/lib/thumb/v7e-m/nofp\libstdc++.a(eh_terminate.o)
                0x000158bc                __cxxabiv1::__terminate(void (*)())
 .text._ZSt9terminatev
                0x000158e4       0x14 c:/gcc-arm-none-eabi-10.3-2021.10/bin/../lib/gcc/arm-none-eabi/10.3.1/../../../../arm-none-eabi/lib/thumb/v7e-m/nofp\libstdc++.a(eh_terminate.o)
                0x000158e4                std::terminate()
 .text._ZN10__cxxabiv112__unexpectedEPFvvE
                0x000158f8        0x8 c:/gcc-arm-none-eabi-10.3-2021.10/bin/../lib/gcc/arm-none-eabi/10.3.1/../../../../arm-none-eabi/lib/thumb/v7e-m/nofp\libstdc++.a(eh_terminate.o)
                0x000158f8                __cxxabiv1::__unexpected(void (*)())
 .text._ZSt10unexpectedv
                0x00015900       0x14 c:/gcc-arm-none-eabi-10.3-2021.10/bin/../lib/gcc/arm-none-eabi/10.3.1/../../../../arm-none-eabi/lib/thumb/v7e-m/nofp\libstdc++.a(eh_terminate.o)
                0x00015900                std::unexpected()
 .text._ZSt13get_terminatev
                0x00015914       0x10 c:/gcc-arm-none-eabi-10.3-2021.10/bin/../lib/gcc/arm-none-eabi/10.3.1/../../../../arm-none-eabi/lib/thumb/v7e-m/nofp\libstdc++.a(eh_terminate.o)
                0x00015914                std::get_terminate()
 .text._ZSt14get_unexpectedv
                0x00015924       0x10 c:/gcc-arm-none-eabi-10.3-2021.10/bin/../lib/gcc/arm-none-eabi/10.3.1/../../../../arm-none-eabi/lib/thumb/v7e-m/nofp\libstdc++.a(eh_terminate.o)
                0x00015924                std::get_unexpected()
 .text._ZL23__gxx_exception_cleanup19_Unwind_Reason_CodeP21_Unwind_Control_Block
                0x00015934       0x44 c:/gcc-arm-none-eabi-10.3-2021.10/bin/../lib/gcc/arm-none-eabi/10.3.1/../../../../arm-none-eabi/lib/thumb/v7e-m/nofp\libstdc++.a(eh_throw.o)
 .text.__cxa_init_primary_exception
                0x00015978       0x58 c:/gcc-arm-none-eabi-10.3-2021.10/bin/../lib/gcc/arm-none-eabi/10.3.1/../../../../arm-none-eabi/lib/thumb/v7e-m/nofp\libstdc++.a(eh_throw.o)
                0x00015978                __cxa_init_primary_exception
 .text.__cxa_throw
                0x000159d0       0x34 c:/gcc-arm-none-eabi-10.3-2021.10/bin/../lib/gcc/arm-none-eabi/10.3.1/../../../../arm-none-eabi/lib/thumb/v7e-m/nofp\libstdc++.a(eh_throw.o)
                0x000159d0                __cxa_throw
 .text.__cxa_rethrow
                0x00015a04       0x70 c:/gcc-arm-none-eabi-10.3-2021.10/bin/../lib/gcc/arm-none-eabi/10.3.1/../../../../arm-none-eabi/lib/thumb/v7e-m/nofp\libstdc++.a(eh_throw.o)
                0x00015a04                __cxa_rethrow
 .text._ZSt15get_new_handlerv
                0x00015a74       0x10 c:/gcc-arm-none-eabi-10.3-2021.10/bin/../lib/gcc/arm-none-eabi/10.3.1/../../../../arm-none-eabi/lib/thumb/v7e-m/nofp\libstdc++.a(new_handler.o)
                0x00015a74                std::get_new_handler()
 .text._ZN10__cxxabiv120__si_class_type_infoD2Ev
                0x00015a84       0x14 c:/gcc-arm-none-eabi-10.3-2021.10/bin/../lib/gcc/arm-none-eabi/10.3.1/../../../../arm-none-eabi/lib/thumb/v7e-m/nofp\libstdc++.a(si_class_type_info.o)
                0x00015a84                __cxxabiv1::__si_class_type_info::~__si_class_type_info()
                0x00015a84                __cxxabiv1::__si_class_type_info::~__si_class_type_info()
 .text._ZN10__cxxabiv120__si_class_type_infoD0Ev
                0x00015a98       0x1c c:/gcc-arm-none-eabi-10.3-2021.10/bin/../lib/gcc/arm-none-eabi/10.3.1/../../../../arm-none-eabi/lib/thumb/v7e-m/nofp\libstdc++.a(si_class_type_info.o)
                0x00015a98                __cxxabiv1::__si_class_type_info::~__si_class_type_info()
 .text._ZNK10__cxxabiv120__si_class_type_info20__do_find_public_srcEiPKvPKNS_17__class_type_infoES2_
                0x00015ab4       0x3c c:/gcc-arm-none-eabi-10.3-2021.10/bin/../lib/gcc/arm-none-eabi/10.3.1/../../../../arm-none-eabi/lib/thumb/v7e-m/nofp\libstdc++.a(si_class_type_info.o)
                0x00015ab4                __cxxabiv1::__si_class_type_info::__do_find_public_src(int, void const*, __cxxabiv1::__class_type_info const*, void const*) const
 .text._ZNK10__cxxabiv120__si_class_type_info12__do_dyncastEiNS_17__class_type_info10__sub_kindEPKS1_PKvS4_S6_RNS1_16__dyncast_resultE
                0x00015af0       0x84 c:/gcc-arm-none-eabi-10.3-2021.10/bin/../lib/gcc/arm-none-eabi/10.3.1/../../../../arm-none-eabi/lib/thumb/v7e-m/nofp\libstdc++.a(si_class_type_info.o)
                0x00015af0                __cxxabiv1::__si_class_type_info::__do_dyncast(int, __cxxabiv1::__class_type_info::__sub_kind, __cxxabiv1::__class_type_info const*, void const*, __cxxabiv1::__class_type_info const*, void const*, __cxxabiv1::__class_type_info::__dyncast_result&) const
 .text._ZNK10__cxxabiv120__si_class_type_info11__do_upcastEPKNS_17__class_type_infoEPKvRNS1_15__upcast_resultE
                0x00015b74       0x2c c:/gcc-arm-none-eabi-10.3-2021.10/bin/../lib/gcc/arm-none-eabi/10.3.1/../../../../arm-none-eabi/lib/thumb/v7e-m/nofp\libstdc++.a(si_class_type_info.o)
                0x00015b74                __cxxabiv1::__si_class_type_info::__do_upcast(__cxxabiv1::__class_type_info const*, void const*, __cxxabiv1::__class_type_info::__upcast_result&) const
 .text._ZNSt9type_infoD2Ev
                0x00015ba0        0x4 c:/gcc-arm-none-eabi-10.3-2021.10/bin/../lib/gcc/arm-none-eabi/10.3.1/../../../../arm-none-eabi/lib/thumb/v7e-m/nofp\libstdc++.a(tinfo.o)
                0x00015ba0                std::type_info::~type_info()
                0x00015ba0                std::type_info::~type_info()
 .text._ZNKSt9type_info14__is_pointer_pEv
                0x00015ba4        0x4 c:/gcc-arm-none-eabi-10.3-2021.10/bin/../lib/gcc/arm-none-eabi/10.3.1/../../../../arm-none-eabi/lib/thumb/v7e-m/nofp\libstdc++.a(tinfo.o)
                0x00015ba4                std::type_info::__is_pointer_p() const
                0x00015ba4                std::type_info::__is_function_p() const
 .text._ZNKSt9type_infoeqERKS_
                0x00015ba8       0x2c c:/gcc-arm-none-eabi-10.3-2021.10/bin/../lib/gcc/arm-none-eabi/10.3.1/../../../../arm-none-eabi/lib/thumb/v7e-m/nofp\libstdc++.a(tinfo.o)
                0x00015ba8                std::type_info::operator==(std::type_info const&) const
 .text._ZN9__gnu_cxx27__verbose_terminate_handlerEv
                0x00015bd4      0x10c c:/gcc-arm-none-eabi-10.3-2021.10/bin/../lib/gcc/arm-none-eabi/10.3.1/../../../../arm-none-eabi/lib/thumb/v7e-m/nofp\libstdc++.a(vterminate.o)
                0x00015bd4                __gnu_cxx::__verbose_terminate_handler()
 .text._ZNK10__cxxabiv117__class_type_info11__do_upcastEPKS0_PPv
                0x00015ce0       0x34 c:/gcc-arm-none-eabi-10.3-2021.10/bin/../lib/gcc/arm-none-eabi/10.3.1/../../../../arm-none-eabi/lib/thumb/v7e-m/nofp\libstdc++.a(class_type_info.o)
                0x00015ce0                __cxxabiv1::__class_type_info::__do_upcast(__cxxabiv1::__class_type_info const*, void**) const
 .text._ZNK10__cxxabiv117__class_type_info20__do_find_public_srcEiPKvPKS0_S2_
                0x00015d14        0xc c:/gcc-arm-none-eabi-10.3-2021.10/bin/../lib/gcc/arm-none-eabi/10.3.1/../../../../arm-none-eabi/lib/thumb/v7e-m/nofp\libstdc++.a(class_type_info.o)
                0x00015d14                __cxxabiv1::__class_type_info::__do_find_public_src(int, void const*, __cxxabiv1::__class_type_info const*, void const*) const
 .text._ZN10__cxxabiv117__class_type_infoD2Ev
                0x00015d20       0x14 c:/gcc-arm-none-eabi-10.3-2021.10/bin/../lib/gcc/arm-none-eabi/10.3.1/../../../../arm-none-eabi/lib/thumb/v7e-m/nofp\libstdc++.a(class_type_info.o)
                0x00015d20                __cxxabiv1::__class_type_info::~__class_type_info()
                0x00015d20                __cxxabiv1::__class_type_info::~__class_type_info()
 .text._ZN10__cxxabiv117__class_type_infoD0Ev
                0x00015d34       0x1c c:/gcc-arm-none-eabi-10.3-2021.10/bin/../lib/gcc/arm-none-eabi/10.3.1/../../../../arm-none-eabi/lib/thumb/v7e-m/nofp\libstdc++.a(class_type_info.o)
                0x00015d34                __cxxabiv1::__class_type_info::~__class_type_info()
 .text._ZNK10__cxxabiv117__class_type_info12__do_dyncastEiNS0_10__sub_kindEPKS0_PKvS3_S5_RNS0_16__dyncast_resultE
                0x00015d50       0x44 c:/gcc-arm-none-eabi-10.3-2021.10/bin/../lib/gcc/arm-none-eabi/10.3.1/../../../../arm-none-eabi/lib/thumb/v7e-m/nofp\libstdc++.a(class_type_info.o)
                0x00015d50                __cxxabiv1::__class_type_info::__do_dyncast(int, __cxxabiv1::__class_type_info::__sub_kind, __cxxabiv1::__class_type_info const*, void const*, __cxxabiv1::__class_type_info const*, void const*, __cxxabiv1::__class_type_info::__dyncast_result&) const
 .text._ZNK10__cxxabiv117__class_type_info11__do_upcastEPKS0_PKvRNS0_15__upcast_resultE
                0x00015d94       0x1c c:/gcc-arm-none-eabi-10.3-2021.10/bin/../lib/gcc/arm-none-eabi/10.3.1/../../../../arm-none-eabi/lib/thumb/v7e-m/nofp\libstdc++.a(class_type_info.o)
                0x00015d94                __cxxabiv1::__class_type_info::__do_upcast(__cxxabiv1::__class_type_info const*, void const*, __cxxabiv1::__class_type_info::__upcast_result&) const
 .text._ZNK10__cxxabiv117__class_type_info10__do_catchEPKSt9type_infoPPvj
                0x00015db0       0x2c c:/gcc-arm-none-eabi-10.3-2021.10/bin/../lib/gcc/arm-none-eabi/10.3.1/../../../../arm-none-eabi/lib/thumb/v7e-m/nofp\libstdc++.a(class_type_info.o)
                0x00015db0                __cxxabiv1::__class_type_info::__do_catch(std::type_info const*, void**, unsigned int) const
 .text          0x00015ddc     0x5fa4 c:/gcc-arm-none-eabi-10.3-2021.10/bin/../lib/gcc/arm-none-eabi/10.3.1/../../../../arm-none-eabi/lib/thumb/v7e-m/nofp\libstdc++.a(cp-demangle.o)
                0x0001bc98                __cxa_demangle
                0x0001bd5c                __gcclibcxx_demangle_callback
 .text.__cxa_end_cleanup
                0x0001bd80        0xc c:/gcc-arm-none-eabi-10.3-2021.10/bin/../lib/gcc/arm-none-eabi/10.3.1/../../../../arm-none-eabi/lib/thumb/v7e-m/nofp\libstdc++.a(eh_arm.o)
                0x0001bd80                __cxa_end_cleanup
 .text.__cxa_type_match
                0x0001bd8c       0xb4 c:/gcc-arm-none-eabi-10.3-2021.10/bin/../lib/gcc/arm-none-eabi/10.3.1/../../../../arm-none-eabi/lib/thumb/v7e-m/nofp\libstdc++.a(eh_arm.o)
                0x0001bd8c                __cxa_type_match
 .text.__cxa_begin_cleanup
                0x0001be40       0x64 c:/gcc-arm-none-eabi-10.3-2021.10/bin/../lib/gcc/arm-none-eabi/10.3.1/../../../../arm-none-eabi/lib/thumb/v7e-m/nofp\libstdc++.a(eh_arm.o)
                0x0001be40                __cxa_begin_cleanup
 .text.__gnu_end_cleanup
                0x0001bea4       0x70 c:/gcc-arm-none-eabi-10.3-2021.10/bin/../lib/gcc/arm-none-eabi/10.3.1/../../../../arm-none-eabi/lib/thumb/v7e-m/nofp\libstdc++.a(eh_arm.o)
                0x0001bea4                __gnu_end_cleanup
 .text._ZN10__cxxabiv1L24__is_gxx_exception_classEPc
                0x0001bf14       0x3c c:/gcc-arm-none-eabi-10.3-2021.10/bin/../lib/gcc/arm-none-eabi/10.3.1/../../../../arm-none-eabi/lib/thumb/v7e-m/nofp\libstdc++.a(eh_call.o)
 .text.__cxa_call_terminate
                0x0001bf50       0x20 c:/gcc-arm-none-eabi-10.3-2021.10/bin/../lib/gcc/arm-none-eabi/10.3.1/../../../../arm-none-eabi/lib/thumb/v7e-m/nofp\libstdc++.a(eh_call.o)
                0x0001bf50                __cxa_call_terminate
 .text.unlikely.__cxa_call_unexpected
                0x0001bf70       0xe4 c:/gcc-arm-none-eabi-10.3-2021.10/bin/../lib/gcc/arm-none-eabi/10.3.1/../../../../arm-none-eabi/lib/thumb/v7e-m/nofp\libstdc++.a(eh_call.o)
                0x0001bf70                __cxa_call_unexpected
 .text.__cxa_begin_catch
                0x0001c054       0x7c c:/gcc-arm-none-eabi-10.3-2021.10/bin/../lib/gcc/arm-none-eabi/10.3.1/../../../../arm-none-eabi/lib/thumb/v7e-m/nofp\libstdc++.a(eh_catch.o)
                0x0001c054                __cxa_begin_catch
 .text.__cxa_end_catch
                0x0001c0d0       0x8c c:/gcc-arm-none-eabi-10.3-2021.10/bin/../lib/gcc/arm-none-eabi/10.3.1/../../../../arm-none-eabi/lib/thumb/v7e-m/nofp\libstdc++.a(eh_catch.o)
                0x0001c0d0                __cxa_end_catch
 .text.__cxa_get_globals_fast
                0x0001c15c        0x8 c:/gcc-arm-none-eabi-10.3-2021.10/bin/../lib/gcc/arm-none-eabi/10.3.1/../../../../arm-none-eabi/lib/thumb/v7e-m/nofp\libstdc++.a(eh_globals.o)
                0x0001c15c                __cxa_get_globals_fast
 .text.__cxa_get_globals
                0x0001c164        0x8 c:/gcc-arm-none-eabi-10.3-2021.10/bin/../lib/gcc/arm-none-eabi/10.3.1/../../../../arm-none-eabi/lib/thumb/v7e-m/nofp\libstdc++.a(eh_globals.o)
                0x0001c164                __cxa_get_globals
 .text._ZL28read_encoded_value_with_basehjPKhPj
                0x0001c16c       0xc0 c:/gcc-arm-none-eabi-10.3-2021.10/bin/../lib/gcc/arm-none-eabi/10.3.1/../../../../arm-none-eabi/lib/thumb/v7e-m/nofp\libstdc++.a(eh_personality.o)
 .text._ZL21base_of_encoded_valuehP15_Unwind_Context
                0x0001c22c       0x48 c:/gcc-arm-none-eabi-10.3-2021.10/bin/../lib/gcc/arm-none-eabi/10.3.1/../../../../arm-none-eabi/lib/thumb/v7e-m/nofp\libstdc++.a(eh_personality.o)
 .text._ZL17parse_lsda_headerP15_Unwind_ContextPKhP16lsda_header_info
                0x0001c274       0x94 c:/gcc-arm-none-eabi-10.3-2021.10/bin/../lib/gcc/arm-none-eabi/10.3.1/../../../../arm-none-eabi/lib/thumb/v7e-m/nofp\libstdc++.a(eh_personality.o)
 .text.__gxx_personality_v0
                0x0001c308      0x4a8 c:/gcc-arm-none-eabi-10.3-2021.10/bin/../lib/gcc/arm-none-eabi/10.3.1/../../../../arm-none-eabi/lib/thumb/v7e-m/nofp\libstdc++.a(eh_personality.o)
                0x0001c308                __gxx_personality_v0
 .text.__cxa_current_exception_type
                0x0001c7b0       0x1c c:/gcc-arm-none-eabi-10.3-2021.10/bin/../lib/gcc/arm-none-eabi/10.3.1/../../../../arm-none-eabi/lib/thumb/v7e-m/nofp\libstdc++.a(eh_type.o)
                0x0001c7b0                __cxa_current_exception_type
 .text.cos      0x0001c7cc       0xa0 c:/gcc-arm-none-eabi-10.3-2021.10/bin/../lib/gcc/arm-none-eabi/10.3.1/../../../../arm-none-eabi/lib/thumb/v7e-m/nofp\libm.a(lib_a-s_cos.o)
                0x0001c7cc                cos
 .text.round    0x0001c86c       0x94 c:/gcc-arm-none-eabi-10.3-2021.10/bin/../lib/gcc/arm-none-eabi/10.3.1/../../../../arm-none-eabi/lib/thumb/v7e-m/nofp\libm.a(lib_a-s_round.o)
                0x0001c86c                round
 .text.sin      0x0001c900       0xb0 c:/gcc-arm-none-eabi-10.3-2021.10/bin/../lib/gcc/arm-none-eabi/10.3.1/../../../../arm-none-eabi/lib/thumb/v7e-m/nofp\libm.a(lib_a-s_sin.o)
                0x0001c900                sin
 .text.atan2    0x0001c9b0        0x4 c:/gcc-arm-none-eabi-10.3-2021.10/bin/../lib/gcc/arm-none-eabi/10.3.1/../../../../arm-none-eabi/lib/thumb/v7e-m/nofp\libm.a(lib_a-w_atan2.o)
                0x0001c9b0                atan2
 *fill*         0x0001c9b4        0x4 
 .text.__ieee754_atan2
                0x0001c9b8      0x194 c:/gcc-arm-none-eabi-10.3-2021.10/bin/../lib/gcc/arm-none-eabi/10.3.1/../../../../arm-none-eabi/lib/thumb/v7e-m/nofp\libm.a(lib_a-e_atan2.o)
                0x0001c9b8                __ieee754_atan2
 *fill*         0x0001cb4c        0x4 
 .text.__ieee754_rem_pio2
                0x0001cb50      0x454 c:/gcc-arm-none-eabi-10.3-2021.10/bin/../lib/gcc/arm-none-eabi/10.3.1/../../../../arm-none-eabi/lib/thumb/v7e-m/nofp\libm.a(lib_a-e_rem_pio2.o)
                0x0001cb50                __ieee754_rem_pio2
 *fill*         0x0001cfa4        0x4 
 .text.__kernel_cos
                0x0001cfa8      0x260 c:/gcc-arm-none-eabi-10.3-2021.10/bin/../lib/gcc/arm-none-eabi/10.3.1/../../../../arm-none-eabi/lib/thumb/v7e-m/nofp\libm.a(lib_a-k_cos.o)
                0x0001cfa8                __kernel_cos
 .text.__kernel_rem_pio2
                0x0001d208      0x850 c:/gcc-arm-none-eabi-10.3-2021.10/bin/../lib/gcc/arm-none-eabi/10.3.1/../../../../arm-none-eabi/lib/thumb/v7e-m/nofp\libm.a(lib_a-k_rem_pio2.o)
                0x0001d208                __kernel_rem_pio2
 .text.__kernel_sin
                0x0001da58      0x184 c:/gcc-arm-none-eabi-10.3-2021.10/bin/../lib/gcc/arm-none-eabi/10.3.1/../../../../arm-none-eabi/lib/thumb/v7e-m/nofp\libm.a(lib_a-k_sin.o)
                0x0001da58                __kernel_sin
 *fill*         0x0001dbdc        0x4 
 .text.atan     0x0001dbe0      0x32c c:/gcc-arm-none-eabi-10.3-2021.10/bin/../lib/gcc/arm-none-eabi/10.3.1/../../../../arm-none-eabi/lib/thumb/v7e-m/nofp\libm.a(lib_a-s_atan.o)
                0x0001dbe0                atan
 .text.fabs     0x0001df0c        0x8 c:/gcc-arm-none-eabi-10.3-2021.10/bin/../lib/gcc/arm-none-eabi/10.3.1/../../../../arm-none-eabi/lib/thumb/v7e-m/nofp\libm.a(lib_a-s_fabs.o)
                0x0001df0c                fabs
 *fill*         0x0001df14        0x4 
 .text.floor    0x0001df18       0xf8 c:/gcc-arm-none-eabi-10.3-2021.10/bin/../lib/gcc/arm-none-eabi/10.3.1/../../../../arm-none-eabi/lib/thumb/v7e-m/nofp\libm.a(lib_a-s_floor.o)
                0x0001df18                floor
 .text.scalbn   0x0001e010       0xf4 c:/gcc-arm-none-eabi-10.3-2021.10/bin/../lib/gcc/arm-none-eabi/10.3.1/../../../../arm-none-eabi/lib/thumb/v7e-m/nofp\libm.a(lib_a-s_scalbn.o)
                0x0001e010                scalbn
 .text          0x0001e104      0x378 c:/gcc-arm-none-eabi-10.3-2021.10/bin/../lib/gcc/arm-none-eabi/10.3.1/thumb/v7e-m/nofp\libgcc.a(_arm_addsubdf3.o)
                0x0001e104                __aeabi_drsub
                0x0001e10c                __aeabi_dsub
                0x0001e10c                __subdf3
                0x0001e110                __aeabi_dadd
                0x0001e110                __adddf3
                0x0001e388                __floatunsidf
                0x0001e388                __aeabi_ui2d
                0x0001e3a8                __floatsidf
                0x0001e3a8                __aeabi_i2d
                0x0001e3cc                __aeabi_f2d
                0x0001e3cc                __extendsfdf2
                0x0001e410                __floatundidf
                0x0001e410                __aeabi_ul2d
                0x0001e420                __floatdidf
                0x0001e420                __aeabi_l2d
 .text          0x0001e47c      0x424 c:/gcc-arm-none-eabi-10.3-2021.10/bin/../lib/gcc/arm-none-eabi/10.3.1/thumb/v7e-m/nofp\libgcc.a(_arm_muldivdf3.o)
                0x0001e47c                __aeabi_dmul
                0x0001e47c                __muldf3
                0x0001e6d0                __divdf3
                0x0001e6d0                __aeabi_ddiv
 .text          0x0001e8a0      0x110 c:/gcc-arm-none-eabi-10.3-2021.10/bin/../lib/gcc/arm-none-eabi/10.3.1/thumb/v7e-m/nofp\libgcc.a(_arm_cmpdf2.o)
                0x0001e8a0                __gtdf2
                0x0001e8a0                __gedf2
                0x0001e8a8                __ltdf2
                0x0001e8a8                __ledf2
                0x0001e8b0                __nedf2
                0x0001e8b0                __eqdf2
                0x0001e8b0                __cmpdf2
                0x0001e92c                __aeabi_cdrcmple
                0x0001e93c                __aeabi_cdcmpeq
                0x0001e93c                __aeabi_cdcmple
                0x0001e94c                __aeabi_dcmpeq
                0x0001e960                __aeabi_dcmplt
                0x0001e974                __aeabi_dcmple
                0x0001e988                __aeabi_dcmpge
                0x0001e99c                __aeabi_dcmpgt
 .text          0x0001e9b0       0x50 c:/gcc-arm-none-eabi-10.3-2021.10/bin/../lib/gcc/arm-none-eabi/10.3.1/thumb/v7e-m/nofp\libgcc.a(_arm_fixdfsi.o)
                0x0001e9b0                __aeabi_d2iz
                0x0001e9b0                __fixdfsi
 .text          0x0001ea00       0x40 c:/gcc-arm-none-eabi-10.3-2021.10/bin/../lib/gcc/arm-none-eabi/10.3.1/thumb/v7e-m/nofp\libgcc.a(_arm_fixunsdfsi.o)
                0x0001ea00                __aeabi_d2uiz
                0x0001ea00                __fixunsdfsi
 .text          0x0001ea40       0xa0 c:/gcc-arm-none-eabi-10.3-2021.10/bin/../lib/gcc/arm-none-eabi/10.3.1/thumb/v7e-m/nofp\libgcc.a(_arm_truncdfsf2.o)
                0x0001ea40                __truncdfsf2
                0x0001ea40                __aeabi_d2f
 .text          0x0001eae0      0x21c c:/gcc-arm-none-eabi-10.3-2021.10/bin/../lib/gcc/arm-none-eabi/10.3.1/thumb/v7e-m/nofp\libgcc.a(_arm_addsubsf3.o)
                0x0001eae0                __aeabi_frsub
                0x0001eae8                __subsf3
                0x0001eae8                __aeabi_fsub
                0x0001eaec                __aeabi_fadd
                0x0001eaec                __addsf3
                0x0001ec4c                __aeabi_ui2f
                0x0001ec4c                __floatunsisf
                0x0001ec54                __aeabi_i2f
                0x0001ec54                __floatsisf
                0x0001ec70                __aeabi_ul2f
                0x0001ec70                __floatundisf
                0x0001ec80                __aeabi_l2f
                0x0001ec80                __floatdisf
 .text          0x0001ecfc      0x2a0 c:/gcc-arm-none-eabi-10.3-2021.10/bin/../lib/gcc/arm-none-eabi/10.3.1/thumb/v7e-m/nofp\libgcc.a(_arm_muldivsf3.o)
                0x0001ecfc                __mulsf3
                0x0001ecfc                __aeabi_fmul
                0x0001ee64                __aeabi_fdiv
                0x0001ee64                __divsf3
 .text          0x0001ef9c       0xec c:/gcc-arm-none-eabi-10.3-2021.10/bin/../lib/gcc/arm-none-eabi/10.3.1/thumb/v7e-m/nofp\libgcc.a(_arm_cmpsf2.o)
                0x0001ef9c                __gesf2
                0x0001ef9c                __gtsf2
                0x0001efa4                __lesf2
                0x0001efa4                __ltsf2
                0x0001efac                __nesf2
                0x0001efac                __eqsf2
                0x0001efac                __cmpsf2
                0x0001f00c                __aeabi_cfrcmple
                0x0001f014                __aeabi_cfcmpeq
                0x0001f014                __aeabi_cfcmple
                0x0001f024                __aeabi_fcmpeq
                0x0001f038                __aeabi_fcmplt
                0x0001f04c                __aeabi_fcmple
                0x0001f060                __aeabi_fcmpge
                0x0001f074                __aeabi_fcmpgt
 .text          0x0001f088       0x4c c:/gcc-arm-none-eabi-10.3-2021.10/bin/../lib/gcc/arm-none-eabi/10.3.1/thumb/v7e-m/nofp\libgcc.a(_arm_fixsfsi.o)
                0x0001f088                __aeabi_f2iz
                0x0001f088                __fixsfsi
 .text          0x0001f0d4      0x9d8 c:/gcc-arm-none-eabi-10.3-2021.10/bin/../lib/gcc/arm-none-eabi/10.3.1/thumb/v7e-m/nofp\libgcc.a(unwind-arm.o)
                0x0001f37c                _Unwind_GetCFA
                0x0001f380                __gnu_Unwind_RaiseException
                0x0001f3e8                __gnu_Unwind_ForcedUnwind
                0x0001f3f8                __gnu_Unwind_Resume
                0x0001f43c                __gnu_Unwind_Resume_or_Rethrow
                0x0001f44c                _Unwind_Complete
                0x0001f450                _Unwind_DeleteException
                0x0001f45c                _Unwind_VRS_Get
                0x0001f4a8                _Unwind_VRS_Set
                0x0001f4f0                __gnu_Unwind_Backtrace
                0x0001f81c                __aeabi_unwind_cpp_pr0
                0x0001f820                __aeabi_unwind_cpp_pr1
                0x0001f824                __aeabi_unwind_cpp_pr2
                0x0001f828                _Unwind_VRS_Pop
 .text          0x0001faac      0x1ac c:/gcc-arm-none-eabi-10.3-2021.10/bin/../lib/gcc/arm-none-eabi/10.3.1/thumb/v7e-m/nofp\libgcc.a(libunwind.o)
                0x0001faac                __restore_core_regs
                0x0001faac                restore_core_regs
                0x0001fac4                __gnu_Unwind_Restore_VFP
                0x0001facc                __gnu_Unwind_Save_VFP
                0x0001fad4                __gnu_Unwind_Restore_VFP_D
                0x0001fadc                __gnu_Unwind_Save_VFP_D
                0x0001fae4                __gnu_Unwind_Restore_VFP_D_16_to_31
                0x0001faec                __gnu_Unwind_Save_VFP_D_16_to_31
                0x0001faf4                __gnu_Unwind_Restore_WMMXD
                0x0001fb38                __gnu_Unwind_Save_WMMXD
                0x0001fb7c                __gnu_Unwind_Restore_WMMXC
                0x0001fb90                __gnu_Unwind_Save_WMMXC
                0x0001fba4                ___Unwind_RaiseException
                0x0001fba4                _Unwind_RaiseException
                0x0001fbc8                _Unwind_Resume
                0x0001fbc8                ___Unwind_Resume
                0x0001fbec                _Unwind_Resume_or_Rethrow
                0x0001fbec                ___Unwind_Resume_or_Rethrow
                0x0001fc10                _Unwind_ForcedUnwind
                0x0001fc10                ___Unwind_ForcedUnwind
                0x0001fc34                ___Unwind_Backtrace
                0x0001fc34                _Unwind_Backtrace
 .text          0x0001fc58      0x350 c:/gcc-arm-none-eabi-10.3-2021.10/bin/../lib/gcc/arm-none-eabi/10.3.1/thumb/v7e-m/nofp\libgcc.a(pr-support.o)
                0x0001fcb0                __gnu_unwind_execute
                0x0001ff5c                __gnu_unwind_frame
                0x0001ff88                _Unwind_GetRegionStart
                0x0001ff94                _Unwind_GetLanguageSpecificData
 .text.unlikely
                0x0001ffa8        0xc c:/gcc-arm-none-eabi-10.3-2021.10/bin/../lib/gcc/arm-none-eabi/10.3.1/thumb/v7e-m/nofp\libgcc.a(pr-support.o)
                0x0001ffa8                _Unwind_GetDataRelBase
                0x0001ffae                _Unwind_GetTextRelBase
 .text.abort    0x0001ffb4       0x10 c:/gcc-arm-none-eabi-10.3-2021.10/bin/../lib/gcc/arm-none-eabi/10.3.1/../../../../arm-none-eabi/lib/thumb/v7e-m/nofp\libg.a(lib_a-abort.o)
                0x0001ffb4                abort
 .text.fputc    0x0001ffc4       0x58 c:/gcc-arm-none-eabi-10.3-2021.10/bin/../lib/gcc/arm-none-eabi/10.3.1/../../../../arm-none-eabi/lib/thumb/v7e-m/nofp\libg.a(lib_a-fputc.o)
                0x0001ffc4                fputc
 .text._fputs_r
                0x0002001c       0x88 c:/gcc-arm-none-eabi-10.3-2021.10/bin/../lib/gcc/arm-none-eabi/10.3.1/../../../../arm-none-eabi/lib/thumb/v7e-m/nofp\libg.a(lib_a-fputs.o)
                0x0002001c                _fputs_r
 .text.fputs    0x000200a4       0x18 c:/gcc-arm-none-eabi-10.3-2021.10/bin/../lib/gcc/arm-none-eabi/10.3.1/../../../../arm-none-eabi/lib/thumb/v7e-m/nofp\libg.a(lib_a-fputs.o)
                0x000200a4                fputs
 .text.__sfvwrite_r
                0x000200bc      0x2e8 c:/gcc-arm-none-eabi-10.3-2021.10/bin/../lib/gcc/arm-none-eabi/10.3.1/../../../../arm-none-eabi/lib/thumb/v7e-m/nofp\libg.a(lib_a-fvwrite.o)
                0x000200bc                __sfvwrite_r
 .text._fwrite_r
                0x000203a4       0xa8 c:/gcc-arm-none-eabi-10.3-2021.10/bin/../lib/gcc/arm-none-eabi/10.3.1/../../../../arm-none-eabi/lib/thumb/v7e-m/nofp\libg.a(lib_a-fwrite.o)
                0x000203a4                _fwrite_r
 .text.fwrite   0x0002044c       0x20 c:/gcc-arm-none-eabi-10.3-2021.10/bin/../lib/gcc/arm-none-eabi/10.3.1/../../../../arm-none-eabi/lib/thumb/v7e-m/nofp\libg.a(lib_a-fwrite.o)
                0x0002044c                fwrite
 .text.__libc_init_array
                0x0002046c       0x48 c:/gcc-arm-none-eabi-10.3-2021.10/bin/../lib/gcc/arm-none-eabi/10.3.1/../../../../arm-none-eabi/lib/thumb/v7e-m/nofp\libg.a(lib_a-init.o)
                0x0002046c                __libc_init_array
 .text.__retarget_lock_init_recursive
                0x000204b4        0x4 c:/gcc-arm-none-eabi-10.3-2021.10/bin/../lib/gcc/arm-none-eabi/10.3.1/../../../../arm-none-eabi/lib/thumb/v7e-m/nofp\libg.a(lib_a-lock.o)
                0x000204b4                __retarget_lock_init_recursive
 .text.__retarget_lock_close_recursive
                0x000204b8        0x4 c:/gcc-arm-none-eabi-10.3-2021.10/bin/../lib/gcc/arm-none-eabi/10.3.1/../../../../arm-none-eabi/lib/thumb/v7e-m/nofp\libg.a(lib_a-lock.o)
                0x000204b8                __retarget_lock_close_recursive
 .text.__retarget_lock_acquire_recursive
                0x000204bc        0x4 c:/gcc-arm-none-eabi-10.3-2021.10/bin/../lib/gcc/arm-none-eabi/10.3.1/../../../../arm-none-eabi/lib/thumb/v7e-m/nofp\libg.a(lib_a-lock.o)
                0x000204bc                __retarget_lock_acquire_recursive
 .text.__retarget_lock_release_recursive
                0x000204c0        0x4 c:/gcc-arm-none-eabi-10.3-2021.10/bin/../lib/gcc/arm-none-eabi/10.3.1/../../../../arm-none-eabi/lib/thumb/v7e-m/nofp\libg.a(lib_a-lock.o)
                0x000204c0                __retarget_lock_release_recursive
 .text.malloc   0x000204c4       0x10 c:/gcc-arm-none-eabi-10.3-2021.10/bin/../lib/gcc/arm-none-eabi/10.3.1/../../../../arm-none-eabi/lib/thumb/v7e-m/nofp\libg.a(lib_a-malloc.o)
                0x000204c4                malloc
 .text.free     0x000204d4       0x10 c:/gcc-arm-none-eabi-10.3-2021.10/bin/../lib/gcc/arm-none-eabi/10.3.1/../../../../arm-none-eabi/lib/thumb/v7e-m/nofp\libg.a(lib_a-malloc.o)
                0x000204d4                free
 .text._malloc_r
                0x000204e4      0x560 c:/gcc-arm-none-eabi-10.3-2021.10/bin/../lib/gcc/arm-none-eabi/10.3.1/../../../../arm-none-eabi/lib/thumb/v7e-m/nofp\libg.a(lib_a-mallocr.o)
                0x000204e4                _malloc_r
 *fill*         0x00020a44        0xc 
 .text          0x00020a50       0xa0 c:/gcc-arm-none-eabi-10.3-2021.10/bin/../lib/gcc/arm-none-eabi/10.3.1/../../../../arm-none-eabi/lib/thumb/v7e-m/nofp\libg.a(lib_a-memchr.o)
                0x00020a50                memchr
 .text.memcmp   0x00020af0       0x68 c:/gcc-arm-none-eabi-10.3-2021.10/bin/../lib/gcc/arm-none-eabi/10.3.1/../../../../arm-none-eabi/lib/thumb/v7e-m/nofp\libg.a(lib_a-memcmp.o)
                0x00020af0                memcmp
 .text          0x00020b58      0x134 c:/gcc-arm-none-eabi-10.3-2021.10/bin/../lib/gcc/arm-none-eabi/10.3.1/../../../../arm-none-eabi/lib/thumb/v7e-m/nofp\libg.a(lib_a-memcpy.o)
                0x00020b58                memcpy
 .text.memmove  0x00020c8c       0xf8 c:/gcc-arm-none-eabi-10.3-2021.10/bin/../lib/gcc/arm-none-eabi/10.3.1/../../../../arm-none-eabi/lib/thumb/v7e-m/nofp\libg.a(lib_a-memmove.o)
                0x00020c8c                memmove
 .text.memset   0x00020d84       0xa4 c:/gcc-arm-none-eabi-10.3-2021.10/bin/../lib/gcc/arm-none-eabi/10.3.1/../../../../arm-none-eabi/lib/thumb/v7e-m/nofp\libg.a(lib_a-memset.o)
                0x00020d84                memset
 .text.__malloc_lock
                0x00020e28        0xc c:/gcc-arm-none-eabi-10.3-2021.10/bin/../lib/gcc/arm-none-eabi/10.3.1/../../../../arm-none-eabi/lib/thumb/v7e-m/nofp\libg.a(lib_a-mlock.o)
                0x00020e28                __malloc_lock
 .text.__malloc_unlock
                0x00020e34        0xc c:/gcc-arm-none-eabi-10.3-2021.10/bin/../lib/gcc/arm-none-eabi/10.3.1/../../../../arm-none-eabi/lib/thumb/v7e-m/nofp\libg.a(lib_a-mlock.o)
                0x00020e34                __malloc_unlock
 .text._putc_r  0x00020e40       0x74 c:/gcc-arm-none-eabi-10.3-2021.10/bin/../lib/gcc/arm-none-eabi/10.3.1/../../../../arm-none-eabi/lib/thumb/v7e-m/nofp\libg.a(lib_a-putc.o)
                0x00020e40                _putc_r
 .text.realloc  0x00020eb4       0x18 c:/gcc-arm-none-eabi-10.3-2021.10/bin/../lib/gcc/arm-none-eabi/10.3.1/../../../../arm-none-eabi/lib/thumb/v7e-m/nofp\libg.a(lib_a-realloc.o)
                0x00020eb4                realloc
 .text._realloc_r
                0x00020ecc      0x3d8 c:/gcc-arm-none-eabi-10.3-2021.10/bin/../lib/gcc/arm-none-eabi/10.3.1/../../../../arm-none-eabi/lib/thumb/v7e-m/nofp\libg.a(lib_a-reallocr.o)
                0x00020ecc                _realloc_r
 .text._sbrk_r  0x000212a4       0x24 c:/gcc-arm-none-eabi-10.3-2021.10/bin/../lib/gcc/arm-none-eabi/10.3.1/../../../../arm-none-eabi/lib/thumb/v7e-m/nofp\libg.a(lib_a-sbrkr.o)
                0x000212a4                _sbrk_r
 .text.raise    0x000212c8       0x5c c:/gcc-arm-none-eabi-10.3-2021.10/bin/../lib/gcc/arm-none-eabi/10.3.1/../../../../arm-none-eabi/lib/thumb/v7e-m/nofp\libg.a(lib_a-signal.o)
                0x000212c8                raise
 .text._kill_r  0x00021324       0x2c c:/gcc-arm-none-eabi-10.3-2021.10/bin/../lib/gcc/arm-none-eabi/10.3.1/../../../../arm-none-eabi/lib/thumb/v7e-m/nofp\libg.a(lib_a-signalr.o)
                0x00021324                _kill_r
 .text._getpid_r
                0x00021350        0x4 c:/gcc-arm-none-eabi-10.3-2021.10/bin/../lib/gcc/arm-none-eabi/10.3.1/../../../../arm-none-eabi/lib/thumb/v7e-m/nofp\libg.a(lib_a-signalr.o)
                0x00021350                _getpid_r
 .text.sprintf  0x00021354       0x40 c:/gcc-arm-none-eabi-10.3-2021.10/bin/../lib/gcc/arm-none-eabi/10.3.1/../../../../arm-none-eabi/lib/thumb/v7e-m/nofp\libg.a(lib_a-sprintf.o)
                0x00021354                sprintf
 *fill*         0x00021394        0xc 
 .text          0x000213a0      0x2dc c:/gcc-arm-none-eabi-10.3-2021.10/bin/../lib/gcc/arm-none-eabi/10.3.1/../../../../arm-none-eabi/lib/thumb/v7e-m/nofp\libg.a(lib_a-strcmp.o)
                0x000213a8                strcmp
 .text.strcpy   0x0002167c       0xbc c:/gcc-arm-none-eabi-10.3-2021.10/bin/../lib/gcc/arm-none-eabi/10.3.1/../../../../arm-none-eabi/lib/thumb/v7e-m/nofp\libg.a(lib_a-strcpy.o)
                0x0002167c                strcpy
 *fill*         0x00021738        0x8 
 .text          0x00021740       0xdc c:/gcc-arm-none-eabi-10.3-2021.10/bin/../lib/gcc/arm-none-eabi/10.3.1/../../../../arm-none-eabi/lib/thumb/v7e-m/nofp\libg.a(lib_a-strlen.o)