Archive member included to satisfy reference by file (symbol)

c:/gcc-arm-none-eabi-10.3-2021.10/bin/../lib/gcc/arm-none-eabi/10.3.1/../../../../arm-none-eabi/lib/thumb/v7e-m/nofp\libstdc++.a(del_ops.o)
                              Libraries/FEHIO.o (operator delete(void*, unsigned int))
c:/gcc-arm-none-eabi-10.3-2021.10/bin/../lib/gcc/arm-none-eabi/10.3.1/../../../../arm-none-eabi/lib/thumb/v7e-m/nofp\libstdc++.a(new_op.o)
                              Libraries/FEHIO.o (operator new(unsigned int))
c:/gcc-arm-none-eabi-10.3-2021.10/bin/../lib/gcc/arm-none-eabi/10.3.1/../../../../arm-none-eabi/lib/thumb/v7e-m/nofp\libstdc++.a(bad_alloc.o)
                              c:/gcc-arm-none-eabi-10.3-2021.10/bin/../lib/gcc/arm-none-eabi/10.3.1/../../../../arm-none-eabi/lib/thumb/v7e-m/nofp\libstdc++.a(new_op.o) (std::bad_alloc::~bad_alloc())
c:/gcc-arm-none-eabi-10.3-2021.10/bin/../lib/gcc/arm-none-eabi/10.3.1/../../../../arm-none-eabi/lib/thumb/v7e-m/nofp\libstdc++.a(del_op.o)
                              c:/gcc-arm-none-eabi-10.3-2021.10/bin/../lib/gcc/arm-none-eabi/10.3.1/../../../../arm-none-eabi/lib/thumb/v7e-m/nofp\libstdc++.a(del_ops.o) (operator delete(void*))
c:/gcc-arm-none-eabi-10.3-2021.10/bin/../lib/gcc/arm-none-eabi/10.3.1/../../../../arm-none-eabi/lib/thumb/v7e-m/nofp\libstdc++.a(eh_alloc.o)
                              c:/gcc-arm-none-eabi-10.3-2021.10/bin/../lib/gcc/arm-none-eabi/10.3.1/../../../../arm-none-eabi/lib/thumb/v7e-m/nofp\libstdc++.a(new_op.o) (__cxa_allocate_exception)
c:/gcc-arm-none-eabi-10.3-2021.10/bin/../lib/gcc/arm-none-eabi/10.3.1/../../../../arm-none-eabi/lib/thumb/v7e-m/nofp\libstdc++.a(eh_exception.o)
                              c:/gcc-arm-none-eabi-10.3-2021.10/bin/../lib/gcc/arm-none-eabi/10.3.1/../../../../arm-none-eabi/lib/thumb/v7e-m/nofp\libstdc++.a(bad_alloc.o) (std::exception::~exception())
c:/gcc-arm-none-eabi-10.3-2021.10/bin/../lib/gcc/arm-none-eabi/10.3.1/../../../../arm-none-eabi/lib/thumb/v7e-m/nofp\libstdc++.a(eh_terminate.o)
                              c:/gcc-arm-none-eabi-10.3-2021.10/bin/../lib/gcc/arm-none-eabi/10.3.1/../../../../arm-none-eabi/lib/thumb/v7e-m/nofp\libstdc++.a(eh_alloc.o) (std::terminate())
c:/gcc-arm-none-eabi-10.3-2021.10/bin/../lib/gcc/arm-none-eabi/10.3.1/../../../../arm-none-eabi/lib/thumb/v7e-m/nofp\libstdc++.a(eh_throw.o)
                              c:/gcc-arm-none-eabi-10.3-2021.10/bin/../lib/gcc/arm-none-eabi/10.3.1/../../../../arm-none-eabi/lib/thumb/v7e-m/nofp\libstdc++.a(new_op.o) (__cxa_throw)
c:/gcc-arm-none-eabi-10.3-2021.10/bin/../lib/gcc/arm-none-eabi/10.3.1/../../../../arm-none-eabi/lib/thumb/v7e-m/nofp\libstdc++.a(eh_unex_handler.o)
                              c:/gcc-arm-none-eabi-10.3-2021.10/bin/../lib/gcc/arm-none-eabi/10.3.1/../../../../arm-none-eabi/lib/thumb/v7e-m/nofp\libstdc++.a(eh_terminate.o) (__cxxabiv1::__unexpected_handler)
c:/gcc-arm-none-eabi-10.3-2021.10/bin/../lib/gcc/arm-none-eabi/10.3.1/../../../../arm-none-eabi/lib/thumb/v7e-m/nofp\libstdc++.a(new_handler.o)
                              c:/gcc-arm-none-eabi-10.3-2021.10/bin/../lib/gcc/arm-none-eabi/10.3.1/../../../../arm-none-eabi/lib/thumb/v7e-m/nofp\libstdc++.a(new_op.o) (std::get_new_handler())
c:/gcc-arm-none-eabi-10.3-2021.10/bin/../lib/gcc/arm-none-eabi/10.3.1/../../../../arm-none-eabi/lib/thumb/v7e-m/nofp\libstdc++.a(pure.o)
                              c:/gcc-arm-none-eabi-10.3-2021.10/bin/../lib/gcc/arm-none-eabi/10.3.1/../../../../arm-none-eabi/lib/thumb/v7e-m/nofp\libstdc++.a(eh_exception.o) (__cxa_pure_virtual)
c:/gcc-arm-none-eabi-10.3-2021.10/bin/../lib/gcc/arm-none-eabi/10.3.1/../../../../arm-none-eabi/lib/thumb/v7e-m/nofp\libstdc++.a(si_class_type_info.o)
                              c:/gcc-arm-none-eabi-10.3-2021.10/bin/../lib/gcc/arm-none-eabi/10.3.1/../../../../arm-none-eabi/lib/thumb/v7e-m/nofp\libstdc++.a(bad_alloc.o) (vtable for __cxxabiv1::__si_class_type_info)
c:/gcc-arm-none-eabi-10.3-2021.10/bin/../lib/gcc/arm-none-eabi/10.3.1/../../../../arm-none-eabi/lib/thumb/v7e-m/nofp\libstdc++.a(tinfo.o)
                              c:/gcc-arm-none-eabi-10.3-2021.10/bin/../lib/gcc/arm-none-eabi/10.3.1/../../../../arm-none-eabi/lib/thumb/v7e-m/nofp\libstdc++.a(si_class_type_info.o) (std::type_info::__is_pointer_p() const)
c:/gcc-arm-none-eabi-10.3-2021.10/bin/../lib/gcc/arm-none-eabi/10.3.1/../../../../arm-none-eabi/lib/thumb/v7e-m/nofp\libstdc++.a(vterminate.o)
                              c:/gcc-arm-none-eabi-10.3-2021.10/bin/../lib/gcc/arm-none-eabi/10.3.1/../../../../arm-none-eabi/lib/thumb/v7e-m/nofp\libstdc++.a(eh_terminate.o) (__gnu_cxx::__verbose_terminate_handler())
c:/gcc-arm-none-eabi-10.3-2021.10/bin/../lib/gcc/arm-none-eabi/10.3.1/../../../../arm-none-eabi/lib/thumb/v7e-m/nofp\libstdc++.a(class_type_info.o)
[...]
Memory Configuration

Name             Origin             Length             Attributes
PROGRAM_FLASH    0x0000c000         0x00073c00         xr
SRAM_UPPER       0x20000000         0x00010000         xrw
SRAM_LOWER       0x1fff0000         0x00010000         xrw
*default*        0x00000000         0xffffffff

Linker script and memory map

LOAD c:/gcc-arm-none-eabi-10.3-2021.10/bin/../lib/gcc/arm-none-eabi/10.3.1/thumb/v7e-m/nofp/crti.o
LOAD c:/gcc-arm-none-eabi-10.3-2021.10/bin/../lib/gcc/arm-none-eabi/10.3.1/thumb/v7e-m/nofp/crtbegin.o
LOAD c:/gcc-arm-none-eabi-10.3-2021.10/bin/../lib/gcc/arm-none-eabi/10.3.1/../../../../arm-none-eabi/lib/thumb/v7e-m/nofp/crt0.o
LOAD ../main.o
LOAD Startup/startup_mk60d10.o
LOAD Libraries/FEHMotor.o
LOAD Drivers/mcg.o
LOAD Drivers/i2c.o
LOAD Drivers/spi.o
LOAD Drivers/uart.o
LOAD Drivers/ff.o
LOAD Drivers/SDHC.o
LOAD Drivers/lptmr.o
LOAD FEHProteus.o
LOAD Drivers/FEHPropeller.o
LOAD Libraries/FEHUtility.o
LOAD Libraries/FEHIO.o
LOAD Drivers/adc16.o
LOAD Libraries/FEHBuzzer.o
LOAD Libraries/FEHServo.o
LOAD Libraries/FEHLCD.o
LOAD Libraries/FEHAccel.o
LOAD Libraries/FEHBattery.o
LOAD Drivers/FEHXBee.o
LOAD Libraries/FEHRPS.o
LOAD Libraries/FEHSD.o
LOAD Libraries/FEHRandom.o
LOAD c:/gcc-arm-none-eabi-10.3-2021.10/bin/../lib/gcc/arm-none-eabi/10.3.1/../../../../arm-none-eabi/lib/thumb/v7e-m/nofp\libstdc++.a
LOAD c:/gcc-arm-none-eabi-10.3-2021.10/bin/../lib/gcc/arm-none-eabi/10.3.1/../../../../arm-none-eabi/lib/thumb/v7e-m/nofp\libm.a
START GROUP
LOAD c:/gcc-arm-none-eabi-10.3-2021.10/bin/../lib/gcc/arm-none-eabi/10.3.1/thumb/v7e-m/nofp\libgcc.a
LOAD c:/gcc-arm-none-eabi-10.3-2021.10/bin/../lib/gcc/arm-none-eabi/10.3.1/../../../../arm-none-eabi/lib/thumb/v7e-m/nofp\libg.a
LOAD c:/gcc-arm-none-eabi-10.3-2021.10/bin/../lib/gcc/arm-none-eabi/10.3.1/../../../../arm-none-eabi/lib/thumb/v7e-m/nofp\libc.a
END GROUP
START GROUP
LOAD c:/gcc-arm-none-eabi-10.3-2021.10/bin/../lib/gcc/arm-none-eabi/10.3.1/thumb/v7e-m/nofp\libgcc.a
LOAD c:/gcc-arm-none-eabi-10.3-2021.10/bin/../lib/gcc/arm-none-eabi/10.3.1/../../../../arm-none-eabi/lib/thumb/v7e-m/nofp\libc.a
LOAD c:/gcc-arm-none-eabi-10.3-2021.10/bin/../lib/gcc/arm-none-eabi/10.3.1/../../../../arm-none-eabi/lib/thumb/v7e-m/nofp\libnosys.a
END GROUP
LOAD c:/gcc-arm-none-eabi-10.3-2021.10/bin/../lib/gcc/arm-none-eabi/10.3.1/thumb/v7e-m/nofp/crtend.o
LOAD c:/gcc-arm-none-eabi-10.3-2021.10/bin/../lib/gcc/arm-none-eabi/10.3.1/thumb/v7e-m/nofp/crtn.o
                0x0000c000                __base_PROGRAM_FLASH = 0xc000
                0x0000c000                __base_Flash = 0xc000
                0x0007fc00                __top_PROGRAM_FLASH = 0x7fc00
                0x0007fc00                __top_Flash = 0x7fc00
                0x20000000                __base_SRAM_UPPER = 0x20000000
                0x20000000                __base_RAM = 0x20000000
                0x20010000                __top_SRAM_UPPER = 0x20010000
                0x20010000                __top_RAM = 0x20010000
                0x1fff0000                __base_SRAM_LOWER = 0x1fff0000
                0x1fff0000                __base_RAM2 = 0x1fff0000
                0x20000000                __top_SRAM_LOWER = 0x20000000
                0x20000000                __top_RAM2 = 0x20000000

.text           0x0000c000      0x410
 FILL mask 0xff
                0x0000c000                __vectors_start__ = ABSOLUTE (.)
 *(.isr_vector)
 .isr_vector    0x0000c000      0x1bc Startup/startup_mk60d10.o
                0x0000c000                g_pfnVectors
                0x0000c000                __Vectors
                0x0000c1bc                . = ALIGN (0x4)
                0x0000c1bc                __section_table_start = .
                0x0000c1bc                __data_section_table = .
                0x0000c1bc        0x4 LONG 0x1e044 LOADADDR (.data)
                0x0000c1c0        0x4 LONG 0x20000000 ADDR (.data)
                0x0000c1c4        0x4 LONG 0x16d8 SIZEOF (.data)
                0x0000c1c8        0x4 LONG 0x1e044 LOADADDR (.data_RAM2)
                0x0000c1cc        0x4 LONG 0x1fff0000 ADDR (.data_RAM2)
                0x0000c1d0        0x4 LONG 0x0 SIZEOF (.data_RAM2)
                0x0000c1d4                __data_section_table_end = .
                0x0000c1d4                __bss_section_table = .
                0x0000c1d4        0x4 LONG 0x200016d8 ADDR (.bss)
                0x0000c1d8        0x4 LONG 0x540 SIZEOF (.bss)
                0x0000c1dc        0x4 LONG 0x1fff0000 ADDR (.bss_RAM2)
                0x0000c1e0        0x4 LONG 0x0 SIZEOF (.bss_RAM2)
                0x0000c1e4                __bss_section_table_end = .
                0x0000c1e4                __section_table_end = .
 *(.after_vectors*)
 .after_vectors.init_data
                0x0000c1e4       0x42 Startup/startup_mk60d10.o
                0x0000c1e4                data_init(unsigned int, unsigned int, unsigned int)
 .after_vectors.init_bss
                0x0000c226       0x36 Startup/startup_mk60d10.o
                0x0000c226                bss_init(unsigned int, unsigned int)
 .after_vectors.reset
                0x0000c25c       0xb4 Startup/startup_mk60d10.o
                0x0000c25c                ResetISR
 .after_vectors
                0x0000c310       0x3c Startup/startup_mk60d10.o
                0x0000c310                NMI_Handler
                0x0000c316                HardFault_Handler
                0x0000c31c                MemManage_Handler
                0x0000c322                BusFault_Handler
                0x0000c328                UsageFault_Handler
                0x0000c32e                SVC_Handler
                0x0000c334                DebugMon_Handler
                0x0000c33a                PendSV_Handler
                0x0000c340                SysTick_Handler
                0x0000c346                DMA_Error_DriverIRQHandler
                0x0000c346                LPTMR0_DriverIRQHandler
                0x0000c346                FTM1_DriverIRQHandler
                0x0000c346                FTM2_DriverIRQHandler
                0x0000c346                PIT2_DriverIRQHandler
                0x0000c346                SDHC_DriverIRQHandler
                0x0000c346                I2S0_Tx_DriverIRQHandler
                0x0000c346                TSI0_DriverIRQHandler
                0x0000c346                RTC_Seconds_DriverIRQHandler
                0x0000c346                Reserved109_DriverIRQHandler
                0x0000c346                DMA6_DriverIRQHandler
                0x0000c346                LLWU_DriverIRQHandler
                0x0000c346                MCM_DriverIRQHandler
                0x0000c346                MCG_DriverIRQHandler
                0x0000c346                ENET_1588_Timer_DriverIRQHandler
                0x0000c346                DAC1_DriverIRQHandler
                0x0000c346                SPI1_DriverIRQHandler
                0x0000c346                CMP1_DriverIRQHandler
                0x0000c346                UART5_RX_TX_DriverIRQHandler
                0x0000c346                FTM0_DriverIRQHandler
                0x0000c346                IntDefaultHandler
                0x0000c346                USB0_DriverIRQHandler
                0x0000c346                UART5_ERR_DriverIRQHandler
                0x0000c346                DMA11_DriverIRQHandler
                0x0000c346                DAC0_DriverIRQHandler
                0x0000c346                DMA10_DriverIRQHandler
                0x0000c346                CMP2_DriverIRQHandler
                0x0000c346                UART2_ERR_DriverIRQHandler
                0x0000c346                SPI2_DriverIRQHandler
                0x0000c346                LVD_LVW_DriverIRQHandler
                0x0000c346                RNG_DriverIRQHandler
                0x0000c346                DMA12_DriverIRQHandler
                0x0000c346                DMA4_DriverIRQHandler
                0x0000c346                UART2_RX_TX_DriverIRQHandler
                0x0000c346                USBDCD_DriverIRQHandler
                0x0000c346                UART3_ERR_DriverIRQHandler
                0x0000c346                DMA3_DriverIRQHandler
                0x0000c346                DMA8_DriverIRQHandler
                0x0000c346                DMA9_DriverIRQHandler
                0x0000c346                UART0_ERR_DriverIRQHandler
                0x0000c346                CMT_DriverIRQHandler
                0x0000c346                ADC1_DriverIRQHandler
                0x0000c346                DMA14_DriverIRQHandler
                0x0000c346                PIT3_DriverIRQHandler
                0x0000c346                PIT1_DriverIRQHandler
                0x0000c346                WDOG_EWM_DriverIRQHandler
                0x0000c346                PDB0_DriverIRQHandler
                0x0000c346                Reserved95_DriverIRQHandler
                0x0000c346                RTC_DriverIRQHandler
                0x0000c346                I2S0_Rx_DriverIRQHandler
                0x0000c346                Read_Collision_DriverIRQHandler
                0x0000c346                SWI_DriverIRQHandler
                0x0000c346                UART4_RX_TX_DriverIRQHandler
                0x0000c346                UART4_ERR_DriverIRQHandler
                0x0000c346                DMA0_DriverIRQHandler
                0x0000c346                UART0_LON_DriverIRQHandler
                0x0000c346                Reserved102_DriverIRQHandler
                0x0000c346                DMA1_DriverIRQHandler
                0x0000c346                I2C1_DriverIRQHandler
                0x0000c346                UART3_RX_TX_DriverIRQHandler
                0x0000c346                ENET_Receive_DriverIRQHandler
                0x0000c346                DMA13_DriverIRQHandler
                0x0000c346                ENET_Error_DriverIRQHandler
                0x0000c346                DMA15_DriverIRQHandler
                0x0000c346                SPI0_DriverIRQHandler
                0x0000c346                ADC0_DriverIRQHandler
                0x0000c346                FTFL_DriverIRQHandler
                0x0000c346                CMP0_DriverIRQHandler
                0x0000c346                CAN0_DriverIRQHandler
                0x0000c346                Reserved59_DriverIRQHandler
                0x0000c346                DMA5_DriverIRQHandler
                0x0000c346                UART1_ERR_DriverIRQHandler
                0x0000c346                DMA2_DriverIRQHandler
                0x0000c346                ENET_Transmit_DriverIRQHandler
                0x0000c346                I2C0_DriverIRQHandler
                0x0000c346                CAN1_DriverIRQHandler
                0x0000c346                DMA7_DriverIRQHandler
                0x0000c346                UART1_RX_TX_DriverIRQHandler
                0x0000c346                Reserved108_DriverIRQHandler
                0x00000400                . = 0x400
 *fill*         0x0000c34c       0xb4 ff
                0x0000c400                PROVIDE (__FLASH_CONFIG_START__ = .)
 *(.FlashConfig)
 .FlashConfig   0x0000c400       0x10 Startup/startup_mk60d10.o
                0x0000c410                PROVIDE (__FLASH_CONFIG_END__ = .)
                0x00000001                ASSERT (! ((__FLASH_CONFIG_START__ == __FLASH_CONFIG_END__)), Linker Flash Config Support Enabled, but no .FlashConfig section provided within application)

.eh_frame       0x0000c410        0x0
 .eh_frame      0x0000c410        0x0 c:/gcc-arm-none-eabi-10.3-2021.10/bin/../lib/gcc/arm-none-eabi/10.3.1/thumb/v7e-m/nofp/crtbegin.o

.glue_7         0x0000c410        0x0
 .glue_7        0x0000c410        0x0 linker stubs

.glue_7t        0x0000c410        0x0
 .glue_7t       0x0000c410        0x0 linker stubs

.vfp11_veneer   0x0000c410        0x0
 .vfp11_veneer  0x0000c410        0x0 linker stubs

.v4_bx          0x0000c410        0x0
 .v4_bx         0x0000c410        0x0 linker stubs

.iplt           0x0000c410        0x0
 .iplt          0x0000c410        0x0 c:/gcc-arm-none-eabi-10.3-2021.10/bin/../lib/gcc/arm-none-eabi/10.3.1/thumb/v7e-m/nofp/crtbegin.o

.text           0x0000c440    0x11bfc
 *(.text*)
 .text          0x0000c440       0x40 c:/gcc-arm-none-eabi-10.3-2021.10/bin/../lib/gcc/arm-none-eabi/10.3.1/thumb/v7e-m/nofp/crtbegin.o
 .text._Z16projectOntoWheelPdi
                0x0000c480       0x60 ../main.o
                0x0000c480                projectOntoWheel(double*, int)
 .text._Z4stopv
                0x0000c4e0       0x34 ../main.o
                0x0000c4e0                stop()
 .text._Z4stopi
                0x0000c514       0x1a ../main.o
                0x0000c514                stop(int)
 *fill*         0x0000c52e        0x2 
 .text._Z11setVelocityPd
                0x0000c530       0x6c ../main.o
                0x0000c530                setVelocity(double*)
 .text._Z11setVelocitydd
                0x0000c59c       0x50 ../main.o
                0x0000c59c                setVelocity(double, double)
 *fill*         0x0000c5ec        0x4 
 .text._Z11setVelocityid
                0x0000c5f0       0x5c ../main.o
                0x0000c5f0                setVelocity(int, double)
 *fill*         0x0000c64c        0x4 
 .text._Z18setVelocityAndTurnddd
                0x0000c650      0x13c ../main.o
                0x0000c650                setVelocityAndTurn(double, double, double)
 .text._Z4turndibi
                0x0000c78c       0x80 ../main.o
                0x0000c78c                turn(double, int, bool, int)
 *fill*         0x0000c80c        0x4 
 .text._Z4turnbibi
                0x0000c810       0x58 ../main.o
                0x0000c810                turn(bool, int, bool, int)
 .text._Z5driveiidbi
                0x0000c868       0x32 ../main.o
                0x0000c868                drive(int, int, double, bool, int)
 *fill*         0x0000c89a        0x6 
 .text._Z13driveDistanceidd
                0x0000c8a0      0x14c ../main.o
                0x0000c8a0                driveDistance(int, double, double)
 *fill*         0x0000c9ec        0x4 
 .text._Z11turnDegreesid
                0x0000c9f0      0x138 ../main.o
                0x0000c9f0                turnDegrees(int, double)
 .text._Z9normalized
                0x0000cb28      0x110 ../main.o
                0x0000cb28                normalize(double)
 .text._Z4goToddddddd
                0x0000cc38      0x4f8 ../main.o
                0x0000cc38                goTo(double, double, double, double, double, double, double)
 .text._Z4goToPddddd
                0x0000d130       0x5e ../main.o
                0x0000d130                goTo(double*, double, double, double, double)
 *fill*         0x0000d18e        0x2 
 .text._Z8getColorv
                0x0000d190       0x6c ../main.o
                0x0000d190                getColor()
 .text._Z13initializeBotv
                0x0000d1fc       0xa0 ../main.o
                0x0000d1fc                initializeBot()
 .text._Z10setRPSValsv
                0x0000d29c       0x60 ../main.o
                0x0000d29c                setRPSVals()
 .text._Z12setLocationsv
                0x0000d2fc      0x190 ../main.o
                0x0000d2fc                setLocations()
 *fill*         0x0000d48c        0x4 
 .text._Z9challengev
                0x0000d490      0x628 ../main.o
                0x0000d490                challenge()
 .text.main     0x0000dab8       0xa0 ../main.o
                0x0000dab8                main
 .text._Z41__static_initialization_and_destruction_0ii
                0x0000db58       0x8c ../main.o
 .text._GLOBAL__sub_I_WHEEL_DIRECTIONS
                0x0000dbe4       0x10 ../main.o
 .text.PORTD_IRQHandler
                0x0000dbf4       0x50 Startup/startup_mk60d10.o
                0x0000dbf4                PORTD_IRQHandler
 .text._Z15InitPowerButtonv
                0x0000dc44       0x60 Startup/startup_mk60d10.o
                0x0000dc44                InitPowerButton()
 .text._ZL11pll_init_blv
                0x0000dca4       0xe0 Startup/startup_mk60d10.o
 .text._Z14InitFEHProteusv
                0x0000dd84       0xec Startup/startup_mk60d10.o
                0x0000dd84                InitFEHProteus()
 .text.DMA0_IRQHandler
                0x0000de70        0xc Startup/startup_mk60d10.o
                0x0000de70                DMA0_IRQHandler
 .text.DMA1_IRQHandler
                0x0000de7c        0xc Startup/startup_mk60d10.o
                0x0000de7c                DMA1_IRQHandler
 .text.DMA2_IRQHandler
                0x0000de88        0xc Startup/startup_mk60d10.o
                0x0000de88                DMA2_IRQHandler
 .text.DMA3_IRQHandler
                0x0000de94        0xc Startup/startup_mk60d10.o
                0x0000de94                DMA3_IRQHandler
 .text.DMA4_IRQHandler
                0x0000dea0        0xc Startup/startup_mk60d10.o
                0x0000dea0                DMA4_IRQHandler
 .text.DMA5_IRQHandler
                0x0000deac        0xc Startup/startup_mk60d10.o
                0x0000deac                DMA5_IRQHandler
 .text.DMA6_IRQHandler
                0x0000deb8        0xc Startup/startup_mk60d10.o
                0x0000deb8                DMA6_IRQHandler
 .text.DMA7_IRQHandler
                0x0000dec4        0xc Startup/startup_mk60d10.o
                0x0000dec4                DMA7_IRQHandler
 .text.DMA8_IRQHandler
                0x0000ded0        0xc Startup/startup_mk60d10.o
                0x0000ded0                DMA8_IRQHandler
 .text.DMA9_IRQHandler
                0x0000dedc        0xc Startup/startup_mk60d10.o
                0x0000dedc                DMA9_IRQHandler
 .text.DMA10_IRQHandler
                0x0000dee8        0xc Startup/startup_mk60d10.o
                0x0000dee8                DMA10_IRQHandler
 .text.DMA11_IRQHandler
                0x0000def4        0xc Startup/startup_mk60d10.o
                0x0000def4                DMA11_IRQHandler
 .text.DMA12_IRQHandler
                0x0000df00        0xc Startup/startup_mk60d10.o
                0x0000df00                DMA12_IRQHandler
 .text.DMA13_IRQHandler
                0x0000df0c        0xc Startup/startup_mk60d10.o
                0x0000df0c                DMA13_IRQHandler
 .text.DMA14_IRQHandler
                0x0000df18        0xc Startup/startup_mk60d10.o
                0x0000df18                DMA14_IRQHandler
 .text.DMA15_IRQHandler
                0x0000df24        0xc Startup/startup_mk60d10.o
                0x0000df24                DMA15_IRQHandler
 .text.DMA_Error_IRQHandler
                0x0000df30        0xc Startup/startup_mk60d10.o
                0x0000df30                DMA_Error_IRQHandler
 .text.MCM_IRQHandler
                0x0000df3c        0xc Startup/startup_mk60d10.o
                0x0000df3c                MCM_IRQHandler
 .text.FTFL_IRQHandler
                0x0000df48        0xc Startup/startup_mk60d10.o
                0x0000df48                FTFL_IRQHandler
 .text.Read_Collision_IRQHandler
                0x0000df54        0xc Startup/startup_mk60d10.o
                0x0000df54                Read_Collision_IRQHandler
 .text.LVD_LVW_IRQHandler
                0x0000df60        0xc Startup/startup_mk60d10.o
                0x0000df60                LVD_LVW_IRQHandler
 .text.LLWU_IRQHandler
                0x0000df6c        0xc Startup/startup_mk60d10.o
                0x0000df6c                LLWU_IRQHandler
 .text.WDOG_EWM_IRQHandler
                0x0000df78        0xc Startup/startup_mk60d10.o
                0x0000df78                WDOG_EWM_IRQHandler
 .text.RNG_IRQHandler
                0x0000df84        0xc Startup/startup_mk60d10.o
                0x0000df84                RNG_IRQHandler
 .text.I2C0_IRQHandler
                0x0000df90        0xc Startup/startup_mk60d10.o
                0x0000df90                I2C0_IRQHandler
 .text.I2C1_IRQHandler
                0x0000df9c        0xc Startup/startup_mk60d10.o
                0x0000df9c                I2C1_IRQHandler
 .text.SPI0_IRQHandler
                0x0000dfa8        0xc Startup/startup_mk60d10.o
                0x0000dfa8                SPI0_IRQHandler
 .text.SPI1_IRQHandler
                0x0000dfb4        0xc Startup/startup_mk60d10.o
                0x0000dfb4                SPI1_IRQHandler
 .text.SPI2_IRQHandler
                0x0000dfc0        0xc Startup/startup_mk60d10.o
                0x0000dfc0                SPI2_IRQHandler
 .text.CAN0_ORed_Message_buffer_IRQHandler
                0x0000dfcc        0xc Startup/startup_mk60d10.o
                0x0000dfcc                CAN0_ORed_Message_buffer_IRQHandler
 .text.CAN0_Bus_Off_IRQHandler
                0x0000dfd8        0xc Startup/startup_mk60d10.o
                0x0000dfd8                CAN0_Bus_Off_IRQHandler
 .text.CAN0_Error_IRQHandler
                0x0000dfe4        0xc Startup/startup_mk60d10.o
                0x0000dfe4                CAN0_Error_IRQHandler
 .text.CAN0_Tx_Warning_IRQHandler
                0x0000dff0        0xc Startup/startup_mk60d10.o
                0x0000dff0                CAN0_Tx_Warning_IRQHandler
 .text.CAN0_Rx_Warning_IRQHandler
                0x0000dffc        0xc Startup/startup_mk60d10.o
                0x0000dffc                CAN0_Rx_Warning_IRQHandler
 .text.CAN0_Wake_Up_IRQHandler
                0x0000e008        0xc Startup/startup_mk60d10.o
                0x0000e008                CAN0_Wake_Up_IRQHandler
 .text.I2S0_Tx_IRQHandler
                0x0000e014        0xc Startup/startup_mk60d10.o
                0x0000e014                I2S0_Tx_IRQHandler
 .text.I2S0_Rx_IRQHandler
                0x0000e020        0xc Startup/startup_mk60d10.o
                0x0000e020                I2S0_Rx_IRQHandler
 .text.CAN1_ORed_Message_buffer_IRQHandler
                0x0000e02c        0xc Startup/startup_mk60d10.o
                0x0000e02c                CAN1_ORed_Message_buffer_IRQHandler
 .text.CAN1_Bus_Off_IRQHandler
                0x0000e038        0xc Startup/startup_mk60d10.o
                0x0000e038                CAN1_Bus_Off_IRQHandler
 .text.CAN1_Error_IRQHandler
                0x0000e044        0xc Startup/startup_mk60d10.o
                0x0000e044                CAN1_Error_IRQHandler
 .text.CAN1_Tx_Warning_IRQHandler
                0x0000e050        0xc Startup/startup_mk60d10.o
                0x0000e050                CAN1_Tx_Warning_IRQHandler
 .text.CAN1_Rx_Warning_IRQHandler
                0x0000e05c        0xc Startup/startup_mk60d10.o
                0x0000e05c                CAN1_Rx_Warning_IRQHandler
 .text.CAN1_Wake_Up_IRQHandler
                0x0000e068        0xc Startup/startup_mk60d10.o
                0x0000e068                CAN1_Wake_Up_IRQHandler
 .text.Reserved59_IRQHandler
                0x0000e074        0xc Startup/startup_mk60d10.o
                0x0000e074                Reserved59_IRQHandler
 .text.UART0_LON_IRQHandler
                0x0000e080        0xc Startup/startup_mk60d10.o
                0x0000e080                UART0_LON_IRQHandler
 .text.UART0_ERR_IRQHandler
                0x0000e08c        0xc Startup/startup_mk60d10.o
                0x0000e08c                UART0_ERR_IRQHandler
 .text.UART1_RX_TX_IRQHandler
                0x0000e098        0xc Startup/startup_mk60d10.o
                0x0000e098                UART1_RX_TX_IRQHandler
 .text.UART1_ERR_IRQHandler
                0x0000e0a4        0xc Startup/startup_mk60d10.o
                0x0000e0a4                UART1_ERR_IRQHandler
 .text.UART2_RX_TX_IRQHandler
                0x0000e0b0        0xc Startup/startup_mk60d10.o
                0x0000e0b0                UART2_RX_TX_IRQHandler
 .text.UART2_ERR_IRQHandler
                0x0000e0bc        0xc Startup/startup_mk60d10.o
                0x0000e0bc                UART2_ERR_IRQHandler
 .text.UART3_RX_TX_IRQHandler
                0x0000e0c8        0xc Startup/startup_mk60d10.o
                0x0000e0c8                UART3_RX_TX_IRQHandler
 .text.UART3_ERR_IRQHandler
                0x0000e0d4        0xc Startup/startup_mk60d10.o
                0x0000e0d4                UART3_ERR_IRQHandler
 .text.UART4_RX_TX_IRQHandler
                0x0000e0e0        0xc Startup/startup_mk60d10.o
                0x0000e0e0                UART4_RX_TX_IRQHandler
 .text.UART4_ERR_IRQHandler
                0x0000e0ec        0xc Startup/startup_mk60d10.o
                0x0000e0ec                UART4_ERR_IRQHandler
 .text.UART5_RX_TX_IRQHandler
                0x0000e0f8        0xc Startup/startup_mk60d10.o
                0x0000e0f8                UART5_RX_TX_IRQHandler
 .text.UART5_ERR_IRQHandler
                0x0000e104        0xc Startup/startup_mk60d10.o
                0x0000e104                UART5_ERR_IRQHandler
 .text.ADC0_IRQHandler
                0x0000e110        0xc Startup/startup_mk60d10.o
                0x0000e110                ADC0_IRQHandler
 .text.ADC1_IRQHandler
                0x0000e11c        0xc Startup/startup_mk60d10.o
                0x0000e11c                ADC1_IRQHandler
 .text.CMP0_IRQHandler
                0x0000e128        0xc Startup/startup_mk60d10.o
                0x0000e128                CMP0_IRQHandler
 .text.CMP1_IRQHandler
                0x0000e134        0xc Startup/startup_mk60d10.o
                0x0000e134                CMP1_IRQHandler
 .text.CMP2_IRQHandler
                0x0000e140        0xc Startup/startup_mk60d10.o
                0x0000e140                CMP2_IRQHandler
 .text.FTM0_IRQHandler
                0x0000e14c        0xc Startup/startup_mk60d10.o
                0x0000e14c                FTM0_IRQHandler
 .text.FTM1_IRQHandler
                0x0000e158        0xc Startup/startup_mk60d10.o
                0x0000e158                FTM1_IRQHandler
 .text.FTM2_IRQHandler
                0x0000e164        0xc Startup/startup_mk60d10.o
                0x0000e164                FTM2_IRQHandler
 .text.CMT_IRQHandler
                0x0000e170        0xc Startup/startup_mk60d10.o
                0x0000e170                CMT_IRQHandler
 .text.RTC_IRQHandler
                0x0000e17c        0xc Startup/startup_mk60d10.o
                0x0000e17c                RTC_IRQHandler
 .text.RTC_Seconds_IRQHandler
                0x0000e188        0xc Startup/startup_mk60d10.o
                0x0000e188                RTC_Seconds_IRQHandler
 .text.PIT1_IRQHandler
                0x0000e194        0xc Startup/startup_mk60d10.o
                0x0000e194                PIT1_IRQHandler
 .text.PIT2_IRQHandler
                0x0000e1a0        0xc Startup/startup_mk60d10.o
                0x0000e1a0                PIT2_IRQHandler
 .text.PIT3_IRQHandler
                0x0000e1ac        0xc Startup/startup_mk60d10.o
                0x0000e1ac                PIT3_IRQHandler
 .text.PDB0_IRQHandler
                0x0000e1b8        0xc Startup/startup_mk60d10.o
                0x0000e1b8                PDB0_IRQHandler
 .text.USB0_IRQHandler
                0x0000e1c4        0xc Startup/startup_mk60d10.o
                0x0000e1c4                USB0_IRQHandler
 .text.USBDCD_IRQHandler
                0x0000e1d0        0xc Startup/startup_mk60d10.o
                0x0000e1d0                USBDCD_IRQHandler
 .text.ENET_1588_Timer_IRQHandler
                0x0000e1dc        0xc Startup/startup_mk60d10.o
                0x0000e1dc                ENET_1588_Timer_IRQHandler
 .text.ENET_Transmit_IRQHandler
                0x0000e1e8        0xc Startup/startup_mk60d10.o
                0x0000e1e8                ENET_Transmit_IRQHandler
 .text.ENET_Receive_IRQHandler
                0x0000e1f4        0xc Startup/startup_mk60d10.o
                0x0000e1f4                ENET_Receive_IRQHandler
 .text.ENET_Error_IRQHandler
                0x0000e200        0xc Startup/startup_mk60d10.o
                0x0000e200                ENET_Error_IRQHandler
 .text.Reserved95_IRQHandler
                0x0000e20c        0xc Startup/startup_mk60d10.o
                0x0000e20c                Reserved95_IRQHandler
 .text.SDHC_IRQHandler
                0x0000e218        0xc Startup/startup_mk60d10.o
                0x0000e218                SDHC_IRQHandler
 .text.DAC0_IRQHandler
                0x0000e224        0xc Startup/startup_mk60d10.o
                0x0000e224                DAC0_IRQHandler
 .text.DAC1_IRQHandler
                0x0000e230        0xc Startup/startup_mk60d10.o
                0x0000e230                DAC1_IRQHandler
 .text.TSI0_IRQHandler
                0x0000e23c        0xc Startup/startup_mk60d10.o
                0x0000e23c                TSI0_IRQHandler
 .text.MCG_IRQHandler
                0x0000e248        0xc Startup/startup_mk60d10.o
                0x0000e248                MCG_IRQHandler
 .text.LPTMR0_IRQHandler
                0x0000e254        0xc Startup/startup_mk60d10.o
                0x0000e254                LPTMR0_IRQHandler
 .text.Reserved102_IRQHandler
                0x0000e260        0xc Startup/startup_mk60d10.o
                0x0000e260                Reserved102_IRQHandler
 .text.Reserved108_IRQHandler
                0x0000e26c        0xc Startup/startup_mk60d10.o
                0x0000e26c                Reserved108_IRQHandler
 .text.Reserved109_IRQHandler
                0x0000e278        0xc Startup/startup_mk60d10.o
                0x0000e278                Reserved109_IRQHandler
 .text.SWI_IRQHandler
                0x0000e284        0xc Startup/startup_mk60d10.o
                0x0000e284                SWI_IRQHandler
 .text._ZN8FEHMotorC2ENS_12FEHMotorPortEf
                0x0000e290       0x7c Libraries/FEHMotor.o
                0x0000e290                FEHMotor::FEHMotor(FEHMotor::FEHMotorPort, float)
                0x0000e290                FEHMotor::FEHMotor(FEHMotor::FEHMotorPort, float)
 .text._ZN8FEHMotor4StopEv
                0x0000e30c       0x30 Libraries/FEHMotor.o
                0x0000e30c                FEHMotor::Stop()
 .text._ZN8FEHMotor8SetPowerEi
                0x0000e33c       0x54 Libraries/FEHMotor.o
                0x0000e33c                FEHMotor::SetPower(int)
 .text._ZN8FEHMotor10SetPercentEf
                0x0000e390       0xf8 Libraries/FEHMotor.o
                0x0000e390                FEHMotor::SetPercent(float)
 .text._Z21IIC_StartTransmissionhh
                0x0000e488       0x6c Drivers/i2c.o
                0x0000e488                IIC_StartTransmission(unsigned char, unsigned char)
 .text._Z5Pausev
                0x0000e4f4       0x24 Drivers/i2c.o
                0x0000e4f4                Pause()
 .text._Z21MMA8451QWriteRegisterhh
                0x0000e518       0x68 Drivers/i2c.o
                0x0000e518                MMA8451QWriteRegister(unsigned char, unsigned char)
 .text._Z8i2c_Waitv
                0x0000e580       0x6c Drivers/i2c.o
                0x0000e580                i2c_Wait()
 .text._Z12SPI_SendCharh
                0x0000e5ec       0x1a Drivers/spi.o
                0x0000e5ec                SPI_SendChar(unsigned char)
 .text._Z16SPI_WriteCommandhh
                0x0000e606       0x34 Drivers/spi.o
                0x0000e606                SPI_WriteCommand(unsigned char, unsigned char)
 .text._Z11SPI_GetCharv
                0x0000e63a       0x10 Drivers/spi.o
                0x0000e63a                SPI_GetChar()
 .text._Z15SPI_ReadCommandh
                0x0000e64a       0x38 Drivers/spi.o
                0x0000e64a                SPI_ReadCommand(unsigned char)
 *fill*         0x0000e682        0x2 
 .text._Z13SPI_CS_Assertv
                0x0000e684       0x1c Drivers/spi.o
                0x0000e684                SPI_CS_Assert()
 .text._Z15SPI_CS_Deassertv
                0x0000e6a0       0x1c Drivers/spi.o
                0x0000e6a0                SPI_CS_Deassert()
 .text._Z12SPI_Transferh
                0x0000e6bc       0x6c Drivers/spi.o
                0x0000e6bc                SPI_Transfer(unsigned char)
 .text._Z8SPI_Initv
                0x0000e728       0xa0 Drivers/spi.o
                0x0000e728                SPI_Init()
 .text._Z9uart_initPV11UART_MemMapii
                0x0000e7c8      0x174 Drivers/uart.o
                0x0000e7c8                uart_init(UART_MemMap volatile*, int, int)
 .text._Z12uart_getcharPV11UART_MemMap
                0x0000e93c       0x32 Drivers/uart.o
                0x0000e93c                uart_getchar(UART_MemMap volatile*)
 .text._Z12uart_putcharPV11UART_MemMapc
                0x0000e96e       0x32 Drivers/uart.o
                0x0000e96e                uart_putchar(UART_MemMap volatile*, char)
 .text._ZL7mem_setPvij
                0x0000e9a0       0x3c Drivers/ff.o
 .text._ZL11move_windowP5FATFSm
                0x0000e9dc       0xc8 Drivers/ff.o
 .text._ZL4syncP5FATFS
                0x0000eaa4      0x14c Drivers/ff.o
 .text._ZL8validateP5FATFSt
                0x0000ebf0       0x54 Drivers/ff.o
 .text._Z6f_syncP3FIL
                0x0000ec44      0x186 Drivers/ff.o
                0x0000ec44                f_sync(FIL*)
 .text._Z7f_closeP3FIL
                0x0000edca       0x28 Drivers/ff.o
                0x0000edca                f_close(FIL*)
 *fill*         0x0000edf2        0x2 
 .text._ZL17SDHC_set_baudratemm
                0x0000edf4       0xe8 Drivers/SDHC.o
 .text._Z9SDHC_initP17esdhc_info_structPK17esdhc_init_struct
                0x0000eedc      0x130 Drivers/SDHC.o
                0x0000eedc                SDHC_init(esdhc_info_struct*, esdhc_init_struct const*)
 .text._ZL15SDHC_is_runningv
                0x0000f00c       0x24 Drivers/SDHC.o
 .text._ZL16SDHC_status_waitm
                0x0000f030       0x2c Drivers/SDHC.o
 .text._ZL17SDHC_send_commandP20esdhc_command_struct
                0x0000f05c      0x1f8 Drivers/SDHC.o
 .text._Z10SDHC_ioctlmPv
                0x0000f254      0x6f0 Drivers/SDHC.o
                0x0000f254                SDHC_ioctl(unsigned long, void*)
 .text._ZL14rcvr_datablockPhm
                0x0000f944       0xf0 Drivers/SDHC.o
 .text._Z9disk_readhPhmh
                0x0000fa34      0x124 Drivers/SDHC.o
                0x0000fa34                disk_read(unsigned char, unsigned char*, unsigned long, unsigned char)
 .text._ZL14xmit_datablockPKhm
                0x0000fb58       0xa4 Drivers/SDHC.o
 .text._Z10disk_writehPKhmh
                0x0000fbfc      0x198 Drivers/SDHC.o
                0x0000fbfc                disk_write(unsigned char, unsigned char const*, unsigned long, unsigned char)
 .text._Z10disk_ioctlhhPv
                0x0000fd94      0x104 Drivers/SDHC.o
                0x0000fd94                disk_ioctl(unsigned char, unsigned char, void*)
 .text._Z11disk_statush
                0x0000fe98       0x28 Drivers/SDHC.o
                0x0000fe98                disk_status(unsigned char)
 .text._Z13time_delay_msm
                0x0000fec0       0x6c Drivers/lptmr.o
                0x0000fec0                time_delay_ms(unsigned long)
 .text._Z41__static_initialization_and_destruction_0ii
                0x0000ff2c       0x2c FEHProteus.o
 .text._GLOBAL__sub_I_Propeller
                0x0000ff58       0x10 FEHProteus.o
 .text._ZN12FEHPropellerC2Ev
                0x0000ff68       0x1a Drivers/FEHPropeller.o
                0x0000ff68                FEHPropeller::FEHPropeller()
                0x0000ff68                FEHPropeller::FEHPropeller()
 *fill*         0x0000ff82        0x2 
 .text._ZN12FEHPropeller10InitializeEv
                0x0000ff84       0x74 Drivers/FEHPropeller.o
                0x0000ff84                FEHPropeller::Initialize()
 .text._ZN12FEHPropeller12SetMotorRateEhhh
                0x0000fff8       0x5c Drivers/FEHPropeller.o
                0x0000fff8                FEHPropeller::SetMotorRate(unsigned char, unsigned char, unsigned char)
 .text._ZL5Delaymjj
                0x00010054       0x94 Libraries/FEHUtility.o
 .text._Z5Sleepi
                0x000100e8       0x2c Libraries/FEHUtility.o
                0x000100e8                Sleep(int)
 .text._Z5Sleepd
                0x00010114       0x4c Libraries/FEHUtility.o
                0x00010114                Sleep(double)
 .text._Z7TimeNowv
                0x00010160       0x5c Libraries/FEHUtility.o
                0x00010160                TimeNow()
 .text._Z11TimeNowMSecv
                0x000101bc       0x38 Libraries/FEHUtility.o
                0x000101bc                TimeNowMSec()
 .text._ZN14DigitalEncoderC2EN5FEHIO8FEHIOPinE
                0x000101f4       0x26 Libraries/FEHIO.o
                0x000101f4                DigitalEncoder::DigitalEncoder(FEHIO::FEHIOPin)
                0x000101f4                DigitalEncoder::DigitalEncoder(FEHIO::FEHIOPin)
 *fill*         0x0001021a        0x2 
 .text._Z10enable_irqi
                0x0001021c      0x11c Libraries/FEHIO.o
                0x0001021c                enable_irq(int)
 .text._ZN14DigitalEncoder10InitializeEN5FEHIO8FEHIOPinENS0_21FEHIOInterruptTriggerE
                0x00010338      0x1a8 Libraries/FEHIO.o
                0x00010338                DigitalEncoder::Initialize(FEHIO::FEHIOPin, FEHIO::FEHIOInterruptTrigger)
 .text._Z16PORTB_IRQHandlerv
                0x000104e0       0x9c Libraries/FEHIO.o
                0x000104e0                PORTB_IRQHandler()
 .text._Z16PORTC_IRQHandlerv
                0x0001057c       0x9c Libraries/FEHIO.o
                0x0001057c                PORTC_IRQHandler()
 .text._Z16PORTA_IRQHandlerv
                0x00010618       0xa0 Libraries/FEHIO.o
                0x00010618                PORTA_IRQHandler()
 .text._Z16PORTE_IRQHandlerv
                0x000106b8       0x98 Libraries/FEHIO.o
                0x000106b8                PORTE_IRQHandler()
 .text._ZN14DigitalEncoder6CountsEv
                0x00010750       0x24 Libraries/FEHIO.o
                0x00010750                DigitalEncoder::Counts()
 .text._ZN14DigitalEncoder11ResetCountsEv
                0x00010774       0x24 Libraries/FEHIO.o
                0x00010774                DigitalEncoder::ResetCounts()
 .text._ZN14AnalogInputPinC2EN5FEHIO8FEHIOPinE
                0x00010798       0x1e Libraries/FEHIO.o
                0x00010798                AnalogInputPin::AnalogInputPin(FEHIO::FEHIOPin)
                0x00010798                AnalogInputPin::AnalogInputPin(FEHIO::FEHIOPin)
 *fill*         0x000107b6        0x2 
 .text._ZN14AnalogInputPin5ValueEv
                0x000107b8      0x120 Libraries/FEHIO.o
                0x000107b8                AnalogInputPin::Value()
 .text._ZN13AnalogEncoder12EncoderValueEv
                0x000108d8       0xb0 Libraries/FEHIO.o
                0x000108d8                AnalogEncoder::EncoderValue()
 .text._ZN14AnalogInputPin8InitADCsEv
                0x00010988       0x98 Libraries/FEHIO.o
                0x00010988                AnalogInputPin::InitADCs()
 .text._Z15PIT0_IRQHandlerv
                0x00010a20       0x28 Libraries/FEHIO.o
                0x00010a20                PIT0_IRQHandler()
 .text._ZN13AnalogEncoder4InitEv
                0x00010a48       0x44 Libraries/FEHIO.o
                0x00010a48                AnalogEncoder::Init()
 .text._ZN13AnalogEncoder14SetCounterInitEj
                0x00010a8c       0x20 Libraries/FEHIO.o
                0x00010a8c                AnalogEncoder::SetCounterInit(unsigned int)
 .text._ZN13AnalogEncoder10ProcessIntEv
                0x00010aac       0x68 Libraries/FEHIO.o
                0x00010aac                AnalogEncoder::ProcessInt()
 .text._ZN13AnalogEncoder14ProcessIntSelfEv
                0x00010b14       0x6e Libraries/FEHIO.o
                0x00010b14                AnalogEncoder::ProcessIntSelf()
 .text._Z7ADC_CalPV10ADC_MemMap
                0x00010b82      0x13e Drivers/adc16.o
                0x00010b82                ADC_Cal(ADC_MemMap volatile*)
 .text._Z14ADC_Config_AltPV10ADC_MemMapP7adc_cfg
                0x00010cc0       0x6c Drivers/adc16.o
                0x00010cc0                ADC_Config_Alt(ADC_MemMap volatile*, adc_cfg*)
 .text._ZN9FEHBuzzerC2Ev
                0x00010d2c       0x14 Libraries/FEHBuzzer.o
                0x00010d2c                FEHBuzzer::FEHBuzzer()
                0x00010d2c                FEHBuzzer::FEHBuzzer()
 .text._Z41__static_initialization_and_destruction_0ii
                0x00010d40       0x2c Libraries/FEHBuzzer.o
 .text._GLOBAL__sub_I_Buzzer
                0x00010d6c       0x10 Libraries/FEHBuzzer.o
 .text._ZN8FEHServoC2ENS_12FEHServoPortE
                0x00010d7c       0x38 Libraries/FEHServo.o
                0x00010d7c                FEHServo::FEHServo(FEHServo::FEHServoPort)
                0x00010d7c                FEHServo::FEHServo(FEHServo::FEHServoPort)
 .text._ZN8FEHServo6SetMinEi
                0x00010db4       0x3a Libraries/FEHServo.o
                0x00010db4                FEHServo::SetMin(int)
 .text._ZN8FEHServo6SetMaxEi
                0x00010dee       0x3a Libraries/FEHServo.o
                0x00010dee                FEHServo::SetMax(int)
 .text._ZN8FEHServo9SetDegreeEf
                0x00010e28       0xf8 Libraries/FEHServo.o
                0x00010e28                FEHServo::SetDegree(float)
 .text._ZN6FEHLCD11_InitializeEv
                0x00010f20      0x410 Libraries/FEHLCD.o
                0x00010f20                FEHLCD::_Initialize()
 .text._ZN6FEHLCDC2Ev
                0x00011330       0x50 Libraries/FEHLCD.o
                0x00011330                FEHLCD::FEHLCD()
                0x00011330                FEHLCD::FEHLCD()
 .text._ZN6FEHLCD10InitializeEv
                0x00011380       0x28 Libraries/FEHLCD.o
                0x00011380                FEHLCD::Initialize()
 .text._ZN6FEHLCD10PrintImageEii
                0x000113a8       0xbc Libraries/FEHLCD.o
                0x000113a8                FEHLCD::PrintImage(int, int)
 .text._ZN6FEHLCD9PrintLogoEii
                0x00011464       0xbc Libraries/FEHLCD.o
                0x00011464                FEHLCD::PrintLogo(int, int)
 .text._ZN6FEHLCD22ConvertFEHColorTo24BitENS_11FEHLCDColorE
                0x00011520       0x78 Libraries/FEHLCD.o
                0x00011520                FEHLCD::ConvertFEHColorTo24Bit(FEHLCD::FEHLCDColor)
 .text._ZN6FEHLCD24Convert24BitColorTo16BitEj
                0x00011598       0x30 Libraries/FEHLCD.o
                0x00011598                FEHLCD::Convert24BitColorTo16Bit(unsigned int)
 .text._ZN6FEHLCD22ConvertRGBColorTo16BitEhhh
                0x000115c8       0x4a Libraries/FEHLCD.o
                0x000115c8                FEHLCD::ConvertRGBColorTo16Bit(unsigned char, unsigned char, unsigned char)
 .text._ZN6FEHLCD5ClearENS_11FEHLCDColorE
                0x00011612       0x28 Libraries/FEHLCD.o
                0x00011612                FEHLCD::Clear(FEHLCD::FEHLCDColor)
 .text._ZN6FEHLCD5ClearEj
                0x0001163a       0x2c Libraries/FEHLCD.o
                0x0001163a                FEHLCD::Clear(unsigned int)
 .text._ZN6FEHLCD5ClearEv
                0x00011666       0x16 Libraries/FEHLCD.o
                0x00011666                FEHLCD::Clear()
 .text._ZN6FEHLCD18SetBackgroundColorENS_11FEHLCDColorE
                0x0001167c       0x28 Libraries/FEHLCD.o
                0x0001167c                FEHLCD::SetBackgroundColor(FEHLCD::FEHLCDColor)
 .text._ZN6FEHLCD18SetBackgroundColorEj
                0x000116a4       0x26 Libraries/FEHLCD.o
                0x000116a4                FEHLCD::SetBackgroundColor(unsigned int)
 .text._ZN6FEHLCD12SetFontColorENS_11FEHLCDColorE
                0x000116ca       0x28 Libraries/FEHLCD.o
                0x000116ca                FEHLCD::SetFontColor(FEHLCD::FEHLCDColor)
 .text._ZN6FEHLCD12SetFontColorEj
                0x000116f2       0x26 Libraries/FEHLCD.o
                0x000116f2                FEHLCD::SetFontColor(unsigned int)
 .text._ZN6FEHLCD7WriteAtEPKcii
                0x00011718       0x46 Libraries/FEHLCD.o
                0x00011718                FEHLCD::WriteAt(char const*, int, int)
 .text._ZN6FEHLCD11TS_SPI_InitEv
                0x0001175e       0x7c Libraries/FEHLCD.o
                0x0001175e                FEHLCD::TS_SPI_Init()
 *fill*         0x000117da        0x6 
 .text._ZN6FEHLCD5TouchEPfS0_
                0x000117e0      0x1fc Libraries/FEHLCD.o
                0x000117e0                FEHLCD::Touch(float*, float*)
 .text._ZN6FEHLCD5TouchEPiS0_
                0x000119dc       0xb8 Libraries/FEHLCD.o
                0x000119dc                FEHLCD::Touch(int*, int*)
 .text._ZN6FEHLCD3absEi
                0x00011a94       0x22 Libraries/FEHLCD.o
                0x00011a94                FEHLCD::abs(int)
 .text._ZN6FEHLCD5WriteEPKc
                0x00011ab6       0x4e Libraries/FEHLCD.o
                0x00011ab6                FEHLCD::Write(char const*)
 .text._ZN6FEHLCD5WriteEi
                0x00011b04       0x30 Libraries/FEHLCD.o
                0x00011b04                FEHLCD::Write(int)
 .text._ZN6FEHLCD5WriteEf
                0x00011b34       0xc0 Libraries/FEHLCD.o
                0x00011b34                FEHLCD::Write(float)
 .text._ZN6FEHLCD5WriteEc
                0x00011bf4       0x30 Libraries/FEHLCD.o
                0x00011bf4                FEHLCD::Write(char)
 .text._ZN6FEHLCD9WriteLineEPKc
                0x00011c24       0x26 Libraries/FEHLCD.o
                0x00011c24                FEHLCD::WriteLine(char const*)
 .text._ZN6FEHLCD9WriteLineEi
                0x00011c4a       0x26 Libraries/FEHLCD.o
                0x00011c4a                FEHLCD::WriteLine(int)
 .text._ZN6FEHLCD9WriteLineEf
                0x00011c70       0x26 Libraries/FEHLCD.o
                0x00011c70                FEHLCD::WriteLine(float)
 .text._ZN6FEHLCD9WriteLineEc
                0x00011c96       0x2a Libraries/FEHLCD.o
                0x00011c96                FEHLCD::WriteLine(char)
 .text._ZN6FEHLCD10WriteIndexEh
                0x00011cc0      0x14c Libraries/FEHLCD.o
                0x00011cc0                FEHLCD::WriteIndex(unsigned char)
 .text._ZN6FEHLCD14WriteParameterEh
                0x00011e0c      0x130 Libraries/FEHLCD.o
                0x00011e0c                FEHLCD::WriteParameter(unsigned char)
 .text._ZN6FEHLCD6_ClearEv
                0x00011f3c      0x15c Libraries/FEHLCD.o
                0x00011f3c                FEHLCD::_Clear()
 .text._ZN6FEHLCD8NextLineEv
                0x00012098       0x2a Libraries/FEHLCD.o
                0x00012098                FEHLCD::NextLine()
 .text._ZN6FEHLCD9CheckLineEv
                0x000120c2       0x28 Libraries/FEHLCD.o
                0x000120c2                FEHLCD::CheckLine()
 .text._ZN6FEHLCD8NextCharEv
                0x000120ea       0x32 Libraries/FEHLCD.o
                0x000120ea                FEHLCD::NextChar()
 .text._ZN6FEHLCD9DrawPixelEii
                0x0001211c       0x2a Libraries/FEHLCD.o
                0x0001211c                FEHLCD::DrawPixel(int, int)
 .text._Z4SwapRiS_
                0x00012146       0x28 Libraries/FEHLCD.o
                0x00012146                Swap(int&, int&)
 .text._ZN6FEHLCD13DrawRectangleEiiii
                0x0001216e       0x7c Libraries/FEHLCD.o
                0x0001216e                FEHLCD::DrawRectangle(int, int, int, int)
 .text._ZN6FEHLCD13SetDrawRegionEiiii
                0x000121ea       0xfe Libraries/FEHLCD.o
                0x000121ea                FEHLCD::SetDrawRegion(int, int, int, int)
 .text._ZN6FEHLCD8DrawLineEiiii
                0x000122e8      0x14c Libraries/FEHLCD.o
                0x000122e8                FEHLCD::DrawLine(int, int, int, int)
 .text._ZN6FEHLCD9WriteCharEiic
                0x00012434       0x34 Libraries/FEHLCD.o
                0x00012434                FEHLCD::WriteChar(int, int, char)
 .text._ZN6FEHLCD11WriteCharAtEiic
                0x00012468      0x214 Libraries/FEHLCD.o
                0x00012468                FEHLCD::WriteCharAt(int, int, char)
 .text._ZN6FEHLCD11RepeatColorEv
                0x0001267c       0x70 Libraries/FEHLCD.o
                0x0001267c                FEHLCD::RepeatColor()
 .text._ZN6FEHLCD10_ForePixelEv
                0x000126ec       0xc4 Libraries/FEHLCD.o
                0x000126ec                FEHLCD::_ForePixel()
 .text._ZN6FEHLCD10_BackPixelEv
                0x000127b0       0xc4 Libraries/FEHLCD.o
                0x000127b0                FEHLCD::_BackPixel()
 .text._ZN6FEHLCD22SetRegisterColorValuesEv
                0x00012874      0x336 Libraries/FEHLCD.o
                0x00012874                FEHLCD::SetRegisterColorValues()
 .text._ZN7FEHIcon4IconC2Ev
                0x00012baa       0x14 Libraries/FEHLCD.o
                0x00012baa                FEHIcon::Icon::Icon()
                0x00012baa                FEHIcon::Icon::Icon()
 .text._ZN7FEHIcon4Icon13SetPropertiesEPciiiijj
                0x00012bbe       0x6a Libraries/FEHLCD.o
                0x00012bbe                FEHIcon::Icon::SetProperties(char*, int, int, int, int, unsigned int, unsigned int)
 .text._ZN7FEHIcon4Icon4DrawEv
                0x00012c28       0x90 Libraries/FEHLCD.o
                0x00012c28                FEHIcon::Icon::Draw()
 .text._ZN7FEHIcon4Icon6SelectEv
                0x00012cb8       0x90 Libraries/FEHLCD.o
                0x00012cb8                FEHIcon::Icon::Select()
 .text._ZN7FEHIcon4Icon8DeselectEv
                0x00012d48       0x8c Libraries/FEHLCD.o
                0x00012d48                FEHIcon::Icon::Deselect()
 .text._ZN7FEHIcon4Icon7PressedEffi
                0x00012dd4      0x13c Libraries/FEHLCD.o
                0x00012dd4                FEHIcon::Icon::Pressed(float, float, int)
 .text._ZN7FEHIcon4Icon12WhilePressedEff
                0x00012f10       0x50 Libraries/FEHLCD.o
                0x00012f10                FEHIcon::Icon::WhilePressed(float, float)
 .text._ZN7FEHIcon13DrawIconArrayEPNS_4IconEiiiiiiPA20_cjj
                0x00012f60      0x168 Libraries/FEHLCD.o
                0x00012f60                FEHIcon::DrawIconArray(FEHIcon::Icon*, int, int, int, int, int, int, char (*) [20], unsigned int, unsigned int)
 .text._Z41__static_initialization_and_destruction_0ii
                0x000130c8       0x2c Libraries/FEHLCD.o
 .text._GLOBAL__sub_I_image
                0x000130f4       0x10 Libraries/FEHLCD.o
 .text._ZN8FEHAccelC2Ev
                0x00013104       0x70 Libraries/FEHAccel.o
                0x00013104                FEHAccel::FEHAccel()
                0x00013104                FEHAccel::FEHAccel()
 .text._Z41__static_initialization_and_destruction_0ii
                0x00013174       0x2c Libraries/FEHAccel.o
 .text._GLOBAL__sub_I_Accel
                0x000131a0       0x10 Libraries/FEHAccel.o
 .text._ZN10FEHBatteryC2EN5FEHIO8FEHIOPinE
                0x000131b0       0x22 Libraries/FEHBattery.o
                0x000131b0                FEHBattery::FEHBattery(FEHIO::FEHIOPin)
                0x000131b0                FEHBattery::FEHBattery(FEHIO::FEHIOPin)
 *fill*         0x000131d2        0x2 
 .text._Z41__static_initialization_and_destruction_0ii
                0x000131d4       0x30 Libraries/FEHBattery.o
 .text._GLOBAL__sub_I_Battery
                0x00013204       0x10 Libraries/FEHBattery.o
 .text._ZN7FEHXBeeC2Ev
                0x00013214       0x1a Drivers/FEHXBee.o
                0x00013214                FEHXBee::FEHXBee()
                0x00013214                FEHXBee::FEHXBee()
 *fill*         0x0001322e        0x2 
 .text._ZN7FEHXBee10InitializeEv
                0x00013230       0xdc Drivers/FEHXBee.o
                0x00013230                FEHXBee::Initialize()
 .text._ZN7FEHXBee13IsInitializedEv
                0x0001330c       0x16 Drivers/FEHXBee.o
                0x0001330c                FEHXBee::IsInitialized()
 *fill*         0x00013322        0x2 
 .text._ZN7FEHXBee17ReceiveDataSearchEPcjh
                0x00013324       0x8c Drivers/FEHXBee.o
                0x00013324                FEHXBee::ReceiveDataSearch(char*, unsigned int, unsigned char)
 .text._ZN7FEHXBee8SendDataEPcj
                0x000133b0       0x40 Drivers/FEHXBee.o
                0x000133b0                FEHXBee::SendData(char*, unsigned int)
 .text._ZN7FEHXBee17SetPacketCallBackEPFvPhhE
                0x000133f0       0x20 Drivers/FEHXBee.o
                0x000133f0                FEHXBee::SetPacketCallBack(void (*)(unsigned char*, unsigned char))
 .text._Z22UART0_RX_TX_IRQHandlerv
                0x00013410       0xec Drivers/FEHXBee.o
                0x00013410                UART0_RX_TX_IRQHandler()
 .text._ZN6FEHRPSC2Ev
                0x000134fc       0x74 Libraries/FEHRPS.o
                0x000134fc                FEHRPS::FEHRPS()
                0x000134fc                FEHRPS::FEHRPS()
 .text._ZN6FEHRPS10InitializeEi
                0x00013570      0x664 Libraries/FEHRPS.o
                0x00013570                FEHRPS::Initialize(int)
 .text._ZN6FEHRPS10InitializeEc
                0x00013bd4       0x46 Libraries/FEHRPS.o
                0x00013bd4                FEHRPS::Initialize(char)
 *fill*         0x00013c1a        0x2 
 .text._ZN6FEHRPS19InitializeTouchMenuEv
                0x00013c1c      0x41c Libraries/FEHRPS.o
                0x00013c1c                FEHRPS::InitializeTouchMenu()
 .text._ZN6FEHRPS19CurrentRegionLetterEv
                0x00014038       0x1c Libraries/FEHRPS.o
                0x00014038                FEHRPS::CurrentRegionLetter()
 .text._ZN6FEHRPS11GetIceCreamEv
                0x00014054       0x1c Libraries/FEHRPS.o
                0x00014054                FEHRPS::GetIceCream()
 .text._ZN6FEHRPS13WaitForPacketEv
                0x00014070       0x58 Libraries/FEHRPS.o
                0x00014070                FEHRPS::WaitForPacket()
 .text._ZN6FEHRPS1XEv
                0x000140c8       0x1c Libraries/FEHRPS.o
                0x000140c8                FEHRPS::X()
 .text._ZN6FEHRPS1YEv
                0x000140e4       0x1c Libraries/FEHRPS.o
                0x000140e4                FEHRPS::Y()
 .text._ZN6FEHRPS7HeadingEv
                0x00014100       0x1c Libraries/FEHRPS.o
                0x00014100                FEHRPS::Heading()
 .text._Z14RPSDataProcessPhh
                0x0001411c      0x148 Libraries/FEHRPS.o
                0x0001411c                RPSDataProcess(unsigned char*, unsigned char)
 .text._Z41__static_initialization_and_destruction_0ii
                0x00014264       0x2c Libraries/FEHRPS.o
 .text._GLOBAL__sub_I_RPS
                0x00014290       0x10 Libraries/FEHRPS.o
 .text._ZN5FEHSDC2Ev
                0x000142a0       0x24 Libraries/FEHSD.o
                0x000142a0                FEHSD::FEHSD()
                0x000142a0                FEHSD::FEHSD()
 .text._ZN5FEHSD9FCloseAllEv
                0x000142c4       0x6c Libraries/FEHSD.o
                0x000142c4                FEHSD::FCloseAll()
 .text._Z41__static_initialization_and_destruction_0ii
                0x00014330       0x2c Libraries/FEHSD.o
 .text._GLOBAL__sub_I_SD
                0x0001435c       0x10 Libraries/FEHSD.o
 .text._ZN9FEHRandom10InitializeEv
                0x0001436c       0x3c Libraries/FEHRandom.o
                0x0001436c                FEHRandom::Initialize()
 .text.startup._GLOBAL__sub_I__ZN9__gnu_cxx9__freeresEv
                0x000143a8       0x28 c:/gcc-arm-none-eabi-10.3-2021.10/bin/../lib/gcc/arm-none-eabi/10.3.1/../../../../arm-none-eabi/lib/thumb/v7e-m/nofp\libstdc++.a(eh_alloc.o)
 .text.cos      0x000143d0       0xa0 c:/gcc-arm-none-eabi-10.3-2021.10/bin/../lib/gcc/arm-none-eabi/10.3.1/../../../../arm-none-eabi/lib/thumb/v7e-m/nofp\libm.a(lib_a-s_cos.o)
                0x000143d0                cos
 .text.round    0x00014470       0x94 c:/gcc-arm-none-eabi-10.3-2021.10/bin/../lib/gcc/arm-none-eabi/10.3.1/../../../../arm-none-eabi/lib/thumb/v7e-m/nofp\libm.a(lib_a-s_round.o)
                0x00014470                round
 .text.sin      0x00014504       0xb0 c:/gcc-arm-none-eabi-10.3-2021.10/bin/../lib/gcc/arm-none-eabi/10.3.1/../../../../arm-none-eabi/lib/thumb/v7e-m/nofp\libm.a(lib_a-s_sin.o)
                0x00014504                sin
 .text.atan2    0x000145b4        0x4 c:/gcc-arm-none-eabi-10.3-2021.10/bin/../lib/gcc/arm-none-eabi/10.3.1/../../../../arm-none-eabi/lib/thumb/v7e-m/nofp\libm.a(lib_a-w_atan2.o)
                0x000145b4                atan2
 .text.__ieee754_atan2
                0x000145b8      0x194 c:/gcc-arm-none-eabi-10.3-2021.10/bin/../lib/gcc/arm-none-eabi/10.3.1/../../../../arm-none-eabi/lib/thumb/v7e-m/nofp\libm.a(lib_a-e_atan2.o)
                0x000145b8                __ieee754_atan2
 *fill*         0x0001474c        0x4 
 .text.__ieee754_rem_pio2
                0x00014750      0x454 c:/gcc-arm-none-eabi-10.3-2021.10/bin/../lib/gcc/arm-none-eabi/10.3.1/../../../../arm-none-eabi/lib/thumb/v7e-m/nofp\libm.a(lib_a-e_rem_pio2.o)
                0x00014750                __ieee754_rem_pio2
 *fill*         0x00014ba4        0x4 
 .text.__kernel_cos
                0x00014ba8      0x260 c:/gcc-arm-none-eabi-10.3-2021.10/bin/../lib/gcc/arm-none-eabi/10.3.1/../../../../arm-none-eabi/lib/thumb/v7e-m/nofp\libm.a(lib_a-k_cos.o)
                0x00014ba8                __kernel_cos
 .text.__kernel_rem_pio2
                0x00014e08      0x850 c:/gcc-arm-none-eabi-10.3-2021.10/bin/../lib/gcc/arm-none-eabi/10.3.1/../../../../arm-none-eabi/lib/thumb/v7e-m/nofp\libm.a(lib_a-k_rem_pio2.o)
                0x00014e08                __kernel_rem_pio2
 .text.__kernel_sin
                0x00015658      0x184 c:/gcc-arm-none-eabi-10.3-2021.10/bin/../lib/gcc/arm-none-eabi/10.3.1/../../../../arm-none-eabi/lib/thumb/v7e-m/nofp\libm.a(lib_a-k_sin.o)
                0x00015658                __kernel_sin
 *fill*         0x000157dc        0x4 
 .text.atan     0x000157e0      0x32c c:/gcc-arm-none-eabi-10.3-2021.10/bin/../lib/gcc/arm-none-eabi/10.3.1/../../../../arm-none-eabi/lib/thumb/v7e-m/nofp\libm.a(lib_a-s_atan.o)
                0x000157e0                atan
 .text.fabs     0x00015b0c        0x8 c:/gcc-arm-none-eabi-10.3-2021.10/bin/../lib/gcc/arm-none-eabi/10.3.1/../../../../arm-none-eabi/lib/thumb/v7e-m/nofp\libm.a(lib_a-s_fabs.o)
                0x00015b0c                fabs
 *fill*         0x00015b14        0x4 
 .text.floor    0x00015b18       0xf8 c:/gcc-arm-none-eabi-10.3-2021.10/bin/../lib/gcc/arm-none-eabi/10.3.1/../../../../arm-none-eabi/lib/thumb/v7e-m/nofp\libm.a(lib_a-s_floor.o)
                0x00015b18                floor
 .text.scalbn   0x00015c10       0xf4 c:/gcc-arm-none-eabi-10.3-2021.10/bin/../lib/gcc/arm-none-eabi/10.3.1/../../../../arm-none-eabi/lib/thumb/v7e-m/nofp\libm.a(lib_a-s_scalbn.o)
                0x00015c10                scalbn
 .text          0x00015d04      0x378 c:/gcc-arm-none-eabi-10.3-2021.10/bin/../lib/gcc/arm-none-eabi/10.3.1/thumb/v7e-m/nofp\libgcc.a(_arm_addsubdf3.o)
                0x00015d04                __aeabi_drsub
                0x00015d0c                __aeabi_dsub
                0x00015d0c                __subdf3
                0x00015d10                __aeabi_dadd
                0x00015d10                __adddf3
                0x00015f88                __floatunsidf
                0x00015f88                __aeabi_ui2d
                0x00015fa8                __floatsidf
                0x00015fa8                __aeabi_i2d
                0x00015fcc                __aeabi_f2d
                0x00015fcc                __extendsfdf2
                0x00016010                __floatundidf
                0x00016010                __aeabi_ul2d
                0x00016020                __floatdidf
                0x00016020                __aeabi_l2d
 .text          0x0001607c      0x424 c:/gcc-arm-none-eabi-10.3-2021.10/bin/../lib/gcc/arm-none-eabi/10.3.1/thumb/v7e-m/nofp\libgcc.a(_arm_muldivdf3.o)
                0x0001607c                __aeabi_dmul
                0x0001607c                __muldf3
                0x000162d0                __divdf3
                0x000162d0                __aeabi_ddiv
 .text          0x000164a0      0x110 c:/gcc-arm-none-eabi-10.3-2021.10/bin/../lib/gcc/arm-none-eabi/10.3.1/thumb/v7e-m/nofp\libgcc.a(_arm_cmpdf2.o)
                0x000164a0                __gtdf2
                0x000164a0                __gedf2
                0x000164a8                __ltdf2
                0x000164a8                __ledf2
                0x000164b0                __nedf2
                0x000164b0                __eqdf2
                0x000164b0                __cmpdf2
                0x0001652c                __aeabi_cdrcmple
                0x0001653c                __aeabi_cdcmpeq
                0x0001653c                __aeabi_cdcmple
                0x0001654c                __aeabi_dcmpeq
                0x00016560                __aeabi_dcmplt
                0x00016574                __aeabi_dcmple
                0x00016588                __aeabi_dcmpge
                0x0001659c                __aeabi_dcmpgt
 .text          0x000165b0       0x50 c:/gcc-arm-none-eabi-10.3-2021.10/bin/../lib/gcc/arm-none-eabi/10.3.1/thumb/v7e-m/nofp\libgcc.a(_arm_fixdfsi.o)
                0x000165b0                __aeabi_d2iz
                0x000165b0                __fixdfsi
 .text          0x00016600       0x40 c:/gcc-arm-none-eabi-10.3-2021.10/bin/../lib/gcc/arm-none-eabi/10.3.1/thumb/v7e-m/nofp\libgcc.a(_arm_fixunsdfsi.o)
                0x00016600                __aeabi_d2uiz
                0x00016600                __fixunsdfsi
 .text          0x00016640       0xa0 c:/gcc-arm-none-eabi-10.3-2021.10/bin/../lib/gcc/arm-none-eabi/10.3.1/thumb/v7e-m/nofp\libgcc.a(_arm_truncdfsf2.o)
                0x00016640                __truncdfsf2
                0x00016640                __aeabi_d2f
 .text          0x000166e0      0x21c c:/gcc-arm-none-eabi-10.3-2021.10/bin/../lib/gcc/arm-none-eabi/10.3.1/thumb/v7e-m/nofp\libgcc.a(_arm_addsubsf3.o)
                0x000166e0                __aeabi_frsub
                0x000166e8                __subsf3
                0x000166e8                __aeabi_fsub
                0x000166ec                __aeabi_fadd
                0x000166ec                __addsf3
                0x0001684c                __aeabi_ui2f
                0x0001684c                __floatunsisf
                0x00016854                __aeabi_i2f
                0x00016854                __floatsisf
                0x00016870                __aeabi_ul2f
                0x00016870                __floatundisf
                0x00016880                __aeabi_l2f
                0x00016880                __floatdisf
 .text          0x000168fc      0x2a0 c:/gcc-arm-none-eabi-10.3-2021.10/bin/../lib/gcc/arm-none-eabi/10.3.1/thumb/v7e-m/nofp\libgcc.a(_arm_muldivsf3.o)
                0x000168fc                __mulsf3
                0x000168fc                __aeabi_fmul
                0x00016a64                __aeabi_fdiv
                0x00016a64                __divsf3
 .text          0x00016b9c       0xec c:/gcc-arm-none-eabi-10.3-2021.10/bin/../lib/gcc/arm-none-eabi/10.3.1/thumb/v7e-m/nofp\libgcc.a(_arm_cmpsf2.o)
                0x00016b9c                __gesf2
                0x00016b9c                __gtsf2
                0x00016ba4                __lesf2
                0x00016ba4                __ltsf2
                0x00016bac                __nesf2
                0x00016bac                __eqsf2
                0x00016bac                __cmpsf2
                0x00016c0c                __aeabi_cfrcmple
                0x00016c14                __aeabi_cfcmpeq
                0x00016c14                __aeabi_cfcmple
                0x00016c24                __aeabi_fcmpeq
                0x00016c38                __aeabi_fcmplt
                0x00016c4c                __aeabi_fcmple
                0x00016c60                __aeabi_fcmpge
                0x00016c74                __aeabi_fcmpgt
 .text          0x00016c88       0x4c c:/gcc-arm-none-eabi-10.3-2021.10/bin/../lib/gcc/arm-none-eabi/10.3.1/thumb/v7e-m/nofp\libgcc.a(_arm_fixsfsi.o)
                0x00016c88                __aeabi_f2iz
                0x00016c88                __fixsfsi
 .text.abort    0x00016cd4       0x10 c:/gcc-arm-none-eabi-10.3-2021.10/bin/../lib/gcc/arm-none-eabi/10.3.1/../../../../arm-none-eabi/lib/thumb/v7e-m/nofp\libg.a(lib_a-abort.o)
                0x00016cd4                abort
 .text.__sfvwrite_r
                0x00016ce4      0x2e8 c:/gcc-arm-none-eabi-10.3-2021.10/bin/../lib/gcc/arm-none-eabi/10.3.1/../../../../arm-none-eabi/lib/thumb/v7e-m/nofp\libg.a(lib_a-fvwrite.o)
                0x00016ce4                __sfvwrite_r
 .text.__libc_init_array
                0x00016fcc       0x48 c:/gcc-arm-none-eabi-10.3-2021.10/bin/../lib/gcc/arm-none-eabi/10.3.1/../../../../arm-none-eabi/lib/thumb/v7e-m/nofp\libg.a(lib_a-init.o)
                0x00016fcc                __libc_init_array
 .text.__retarget_lock_init_recursive
                0x00017014        0x4 c:/gcc-arm-none-eabi-10.3-2021.10/bin/../lib/gcc/arm-none-eabi/10.3.1/../../../../arm-none-eabi/lib/thumb/v7e-m/nofp\libg.a(lib_a-lock.o)
                0x00017014                __retarget_lock_init_recursive
 .text.__retarget_lock_close_recursive
                0x00017018        0x4 c:/gcc-arm-none-eabi-10.3-2021.10/bin/../lib/gcc/arm-none-eabi/10.3.1/../../../../arm-none-eabi/lib/thumb/v7e-m/nofp\libg.a(lib_a-lock.o)
                0x00017018                __retarget_lock_close_recursive
 .text.__retarget_lock_acquire_recursive
                0x0001701c        0x4 c:/gcc-arm-none-eabi-10.3-2021.10/bin/../lib/gcc/arm-none-eabi/10.3.1/../../../../arm-none-eabi/lib/thumb/v7e-m/nofp\libg.a(lib_a-lock.o)
                0x0001701c                __retarget_lock_acquire_recursive
 .text.__retarget_lock_release_recursive
                0x00017020        0x4 c:/gcc-arm-none-eabi-10.3-2021.10/bin/../lib/gcc/arm-none-eabi/10.3.1/../../../../arm-none-eabi/lib/thumb/v7e-m/nofp\libg.a(lib_a-lock.o)
                0x00017020                __retarget_lock_release_recursive
 .text.malloc   0x00017024       0x10 c:/gcc-arm-none-eabi-10.3-2021.10/bin/../lib/gcc/arm-none-eabi/10.3.1/../../../../arm-none-eabi/lib/thumb/v7e-m/nofp\libg.a(lib_a-malloc.o)
                0x00017024                malloc
 .text._malloc_r
                0x00017034      0x560 c:/gcc-arm-none-eabi-10.3-2021.10/bin/../lib/gcc/arm-none-eabi/10.3.1/../../../../arm-none-eabi/lib/thumb/v7e-m/nofp\libg.a(lib_a-mallocr.o)
                0x00017034                _malloc_r
 *fill*         0x00017594        0xc 
 .text          0x000175a0       0xa0 c:/gcc-arm-none-eabi-10.3-2021.10/bin/../lib/gcc/arm-none-eabi/10.3.1/../../../../arm-none-eabi/lib/thumb/v7e-m/nofp\libg.a(lib_a-memchr.o)
                0x000175a0                memchr
 .text          0x00017640      0x134 c:/gcc-arm-none-eabi-10.3-2021.10/bin/../lib/gcc/arm-none-eabi/10.3.1/../../../../arm-none-eabi/lib/thumb/v7e-m/nofp\libg.a(lib_a-memcpy.o)
                0x00017640                memcpy
 .text.memmove  0x00017774       0xf8 c:/gcc-arm-none-eabi-10.3-2021.10/bin/../lib/gcc/arm-none-eabi/10.3.1/../../../../arm-none-eabi/lib/thumb/v7e-m/nofp\libg.a(lib_a-memmove.o)
                0x00017774                memmove
 .text.memset   0x0001786c       0xa4 c:/gcc-arm-none-eabi-10.3-2021.10/bin/../lib/gcc/arm-none-eabi/10.3.1/../../../../arm-none-eabi/lib/thumb/v7e-m/nofp\libg.a(lib_a-memset.o)
                0x0001786c                memset
 .text.__malloc_lock
                0x00017910        0xc c:/gcc-arm-none-eabi-10.3-2021.10/bin/../lib/gcc/arm-none-eabi/10.3.1/../../../../arm-none-eabi/lib/thumb/v7e-m/nofp\libg.a(lib_a-mlock.o)
                0x00017910                __malloc_lock
 .text.__malloc_unlock
                0x0001791c        0xc c:/gcc-arm-none-eabi-10.3-2021.10/bin/../lib/gcc/arm-none-eabi/10.3.1/../../../../arm-none-eabi/lib/thumb/v7e-m/nofp\libg.a(lib_a-mlock.o)
                0x0001791c                __malloc_unlock
 .text._realloc_r
                0x00017928      0x3d8 c:/gcc-arm-none-eabi-10.3-2021.10/bin/../lib/gcc/arm-none-eabi/10.3.1/../../../../arm-none-eabi/lib/thumb/v7e-m/nofp\libg.a(lib_a-reallocr.o)
                0x00017928                _realloc_r
 .text._sbrk_r  0x00017d00       0x24 c:/gcc-arm-none-eabi-10.3-2021.10/bin/../lib/gcc/arm-none-eabi/10.3.1/../../../../arm-none-eabi/lib/thumb/v7e-m/nofp\libg.a(lib_a-sbrkr.o)
                0x00017d00                _sbrk_r
 .text.raise    0x00017d24       0x5c c:/gcc-arm-none-eabi-10.3-2021.10/bin/../lib/gcc/arm-none-eabi/10.3.1/../../../../arm-none-eabi/lib/thumb/v7e-m/nofp\libg.a(lib_a-signal.o)
                0x00017d24                raise
 .text._kill_r  0x00017d80       0x2c c:/gcc-arm-none-eabi-10.3-2021.10/bin/../lib/gcc/arm-none-eabi/10.3.1/../../../../arm-none-eabi/lib/thumb/v7e-m/nofp\libg.a(lib_a-signalr.o)
                0x00017d80                _kill_r
 .text._getpid_r
                0x00017dac        0x4 c:/gcc-arm-none-eabi-10.3-2021.10/bin/../lib/gcc/arm-none-eabi/10.3.1/../../../../arm-none-eabi/lib/thumb/v7e-m/nofp\libg.a(lib_a-signalr.o)
                0x00017dac                _getpid_r
 .text.sprintf  0x00017db0       0x40 c:/gcc-arm-none-eabi-10.3-2021.10/bin/../lib/gcc/arm-none-eabi/10.3.1/../../../../arm-none-eabi/lib/thumb/v7e-m/nofp\libg.a(lib_a-sprintf.o)
                0x00017db0                sprintf
 .text.strcpy   0x00017df0       0xbc c:/gcc-arm-none-eabi-10.3-2021.10/bin/../lib/gcc/arm-none-eabi/10.3.1/../../../../arm-none-eabi/lib/thumb/v7e-m/nofp\libg.a(lib_a-strcpy.o)
                0x00017df0                strcpy
 *fill*         0x00017eac       0x14 
 .text          0x00017ec0       0xdc c:/gcc-arm-none-eabi-10.3-2021.10/bin/../lib/gcc/arm-none-eabi/10.3.1/../../../../arm-none-eabi/lib/thumb/v7e-m/nofp\libg.a(lib_a-strlen.o)
                0x00017ec0                strlen
 .text._svfprintf_r
                0x00017f9c     0x1a3c c:/gcc-arm-none-eabi-10.3-2021.10/bin/../lib/gcc/arm-none-eabi/10.3.1/../../../../arm-none-eabi/lib/thumb/v7e-m/nofp\libg.a(lib_a-svfprintf.o)
                0x00017f9c                _svfprintf_r
 .text.__swbuf_r
                0x000199d8       0xb0 c:/gcc-arm-none-eabi-10.3-2021.10/bin/../lib/gcc/arm-none-eabi/10.3.1/../../../../arm-none-eabi/lib/thumb/v7e-m/nofp\libg.a(lib_a-wbuf.o)
                0x000199d8                __swbuf_r
 .text._write_r
                0x00019a88       0x2c c:/gcc-arm-none-eabi-10.3-2021.10/bin/../lib/gcc/arm-none-eabi/10.3.1/../../../../arm-none-eabi/lib/thumb/v7e-m/nofp\libg.a(lib_a-writer.o)
                0x00019a88                _write_r
 .text.__swsetup_r
                0x00019ab4       0xd4 c:/gcc-arm-none-eabi-10.3-2021.10/bin/../lib/gcc/arm-none-eabi/10.3.1/../../../../arm-none-eabi/lib/thumb/v7e-m/nofp\libg.a(lib_a-wsetup.o)
                0x00019ab4                __swsetup_r
 .text.startup.register_fini
                0x00019b88       0x14 c:/gcc-arm-none-eabi-10.3-2021.10/bin/../lib/gcc/arm-none-eabi/10.3.1/../../../../arm-none-eabi/lib/thumb/v7e-m/nofp\libg.a(lib_a-__call_atexit.o)
 .text.atexit   0x00019b9c        0xc c:/gcc-arm-none-eabi-10.3-2021.10/bin/../lib/gcc/arm-none-eabi/10.3.1/../../../../arm-none-eabi/lib/thumb/v7e-m/nofp\libg.a(lib_a-atexit.o)
                0x00019b9c                atexit
 .text.quorem   0x00019ba8      0x124 c:/gcc-arm-none-eabi-10.3-2021.10/bin/../lib/gcc/arm-none-eabi/10.3.1/../../../../arm-none-eabi/lib/thumb/v7e-m/nofp\libg.a(lib_a-dtoa.o)
 *fill*         0x00019ccc        0x4 
 .text._dtoa_r  0x00019cd0      0xec4 c:/gcc-arm-none-eabi-10.3-2021.10/bin/../lib/gcc/arm-none-eabi/10.3.1/../../../../arm-none-eabi/lib/thumb/v7e-m/nofp\libg.a(lib_a-dtoa.o)
                0x00019cd0                _dtoa_r
 .text.__sflush_r
                0x0001ab94      0x120 c:/gcc-arm-none-eabi-10.3-2021.10/bin/../lib/gcc/arm-none-eabi/10.3.1/../../../../arm-none-eabi/lib/thumb/v7e-m/nofp\libg.a(lib_a-fflush.o)
                0x0001ab94                __sflush_r
 .text._fflush_r
                0x0001acb4       0x5c c:/gcc-arm-none-eabi-10.3-2021.10/bin/../lib/gcc/arm-none-eabi/10.3.1/../../../../arm-none-eabi/lib/thumb/v7e-m/nofp\libg.a(lib_a-fflush.o)
                0x0001acb4                _fflush_r
 .text._cleanup_r
                0x0001ad10        0xc c:/gcc-arm-none-eabi-10.3-2021.10/bin/../lib/gcc/arm-none-eabi/10.3.1/../../../../arm-none-eabi/lib/thumb/v7e-m/nofp\libg.a(lib_a-findfp.o)
                0x0001ad10                _cleanup_r
 .text.__sinit  0x0001ad1c      0x10c c:/gcc-arm-none-eabi-10.3-2021.10/bin/../lib/gcc/arm-none-eabi/10.3.1/../../../../arm-none-eabi/lib/thumb/v7e-m/nofp\libg.a(lib_a-findfp.o)
                0x0001ad1c                __sinit
 .text.__sfp_lock_acquire
                0x0001ae28        0xc c:/gcc-arm-none-eabi-10.3-2021.10/bin/../lib/gcc/arm-none-eabi/10.3.1/../../../../arm-none-eabi/lib/thumb/v7e-m/nofp\libg.a(lib_a-findfp.o)
                0x0001ae28                __sfp_lock_acquire
 .text.__sfp_lock_release
                0x0001ae34        0xc c:/gcc-arm-none-eabi-10.3-2021.10/bin/../lib/gcc/arm-none-eabi/10.3.1/../../../../arm-none-eabi/lib/thumb/v7e-m/nofp\libg.a(lib_a-findfp.o)
                0x0001ae34                __sfp_lock_release
 .text.__libc_fini_array
                0x0001ae40       0x2c c:/gcc-arm-none-eabi-10.3-2021.10/bin/../lib/gcc/arm-none-eabi/10.3.1/../../../../arm-none-eabi/lib/thumb/v7e-m/nofp\libg.a(lib_a-fini.o)
                0x0001ae40                __libc_fini_array
 .text._malloc_trim_r
                0x0001ae6c       0xa0 c:/gcc-arm-none-eabi-10.3-2021.10/bin/../lib/gcc/arm-none-eabi/10.3.1/../../../../arm-none-eabi/lib/thumb/v7e-m/nofp\libg.a(lib_a-freer.o)
                0x0001ae6c                _malloc_trim_r
 .text._free_r  0x0001af0c      0x20c c:/gcc-arm-none-eabi-10.3-2021.10/bin/../lib/gcc/arm-none-eabi/10.3.1/../../../../arm-none-eabi/lib/thumb/v7e-m/nofp\libg.a(lib_a-freer.o)
                0x0001af0c                _free_r
 .text._fwalk_reent
                0x0001b118       0x48 c:/gcc-arm-none-eabi-10.3-2021.10/bin/../lib/gcc/arm-none-eabi/10.3.1/../../../../arm-none-eabi/lib/thumb/v7e-m/nofp\libg.a(lib_a-fwalk.o)
                0x0001b118                _fwalk_reent
 .text._localeconv_r
                0x0001b160        0x8 c:/gcc-arm-none-eabi-10.3-2021.10/bin/../lib/gcc/arm-none-eabi/10.3.1/../../../../arm-none-eabi/lib/thumb/v7e-m/nofp\libg.a(lib_a-localeconv.o)
                0x0001b160                _localeconv_r
 .text.__smakebuf_r
                0x0001b168       0xe0 c:/gcc-arm-none-eabi-10.3-2021.10/bin/../lib/gcc/arm-none-eabi/10.3.1/../../../../arm-none-eabi/lib/thumb/v7e-m/nofp\libg.a(lib_a-makebuf.o)
                0x0001b168                __smakebuf_r
 .text._Balloc  0x0001b248       0x4c c:/gcc-arm-none-eabi-10.3-2021.10/bin/../lib/gcc/arm-none-eabi/10.3.1/../../../../arm-none-eabi/lib/thumb/v7e-m/nofp\libg.a(lib_a-mprec.o)
                0x0001b248                _Balloc
 .text._Bfree   0x0001b294       0x14 c:/gcc-arm-none-eabi-10.3-2021.10/bin/../lib/gcc/arm-none-eabi/10.3.1/../../../../arm-none-eabi/lib/thumb/v7e-m/nofp\libg.a(lib_a-mprec.o)
                0x0001b294                _Bfree
 .text.__multadd
                0x0001b2a8       0xa0 c:/gcc-arm-none-eabi-10.3-2021.10/bin/../lib/gcc/arm-none-eabi/10.3.1/../../../../arm-none-eabi/lib/thumb/v7e-m/nofp\libg.a(lib_a-mprec.o)
                0x0001b2a8                __multadd
 .text.__hi0bits
                0x0001b348       0x40 c:/gcc-arm-none-eabi-10.3-2021.10/bin/../lib/gcc/arm-none-eabi/10.3.1/../../../../arm-none-eabi/lib/thumb/v7e-m/nofp\libg.a(lib_a-mprec.o)
                0x0001b348                __hi0bits
 .text.__lo0bits
                0x0001b388       0x5c c:/gcc-arm-none-eabi-10.3-2021.10/bin/../lib/gcc/arm-none-eabi/10.3.1/../../../../arm-none-eabi/lib/thumb/v7e-m/nofp\libg.a(lib_a-mprec.o)
                0x0001b388                __lo0bits
 .text.__i2b    0x0001b3e4       0x5c c:/gcc-arm-none-eabi-10.3-2021.10/bin/../lib/gcc/arm-none-eabi/10.3.1/../../../../arm-none-eabi/lib/thumb/v7e-m/nofp\libg.a(lib_a-mprec.o)
                0x0001b3e4                __i2b
 .text.__multiply
                0x0001b440      0x15c c:/gcc-arm-none-eabi-10.3-2021.10/bin/../lib/gcc/arm-none-eabi/10.3.1/../../../../arm-none-eabi/lib/thumb/v7e-m/nofp\libg.a(lib_a-mprec.o)
                0x0001b440                __multiply
 .text.__pow5mult
                0x0001b59c       0xc0 c:/gcc-arm-none-eabi-10.3-2021.10/bin/../lib/gcc/arm-none-eabi/10.3.1/../../../../arm-none-eabi/lib/thumb/v7e-m/nofp\libg.a(lib_a-mprec.o)
                0x0001b59c                __pow5mult
 .text.__lshift
                0x0001b65c       0xf0 c:/gcc-arm-none-eabi-10.3-2021.10/bin/../lib/gcc/arm-none-eabi/10.3.1/../../../../arm-none-eabi/lib/thumb/v7e-m/nofp\libg.a(lib_a-mprec.o)
                0x0001b65c                __lshift
 .text.__mcmp   0x0001b74c       0x40 c:/gcc-arm-none-eabi-10.3-2021.10/bin/../lib/gcc/arm-none-eabi/10.3.1/../../../../arm-none-eabi/lib/thumb/v7e-m/nofp\libg.a(lib_a-mprec.o)
                0x0001b74c                __mcmp
 .text.__mdiff  0x0001b78c      0x14c c:/gcc-arm-none-eabi-10.3-2021.10/bin/../lib/gcc/arm-none-eabi/10.3.1/../../../../arm-none-eabi/lib/thumb/v7e-m/nofp\libg.a(lib_a-mprec.o)
                0x0001b78c                __mdiff
 .text.__d2b    0x0001b8d8       0xc4 c:/gcc-arm-none-eabi-10.3-2021.10/bin/../lib/gcc/arm-none-eabi/10.3.1/../../../../arm-none-eabi/lib/thumb/v7e-m/nofp\libg.a(lib_a-mprec.o)
                0x0001b8d8                __d2b
 .text.frexp    0x0001b99c       0x70 c:/gcc-arm-none-eabi-10.3-2021.10/bin/../lib/gcc/arm-none-eabi/10.3.1/../../../../arm-none-eabi/lib/thumb/v7e-m/nofp\libg.a(lib_a-s_frexp.o)
                0x0001b99c                frexp
 .text.__sread  0x0001ba0c       0x24 c:/gcc-arm-none-eabi-10.3-2021.10/bin/../lib/gcc/arm-none-eabi/10.3.1/../../../../arm-none-eabi/lib/thumb/v7e-m/nofp\libg.a(lib_a-stdio.o)
                0x0001ba0c                __sread
 .text.__swrite
                0x0001ba30       0x40 c:/gcc-arm-none-eabi-10.3-2021.10/bin/../lib/gcc/arm-none-eabi/10.3.1/../../../../arm-none-eabi/lib/thumb/v7e-m/nofp\libg.a(lib_a-stdio.o)
                0x0001ba30                __swrite
 .text.__sseek  0x0001ba70       0x20 c:/gcc-arm-none-eabi-10.3-2021.10/bin/../lib/gcc/arm-none-eabi/10.3.1/../../../../arm-none-eabi/lib/thumb/v7e-m/nofp\libg.a(lib_a-stdio.o)
                0x0001ba70                __sseek
 .text.__sclose
                0x0001ba90        0x8 c:/gcc-arm-none-eabi-10.3-2021.10/bin/../lib/gcc/arm-none-eabi/10.3.1/../../../../arm-none-eabi/lib/thumb/v7e-m/nofp\libg.a(lib_a-stdio.o)
                0x0001ba90                __sclose
 .text.strncpy  0x0001ba98       0x64 c:/gcc-arm-none-eabi-10.3-2021.10/bin/../lib/gcc/arm-none-eabi/10.3.1/../../../../arm-none-eabi/lib/thumb/v7e-m/nofp\libg.a(lib_a-strncpy.o)
                0x0001ba98                strncpy
 .text.__ssprint_r
                0x0001bafc       0xf8 c:/gcc-arm-none-eabi-10.3-2021.10/bin/../lib/gcc/arm-none-eabi/10.3.1/../../../../arm-none-eabi/lib/thumb/v7e-m/nofp\libg.a(lib_a-svfiprintf.o)
                0x0001bafc                __ssprint_r
 .text.__register_exitproc
                0x0001bbf4       0x8c c:/gcc-arm-none-eabi-10.3-2021.10/bin/../lib/gcc/arm-none-eabi/10.3.1/../../../../arm-none-eabi/lib/thumb/v7e-m/nofp\libg.a(lib_a-__atexit.o)
                0x0001bbf4                __register_exitproc
 .text.__assert_func
                0x0001bc80       0x40 c:/gcc-arm-none-eabi-10.3-2021.10/bin/../lib/gcc/arm-none-eabi/10.3.1/../../../../arm-none-eabi/lib/thumb/v7e-m/nofp\libg.a(lib_a-assert.o)
                0x0001bc80                __assert_func
 .text._calloc_r
                0x0001bcc0       0x78 c:/gcc-arm-none-eabi-10.3-2021.10/bin/../lib/gcc/arm-none-eabi/10.3.1/../../../../arm-none-eabi/lib/thumb/v7e-m/nofp\libg.a(lib_a-callocr.o)
                0x0001bcc0                _calloc_r
 .text._close_r
                0x0001bd38       0x24 c:/gcc-arm-none-eabi-10.3-2021.10/bin/../lib/gcc/arm-none-eabi/10.3.1/../../../../arm-none-eabi/lib/thumb/v7e-m/nofp\libg.a(lib_a-closer.o)
                0x0001bd38                _close_r
 .text.__errno  0x0001bd5c        0xc c:/gcc-arm-none-eabi-10.3-2021.10/bin/../lib/gcc/arm-none-eabi/10.3.1/../../../../arm-none-eabi/lib/thumb/v7e-m/nofp\libg.a(lib_a-errno.o)
                0x0001bd5c                __errno
 .text._fclose_r
                0x0001bd68       0xcc c:/gcc-arm-none-eabi-10.3-2021.10/bin/../lib/gcc/arm-none-eabi/10.3.1/../../../../arm-none-eabi/lib/thumb/v7e-m/nofp\libg.a(lib_a-fclose.o)
                0x0001bd68                _fclose_r
 .text.fiprintf
                0x0001be34       0x28 c:/gcc-arm-none-eabi-10.3-2021.10/bin/../lib/gcc/arm-none-eabi/10.3.1/../../../../arm-none-eabi/lib/thumb/v7e-m/nofp\libg.a(lib_a-fiprintf.o)
                0x0001be34                fiprintf
 .text._fstat_r
                0x0001be5c       0x2c c:/gcc-arm-none-eabi-10.3-2021.10/bin/../lib/gcc/arm-none-eabi/10.3.1/../../../../arm-none-eabi/lib/thumb/v7e-m/nofp\libg.a(lib_a-fstatr.o)
                0x0001be5c                _fstat_r
 .text._isatty_r
                0x0001be88       0x24 c:/gcc-arm-none-eabi-10.3-2021.10/bin/../lib/gcc/arm-none-eabi/10.3.1/../../../../arm-none-eabi/lib/thumb/v7e-m/nofp\libg.a(lib_a-isattyr.o)
                0x0001be88                _isatty_r
 .text.__locale_mb_cur_max
                0x0001beac        0xc c:/gcc-arm-none-eabi-10.3-2021.10/bin/../lib/gcc/arm-none-eabi/10.3.1/../../../../arm-none-eabi/lib/thumb/v7e-m/nofp\libg.a(lib_a-locale.o)
                0x0001beac                __locale_mb_cur_max
 .text._lseek_r
                0x0001beb8       0x2c c:/gcc-arm-none-eabi-10.3-2021.10/bin/../lib/gcc/arm-none-eabi/10.3.1/../../../../arm-none-eabi/lib/thumb/v7e-m/nofp\libg.a(lib_a-lseekr.o)
                0x0001beb8                _lseek_r
 .text.__ascii_mbtowc
                0x0001bee4       0x2c c:/gcc-arm-none-eabi-10.3-2021.10/bin/../lib/gcc/arm-none-eabi/10.3.1/../../../../arm-none-eabi/lib/thumb/v7e-m/nofp\libg.a(lib_a-mbtowc_r.o)
                0x0001bee4                __ascii_mbtowc
 .text._read_r  0x0001bf10       0x2c c:/gcc-arm-none-eabi-10.3-2021.10/bin/../lib/gcc/arm-none-eabi/10.3.1/../../../../arm-none-eabi/lib/thumb/v7e-m/nofp\libg.a(lib_a-readr.o)
                0x0001bf10                _read_r
 .text.__sprint_r.part.0
                0x0001bf3c       0x78 c:/gcc-arm-none-eabi-10.3-2021.10/bin/../lib/gcc/arm-none-eabi/10.3.1/../../../../arm-none-eabi/lib/thumb/v7e-m/nofp\libg.a(lib_a-vfiprintf.o)
 .text._vfiprintf_r
                0x0001bfb4      0xda0 c:/gcc-arm-none-eabi-10.3-2021.10/bin/../lib/gcc/arm-none-eabi/10.3.1/../../../../arm-none-eabi/lib/thumb/v7e-m/nofp\libg.a(lib_a-vfiprintf.o)
                0x0001bfb4                _vfiprintf_r
 .text.__sbprintf
                0x0001cd54       0x80 c:/gcc-arm-none-eabi-10.3-2021.10/bin/../lib/gcc/arm-none-eabi/10.3.1/../../../../arm-none-eabi/lib/thumb/v7e-m/nofp\libg.a(lib_a-vfiprintf.o)
 .text.__ascii_wctomb
                0x0001cdd4       0x1c c:/gcc-arm-none-eabi-10.3-2021.10/bin/../lib/gcc/arm-none-eabi/10.3.1/../../../../arm-none-eabi/lib/thumb/v7e-m/nofp\libg.a(lib_a-wctomb_r.o)
                0x0001cdd4                __ascii_wctomb
 .text.__fputwc
                0x0001cdf0       0xa8 c:/gcc-arm-none-eabi-10.3-2021.10/bin/../lib/gcc/arm-none-eabi/10.3.1/../../../../arm-none-eabi/lib/thumb/v7e-m/nofp\libg.a(lib_a-fputwc.o)
                0x0001cdf0                __fputwc
 .text._fputwc_r
                0x0001ce98       0x68 c:/gcc-arm-none-eabi-10.3-2021.10/bin/../lib/gcc/arm-none-eabi/10.3.1/../../../../arm-none-eabi/lib/thumb/v7e-m/nofp\libg.a(lib_a-fputwc.o)
                0x0001ce98                _fputwc_r
 .text._wcrtomb_r
                0x0001cf00       0x3c c:/gcc-arm-none-eabi-10.3-2021.10/bin/../lib/gcc/arm-none-eabi/10.3.1/../../../../arm-none-eabi/lib/thumb/v7e-m/nofp\libg.a(lib_a-wcrtomb.o)
                0x0001cf00                _wcrtomb_r
 .text          0x0001cf3c       0x2c c:/gcc-arm-none-eabi-10.3-2021.10/bin/../lib/gcc/arm-none-eabi/10.3.1/thumb/v7e-m/nofp\libgcc.a(_arm_unorddf2.o)
                0x0001cf3c                __unorddf2
                0x0001cf3c                __aeabi_dcmpun
 .text          0x0001cf68       0x30 c:/gcc-arm-none-eabi-10.3-2021.10/bin/../lib/gcc/arm-none-eabi/10.3.1/thumb/v7e-m/nofp\libgcc.a(_aeabi_uldivmod.o)
                0x0001cf68                __aeabi_uldivmod
 .text          0x0001cf98      0x2d0 c:/gcc-arm-none-eabi-10.3-2021.10/bin/../lib/gcc/arm-none-eabi/10.3.1/thumb/v7e-m/nofp\libgcc.a(_udivmoddi4.o)
                0x0001cf98                __udivmoddi4
 .text          0x0001d268        0x4 c:/gcc-arm-none-eabi-10.3-2021.10/bin/../lib/gcc/arm-none-eabi/10.3.1/thumb/v7e-m/nofp\libgcc.a(_dvmd_tls.o)
                0x0001d268                __aeabi_idiv0
                0x0001d268                __aeabi_ldiv0
 .text._close   0x0001d26c       0x10 c:/gcc-arm-none-eabi-10.3-2021.10/bin/../lib/gcc/arm-none-eabi/10.3.1/../../../../arm-none-eabi/lib/thumb/v7e-m/nofp\libnosys.a(close.o)
                0x0001d26c                _close
 .text._fstat   0x0001d27c       0x10 c:/gcc-arm-none-eabi-10.3-2021.10/bin/../lib/gcc/arm-none-eabi/10.3.1/../../../../arm-none-eabi/lib/thumb/v7e-m/nofp\libnosys.a(fstat.o)
                0x0001d27c                _fstat
 .text._getpid  0x0001d28c       0x10 c:/gcc-arm-none-eabi-10.3-2021.10/bin/../lib/gcc/arm-none-eabi/10.3.1/../../../../arm-none-eabi/lib/thumb/v7e-m/nofp\libnosys.a(getpid.o)
                0x0001d28c                _getpid
 .text._isatty  0x0001d29c       0x10 c:/gcc-arm-none-eabi-10.3-2021.10/bin/../lib/gcc/arm-none-eabi/10.3.1/../../../../arm-none-eabi/lib/thumb/v7e-m/nofp\libnosys.a(isatty.o)
                0x0001d29c                _isatty
 .text._kill    0x0001d2ac       0x10 c:/gcc-arm-none-eabi-10.3-2021.10/bin/../lib/gcc/arm-none-eabi/10.3.1/../../../../arm-none-eabi/lib/thumb/v7e-m/nofp\libnosys.a(kill.o)
                0x0001d2ac                _kill
 .text._lseek   0x0001d2bc       0x10 c:/gcc-arm-none-eabi-10.3-2021.10/bin/../lib/gcc/arm-none-eabi/10.3.1/../../../../arm-none-eabi/lib/thumb/v7e-m/nofp\libnosys.a(lseek.o)
                0x0001d2bc                _lseek
 .text._read    0x0001d2cc       0x10 c:/gcc-arm-none-eabi-10.3-2021.10/bin/../lib/gcc/arm-none-eabi/10.3.1/../../../../arm-none-eabi/lib/thumb/v7e-m/nofp\libnosys.a(read.o)
                0x0001d2cc                _read
 .text._sbrk    0x0001d2dc       0x1c c:/gcc-arm-none-eabi-10.3-2021.10/bin/../lib/gcc/arm-none-eabi/10.3.1/../../../../arm-none-eabi/lib/thumb/v7e-m/nofp\libnosys.a(sbrk.o)
                0x0001d2dc                _sbrk
 .text._write   0x0001d2f8       0x10 c:/gcc-arm-none-eabi-10.3-2021.10/bin/../lib/gcc/arm-none-eabi/10.3.1/../../../../arm-none-eabi/lib/thumb/v7e-m/nofp\libnosys.a(write.o)
                0x0001d2f8                _write
 .text._exit    0x0001d308        0x4 c:/gcc-arm-none-eabi-10.3-2021.10/bin/../lib/gcc/arm-none-eabi/10.3.1/../../../../arm-none-eabi/lib/thumb/v7e-m/nofp\libnosys.a(_exit.o)
                0x0001d308                _exit
 *(.rodata .rodata.* .constdata .constdata.*)
 *fill*         0x0001d30c        0x4 
 .rodata._ZL12WHEEL_ANGLES
                0x0001d310       0x18 ../main.o
 .rodata        0x0001d328       0x99 ../main.o
 *fill*         0x0001d3c1        0x3 
 .rodata.K60_SDHC0_init
                0x0001d3c4        0xc Drivers/SDHC.o
                0x0001d3c4                K60_SDHC0_init
 .rodata._ZL21ESDHC_COMMAND_XFERTYP
                0x0001d3d0      0x100 Drivers/SDHC.o
 .rodata._ZL9GPIOPorts
                0x0001d4d0       0x20 Libraries/FEHIO.o
 .rodata._ZL10ADCNumbers
                0x0001d4f0       0x21 Libraries/FEHIO.o
 *fill*         0x0001d511        0x3 
 .rodata._ZL14GPIOPinNumbers
                0x0001d514       0x80 Libraries/FEHIO.o
 .rodata._ZL16AnalogPinNumbers
                0x0001d594       0x84 Libraries/FEHIO.o
 .rodata        0x0001d618       0x78 Libraries/FEHIO.o
 .rodata        0x0001d690       0x32 Libraries/FEHLCD.o
 *fill*         0x0001d6c2        0x2 
 .rodata        0x0001d6c4      0x2ec Libraries/FEHRPS.o
 .rodata.CSWTCH.8
                0x0001d9b0       0x18 c:/gcc-arm-none-eabi-10.3-2021.10/bin/../lib/gcc/arm-none-eabi/10.3.1/../../../../arm-none-eabi/lib/thumb/v7e-m/nofp\libm.a(lib_a-e_atan2.o)
 .rodata.CSWTCH.9
                0x0001d9c8       0x18 c:/gcc-arm-none-eabi-10.3-2021.10/bin/../lib/gcc/arm-none-eabi/10.3.1/../../../../arm-none-eabi/lib/thumb/v7e-m/nofp\libm.a(lib_a-e_atan2.o)
 .rodata.npio2_hw
                0x0001d9e0       0x80 c:/gcc-arm-none-eabi-10.3-2021.10/bin/../lib/gcc/arm-none-eabi/10.3.1/../../../../arm-none-eabi/lib/thumb/v7e-m/nofp\libm.a(lib_a-e_rem_pio2.o)
 .rodata.two_over_pi
                0x0001da60      0x108 c:/gcc-arm-none-eabi-10.3-2021.10/bin/../lib/gcc/arm-none-eabi/10.3.1/../../../../arm-none-eabi/lib/thumb/v7e-m/nofp\libm.a(lib_a-e_rem_pio2.o)
 .rodata.PIo2   0x0001db68       0x40 c:/gcc-arm-none-eabi-10.3-2021.10/bin/../lib/gcc/arm-none-eabi/10.3.1/../../../../arm-none-eabi/lib/thumb/v7e-m/nofp\libm.a(lib_a-k_rem_pio2.o)
 .rodata.init_jk
                0x0001dba8       0x10 c:/gcc-arm-none-eabi-10.3-2021.10/bin/../lib/gcc/arm-none-eabi/10.3.1/../../../../arm-none-eabi/lib/thumb/v7e-m/nofp\libm.a(lib_a-k_rem_pio2.o)
 .rodata.atanhi
                0x0001dbb8       0x20 c:/gcc-arm-none-eabi-10.3-2021.10/bin/../lib/gcc/arm-none-eabi/10.3.1/../../../../arm-none-eabi/lib/thumb/v7e-m/nofp\libm.a(lib_a-s_atan.o)
 .rodata.atanlo
                0x0001dbd8       0x20 c:/gcc-arm-none-eabi-10.3-2021.10/bin/../lib/gcc/arm-none-eabi/10.3.1/../../../../arm-none-eabi/lib/thumb/v7e-m/nofp\libm.a(lib_a-s_atan.o)
 .rodata._global_impure_ptr
                0x0001dbf8        0x4 c:/gcc-arm-none-eabi-10.3-2021.10/bin/../lib/gcc/arm-none-eabi/10.3.1/../../../../arm-none-eabi/lib/thumb/v7e-m/nofp\libg.a(lib_a-impure.o)
                0x0001dbf8                _global_impure_ptr
 .rodata._svfprintf_r.str1.4
                0x0001dbfc       0x42 c:/gcc-arm-none-eabi-10.3-2021.10/bin/../lib/gcc/arm-none-eabi/10.3.1/../../../../arm-none-eabi/lib/thumb/v7e-m/nofp\libg.a(lib_a-svfprintf.o)
 *fill*         0x0001dc3e        0x2 
 .rodata.blanks.1
                0x0001dc40       0x10 c:/gcc-arm-none-eabi-10.3-2021.10/bin/../lib/gcc/arm-none-eabi/10.3.1/../../../../arm-none-eabi/lib/thumb/v7e-m/nofp\libg.a(lib_a-svfprintf.o)
 .rodata.zeroes.0
                0x0001dc50       0x10 c:/gcc-arm-none-eabi-10.3-2021.10/bin/../lib/gcc/arm-none-eabi/10.3.1/../../../../arm-none-eabi/lib/thumb/v7e-m/nofp\libg.a(lib_a-svfprintf.o)
 .rodata._dtoa_r.str1.4
                0x0001dc60       0xa2 c:/gcc-arm-none-eabi-10.3-2021.10/bin/../lib/gcc/arm-none-eabi/10.3.1/../../../../arm-none-eabi/lib/thumb/v7e-m/nofp\libg.a(lib_a-dtoa.o)
                                 0xa6 (size before relaxing)
 *fill*         0x0001dd02        0x2 
 .rodata.__multadd.str1.4
                0x0001dd04       0x7f c:/gcc-arm-none-eabi-10.3-2021.10/bin/../lib/gcc/arm-none-eabi/10.3.1/../../../../arm-none-eabi/lib/thumb/v7e-m/nofp\libg.a(lib_a-mprec.o)
                                 0x93 (size before relaxing)
 *fill*         0x0001dd83        0x5 
 .rodata.__mprec_bigtens
                0x0001dd88       0x28 c:/gcc-arm-none-eabi-10.3-2021.10/bin/../lib/gcc/arm-none-eabi/10.3.1/../../../../arm-none-eabi/lib/thumb/v7e-m/nofp\libg.a(lib_a-mprec.o)
                0x0001dd88                __mprec_bigtens
 .rodata.__mprec_tens
                0x0001ddb0       0xc8 c:/gcc-arm-none-eabi-10.3-2021.10/bin/../lib/gcc/arm-none-eabi/10.3.1/../../../../arm-none-eabi/lib/thumb/v7e-m/nofp\libg.a(lib_a-mprec.o)
                0x0001ddb0                __mprec_tens
 .rodata.p05.0  0x0001de78        0xc c:/gcc-arm-none-eabi-10.3-2021.10/bin/../lib/gcc/arm-none-eabi/10.3.1/../../../../arm-none-eabi/lib/thumb/v7e-m/nofp\libg.a(lib_a-mprec.o)
 .rodata.__assert_func.str1.4
                0x0001de84       0x3f c:/gcc-arm-none-eabi-10.3-2021.10/bin/../lib/gcc/arm-none-eabi/10.3.1/../../../../arm-none-eabi/lib/thumb/v7e-m/nofp\libg.a(lib_a-assert.o)
                                 0x43 (size before relaxing)
 *fill*         0x0001dec3        0x1 
 .rodata._ctype_
                0x0001dec4      0x101 c:/gcc-arm-none-eabi-10.3-2021.10/bin/../lib/gcc/arm-none-eabi/10.3.1/../../../../arm-none-eabi/lib/thumb/v7e-m/nofp\libg.a(lib_a-ctype_.o)
                0x0001dec4                _ctype_
 *fill*         0x0001dfc5        0x3 
 .rodata._setlocale_r.str1.4
                0x0001dfc8        0xa c:/gcc-arm-none-eabi-10.3-2021.10/bin/../lib/gcc/arm-none-eabi/10.3.1/../../../../arm-none-eabi/lib/thumb/v7e-m/nofp\libg.a(lib_a-locale.o)
                                  0xd (size before relaxing)
 *fill*         0x0001dfd2        0x2 
 .rodata.str1.4
                0x0001dfd4        0x2 c:/gcc-arm-none-eabi-10.3-2021.10/bin/../lib/gcc/arm-none-eabi/10.3.1/../../../../arm-none-eabi/lib/thumb/v7e-m/nofp\libg.a(lib_a-locale.o)
 .rodata._vfiprintf_r.str1.4
                0x0001dfd6       0x2f c:/gcc-arm-none-eabi-10.3-2021.10/bin/../lib/gcc/arm-none-eabi/10.3.1/../../../../arm-none-eabi/lib/thumb/v7e-m/nofp\libg.a(lib_a-vfiprintf.o)
 *fill*         0x0001dfd6        0x2 
 .rodata.blanks.1
                0x0001dfd8       0x10 c:/gcc-arm-none-eabi-10.3-2021.10/bin/../lib/gcc/arm-none-eabi/10.3.1/../../../../arm-none-eabi/lib/thumb/v7e-m/nofp\libg.a(lib_a-vfiprintf.o)
 .rodata.zeroes.0
                0x0001dfe8       0x10 c:/gcc-arm-none-eabi-10.3-2021.10/bin/../lib/gcc/arm-none-eabi/10.3.1/../../../../arm-none-eabi/lib/thumb/v7e-m/nofp\libg.a(lib_a-vfiprintf.o)
                0x0001dff8                . = ALIGN (0x4)
                0x0001dff8                . = ALIGN (0x4)
 *(.init)
 .init          0x0001dff8        0x4 c:/gcc-arm-none-eabi-10.3-2021.10/bin/../lib/gcc/arm-none-eabi/10.3.1/thumb/v7e-m/nofp/crti.o
                0x0001dff8                _init
 .init          0x0001dffc        0x8 c:/gcc-arm-none-eabi-10.3-2021.10/bin/../lib/gcc/arm-none-eabi/10.3.1/thumb/v7e-m/nofp/crtn.o
                0x0001e004                . = ALIGN (0x4)
                0x0001e004                __preinit_array_start = .
 *(.preinit_array)
                0x0001e004                __preinit_array_end = .
                0x0001e004                . = ALIGN (0x4)